2026-05-07T06:23:56.1786209Z Current runner version: '2.334.0'
2026-05-07T06:23:56.1810204Z ##[group]Runner Image Provisioner
2026-05-07T06:23:56.1811089Z Hosted Compute Agent
2026-05-07T06:23:56.1811630Z Version: 20260213.493
2026-05-07T06:23:56.1812231Z Commit: 5c115507f6dd24b8de37d8bbe0bb4509d0cc0fa3
2026-05-07T06:23:56.1812995Z Build Date: 2026-02-13T00:28:41Z
2026-05-07T06:23:56.1813597Z Worker ID: {904152c0-6cee-4824-a263-21c9b6bfbfff}
2026-05-07T06:23:56.1814251Z Azure Region: westus
2026-05-07T06:23:56.1815050Z ##[endgroup]
2026-05-07T06:23:56.1816503Z ##[group]Operating System
2026-05-07T06:23:56.1817131Z Ubuntu
2026-05-07T06:23:56.1817629Z 24.04.4
2026-05-07T06:23:56.1818095Z LTS
2026-05-07T06:23:56.1818505Z ##[endgroup]
2026-05-07T06:23:56.1819019Z ##[group]Runner Image
2026-05-07T06:23:56.1819541Z Image: ubuntu-24.04
2026-05-07T06:23:56.1820071Z Version: 20260413.86.1
2026-05-07T06:23:56.1821235Z Included Software: https://github.com/actions/runner-images/blob/ubuntu24/20260413.86/images/ubuntu/Ubuntu2404-Readme.md
2026-05-07T06:23:56.1822644Z Image Release: https://github.com/actions/runner-images/releases/tag/ubuntu24%2F20260413.86
2026-05-07T06:23:56.1823560Z ##[endgroup]
2026-05-07T06:23:56.1824863Z ##[group]GITHUB_TOKEN Permissions
2026-05-07T06:23:56.1826637Z Contents: read
2026-05-07T06:23:56.1827250Z Metadata: read
2026-05-07T06:23:56.1827752Z Packages: read
2026-05-07T06:23:56.1828225Z ##[endgroup]
2026-05-07T06:23:56.1830369Z Secret source: Actions
2026-05-07T06:23:56.1831154Z Prepare workflow directory
2026-05-07T06:23:56.2168109Z Prepare all required actions
2026-05-07T06:23:56.2207737Z Getting action download info
2026-05-07T06:23:56.7287813Z Download action repository 'actions/checkout@v4' (SHA:34e114876b0b11c390a56381ad16ebd13914f8d5)
2026-05-07T06:23:56.8516306Z Download action repository 'actions/setup-java@v4' (SHA:c1e323688fd81a25caa38c78aa6df2d33d3e20d9)
2026-05-07T06:23:57.3779857Z Download action repository 'actions/upload-artifact@v4' (SHA:ea165f8d65b6e75b540449e92b4886f43607fa02)
2026-05-07T06:23:57.5913771Z Complete job name: build
2026-05-07T06:23:57.6628783Z ##[group]Run actions/checkout@v4
2026-05-07T06:23:57.6629608Z with:
2026-05-07T06:23:57.6630073Z   repository: ThapaswiASC/SCIB-INCEPTION-PHASE-DEMO
2026-05-07T06:23:57.6630800Z   token: ***
2026-05-07T06:23:57.6631165Z   ssh-strict: true
2026-05-07T06:23:57.6631543Z   ssh-user: git
2026-05-07T06:23:57.6631930Z   persist-credentials: true
2026-05-07T06:23:57.6632366Z   clean: true
2026-05-07T06:23:57.6632757Z   sparse-checkout-cone-mode: true
2026-05-07T06:23:57.6633219Z   fetch-depth: 1
2026-05-07T06:23:57.6633582Z   fetch-tags: false
2026-05-07T06:23:57.6633968Z   show-progress: true
2026-05-07T06:23:57.6634670Z   lfs: false
2026-05-07T06:23:57.6635042Z   submodules: false
2026-05-07T06:23:57.6635422Z   set-safe-directory: true
2026-05-07T06:23:57.6636127Z ##[endgroup]
2026-05-07T06:23:57.7769891Z Syncing repository: ThapaswiASC/SCIB-INCEPTION-PHASE-DEMO
2026-05-07T06:23:57.7771685Z ##[group]Getting Git version info
2026-05-07T06:23:57.7772625Z Working directory is '/home/runner/work/SCIB-INCEPTION-PHASE-DEMO/SCIB-INCEPTION-PHASE-DEMO'
2026-05-07T06:23:57.7773747Z [command]/usr/bin/git version
2026-05-07T06:23:57.7809909Z git version 2.53.0
2026-05-07T06:23:57.7837371Z ##[endgroup]
2026-05-07T06:23:57.7853974Z Temporarily overriding HOME='/home/runner/work/_temp/f0f4af26-a42d-44b5-93b4-399677d7c4ef' before making global git config changes
2026-05-07T06:23:57.7856628Z Adding repository directory to the temporary git global config as a safe directory
2026-05-07T06:23:57.7869638Z [command]/usr/bin/git config --global --add safe.directory /home/runner/work/SCIB-INCEPTION-PHASE-DEMO/SCIB-INCEPTION-PHASE-DEMO
2026-05-07T06:23:57.7902766Z Deleting the contents of '/home/runner/work/SCIB-INCEPTION-PHASE-DEMO/SCIB-INCEPTION-PHASE-DEMO'
2026-05-07T06:23:57.7906756Z ##[group]Initializing the repository
2026-05-07T06:23:57.7912056Z [command]/usr/bin/git init /home/runner/work/SCIB-INCEPTION-PHASE-DEMO/SCIB-INCEPTION-PHASE-DEMO
2026-05-07T06:23:57.7999111Z hint: Using 'master' as the name for the initial branch. This default branch name
2026-05-07T06:23:57.8001044Z hint: will change to "main" in Git 3.0. To configure the initial branch name
2026-05-07T06:23:57.8002020Z hint: to use in all of your new repositories, which will suppress this warning,
2026-05-07T06:23:57.8002735Z hint: call:
2026-05-07T06:23:57.8003091Z hint:
2026-05-07T06:23:57.8003537Z hint: 	git config --global init.defaultBranch <name>
2026-05-07T06:23:57.8004085Z hint:
2026-05-07T06:23:57.8004960Z hint: Names commonly chosen instead of 'master' are 'main', 'trunk' and
2026-05-07T06:23:57.8006345Z hint: 'development'. The just-created branch can be renamed via this command:
2026-05-07T06:23:57.8007028Z hint:
2026-05-07T06:23:57.8007382Z hint: 	git branch -m <name>
2026-05-07T06:23:57.8007791Z hint:
2026-05-07T06:23:57.8008332Z hint: Disable this message with "git config set advice.defaultBranchName false"
2026-05-07T06:23:57.8009651Z Initialized empty Git repository in /home/runner/work/SCIB-INCEPTION-PHASE-DEMO/SCIB-INCEPTION-PHASE-DEMO/.git/
2026-05-07T06:23:57.8011898Z [command]/usr/bin/git remote add origin https://github.com/ThapaswiASC/SCIB-INCEPTION-PHASE-DEMO
2026-05-07T06:23:57.8040375Z ##[endgroup]
2026-05-07T06:23:57.8041123Z ##[group]Disabling automatic garbage collection
2026-05-07T06:23:57.8044234Z [command]/usr/bin/git config --local gc.auto 0
2026-05-07T06:23:57.8071761Z ##[endgroup]
2026-05-07T06:23:57.8072432Z ##[group]Setting up auth
2026-05-07T06:23:57.8078733Z [command]/usr/bin/git config --local --name-only --get-regexp core\.sshCommand
2026-05-07T06:23:57.8107379Z [command]/usr/bin/git submodule foreach --recursive sh -c "git config --local --name-only --get-regexp 'core\.sshCommand' && git config --local --unset-all 'core.sshCommand' || :"
2026-05-07T06:23:57.8379898Z [command]/usr/bin/git config --local --name-only --get-regexp http\.https\:\/\/github\.com\/\.extraheader
2026-05-07T06:23:57.8408348Z [command]/usr/bin/git submodule foreach --recursive sh -c "git config --local --name-only --get-regexp 'http\.https\:\/\/github\.com\/\.extraheader' && git config --local --unset-all 'http.https://github.com/.extraheader' || :"
2026-05-07T06:23:57.8619583Z [command]/usr/bin/git config --local --name-only --get-regexp ^includeIf\.gitdir:
2026-05-07T06:23:57.8648614Z [command]/usr/bin/git submodule foreach --recursive git config --local --show-origin --name-only --get-regexp remote.origin.url
2026-05-07T06:23:57.8877374Z [command]/usr/bin/git config --local http.https://github.com/.extraheader AUTHORIZATION: basic ***
2026-05-07T06:23:57.8911112Z ##[endgroup]
2026-05-07T06:23:57.8912009Z ##[group]Fetching the repository
2026-05-07T06:23:57.8919747Z [command]/usr/bin/git -c protocol.version=2 fetch --no-tags --prune --no-recurse-submodules --depth=1 origin +b7691a3fdf800f89bfcbc3243febffa0105e707d:refs/remotes/origin/feature/DEMO-759
2026-05-07T06:23:58.6672139Z From https://github.com/ThapaswiASC/SCIB-INCEPTION-PHASE-DEMO
2026-05-07T06:23:58.6674252Z  * [new ref]         b7691a3fdf800f89bfcbc3243febffa0105e707d -> origin/feature/DEMO-759
2026-05-07T06:23:58.6700825Z ##[endgroup]
2026-05-07T06:23:58.6701575Z ##[group]Determining the checkout info
2026-05-07T06:23:58.6702972Z ##[endgroup]
2026-05-07T06:23:58.6708599Z [command]/usr/bin/git sparse-checkout disable
2026-05-07T06:23:58.6742885Z [command]/usr/bin/git config --local --unset-all extensions.worktreeConfig
2026-05-07T06:23:58.6767967Z ##[group]Checking out the ref
2026-05-07T06:23:58.6771437Z [command]/usr/bin/git checkout --progress --force -B feature/DEMO-759 refs/remotes/origin/feature/DEMO-759
2026-05-07T06:23:58.6915476Z Switched to a new branch 'feature/DEMO-759'
2026-05-07T06:23:58.6918667Z branch 'feature/DEMO-759' set up to track 'origin/feature/DEMO-759'.
2026-05-07T06:23:58.6925916Z ##[endgroup]
2026-05-07T06:23:58.6958883Z [command]/usr/bin/git log -1 --format=%H
2026-05-07T06:23:58.6980029Z b7691a3fdf800f89bfcbc3243febffa0105e707d
2026-05-07T06:23:58.7256562Z ##[group]Run actions/setup-java@v4
2026-05-07T06:23:58.7257142Z with:
2026-05-07T06:23:58.7257734Z   java-version: 21
2026-05-07T06:23:58.7258156Z   distribution: temurin
2026-05-07T06:23:58.7258591Z   cache: maven
2026-05-07T06:23:58.7258994Z   java-package: jdk
2026-05-07T06:23:58.7259414Z   check-latest: false
2026-05-07T06:23:58.7259829Z   server-id: github
2026-05-07T06:23:58.7260250Z   server-username: GITHUB_ACTOR
2026-05-07T06:23:58.7260745Z   server-password: GITHUB_TOKEN
2026-05-07T06:23:58.7261228Z   overwrite-settings: true
2026-05-07T06:23:58.7261691Z   job-status: success
2026-05-07T06:23:58.7262259Z   token: ***
2026-05-07T06:23:58.7262657Z ##[endgroup]
2026-05-07T06:23:58.9302585Z ##[group]Installed distributions
2026-05-07T06:23:58.9362705Z Resolved Java 21.0.10+7 from tool-cache
2026-05-07T06:23:58.9363808Z Setting Java 21.0.10+7 as the default
2026-05-07T06:23:58.9378647Z Creating toolchains.xml for JDK version 21 from temurin
2026-05-07T06:23:58.9458964Z Writing to /home/runner/.m2/toolchains.xml
2026-05-07T06:23:58.9459888Z 
2026-05-07T06:23:58.9460182Z Java configuration:
2026-05-07T06:23:58.9460947Z   Distribution: temurin
2026-05-07T06:23:58.9461553Z   Version: 21.0.10+7
2026-05-07T06:23:58.9462926Z   Path: /opt/hostedtoolcache/Java_Temurin-Hotspot_jdk/21.0.10-7/x64
2026-05-07T06:23:58.9464101Z 
2026-05-07T06:23:58.9465410Z ##[endgroup]
2026-05-07T06:23:58.9479634Z Creating settings.xml with server-id: github
2026-05-07T06:23:58.9485551Z Writing to /home/runner/.m2/settings.xml
2026-05-07T06:23:59.2859580Z maven cache is not found
2026-05-07T06:23:59.3077680Z ##[group]Run mvn clean verify -DskipTests --no-transfer-progress
2026-05-07T06:23:59.3079641Z [36;1mmvn clean verify -DskipTests --no-transfer-progress[0m
2026-05-07T06:23:59.3108478Z shell: /usr/bin/bash -e {0}
2026-05-07T06:23:59.3109491Z env:
2026-05-07T06:23:59.3110710Z   JAVA_HOME: /opt/hostedtoolcache/Java_Temurin-Hotspot_jdk/21.0.10-7/x64
2026-05-07T06:23:59.3112817Z   JAVA_HOME_21_X64: /opt/hostedtoolcache/Java_Temurin-Hotspot_jdk/21.0.10-7/x64
2026-05-07T06:23:59.3114808Z ##[endgroup]
2026-05-07T06:24:03.0160378Z [INFO] Scanning for projects...
2026-05-07T06:24:05.5195150Z [INFO] 
2026-05-07T06:24:05.5196147Z [INFO] ----------------------< com.myproject:myproject >-----------------------
2026-05-07T06:24:05.5196885Z [INFO] Building myproject 1.0.0
2026-05-07T06:24:05.5197415Z [INFO]   from pom.xml
2026-05-07T06:24:05.5199209Z [INFO] --------------------------------[ jar ]---------------------------------
2026-05-07T06:24:09.7912187Z [INFO] 
2026-05-07T06:24:09.7913352Z [INFO] --- clean:3.4.1:clean (default-clean) @ myproject ---
2026-05-07T06:24:09.9182686Z [INFO] 
2026-05-07T06:24:09.9183588Z [INFO] --- jacoco:0.8.11:prepare-agent (default) @ myproject ---
2026-05-07T06:24:10.7190301Z [INFO] argLine set to -javaagent:/home/runner/.m2/repository/org/jacoco/org.jacoco.agent/0.8.11/org.jacoco.agent-0.8.11-runtime.jar=destfile=/home/runner/work/SCIB-INCEPTION-PHASE-DEMO/SCIB-INCEPTION-PHASE-DEMO/code/target/jacoco.exec
2026-05-07T06:24:10.7192737Z [INFO] 
2026-05-07T06:24:10.7194031Z [INFO] --- resources:3.3.1:resources (default-resources) @ myproject ---
2026-05-07T06:24:11.0372501Z [INFO] Copying 1 resource from src/main/resources to target/classes
2026-05-07T06:24:11.0566660Z [INFO] Copying 0 resource from src/main/resources to target/classes
2026-05-07T06:24:11.0595415Z [INFO] 
2026-05-07T06:24:11.0611741Z [INFO] --- compiler:3.14.1:compile (default-compile) @ myproject ---
2026-05-07T06:24:11.7416324Z [INFO] Recompiling the module because of changed source code.
2026-05-07T06:24:11.7493860Z [INFO] Compiling 56 source files with javac [debug parameters release 21] to target/classes
2026-05-07T06:24:14.6186432Z [INFO] Annotation processing is enabled because one or more processors were found
2026-05-07T06:24:14.6191744Z   on the class path. A future release of javac may disable annotation processing
2026-05-07T06:24:14.6192820Z   unless at least one processor is specified by name (-processor), or a search
2026-05-07T06:24:14.6194137Z   path is specified (--processor-path, --processor-module-path), or annotation
2026-05-07T06:24:14.6196256Z   processing is enabled explicitly (-proc:only, -proc:full).
2026-05-07T06:24:14.6197184Z   Use -Xlint:-options to suppress this message.
2026-05-07T06:24:14.6197975Z   Use -proc:none to disable annotation processing.
2026-05-07T06:24:14.6198779Z [INFO] -------------------------------------------------------------
2026-05-07T06:24:14.6199597Z [ERROR] COMPILATION ERROR : 
2026-05-07T06:24:14.6200370Z [INFO] -------------------------------------------------------------
2026-05-07T06:24:14.6202986Z [ERROR] /home/runner/work/SCIB-INCEPTION-PHASE-DEMO/SCIB-INCEPTION-PHASE-DEMO/code/src/main/java/com/myproject/controllers/TaskManagementController.java:[50,49] method getUserTasks in interface com.myproject.services.interfaces.TaskService cannot be applied to given types;
2026-05-07T06:24:14.6205623Z   required: java.lang.Long,int,int
2026-05-07T06:24:14.6206551Z   found:    java.lang.Long,org.springframework.data.domain.Pageable
2026-05-07T06:24:14.6207556Z   reason: actual and formal argument lists differ in length
2026-05-07T06:24:14.6208357Z [INFO] 1 error
2026-05-07T06:24:14.6210205Z [INFO] -------------------------------------------------------------
2026-05-07T06:24:14.6211252Z [INFO] ------------------------------------------------------------------------
2026-05-07T06:24:14.6212047Z [INFO] BUILD FAILURE
2026-05-07T06:24:14.6212753Z [INFO] ------------------------------------------------------------------------
2026-05-07T06:24:14.6219031Z [INFO] Total time:  11.645 s
2026-05-07T06:24:14.6219743Z [INFO] Finished at: 2026-05-07T06:24:14Z
2026-05-07T06:24:14.6220553Z [INFO] ------------------------------------------------------------------------
2026-05-07T06:24:14.6222086Z [ERROR] Failed to execute goal org.apache.maven.plugins:maven-compiler-plugin:3.14.1:compile (default-compile) on project myproject: Compilation failure
2026-05-07T06:24:14.6225305Z [ERROR] /home/runner/work/SCIB-INCEPTION-PHASE-DEMO/SCIB-INCEPTION-PHASE-DEMO/code/src/main/java/com/myproject/controllers/TaskManagementController.java:[50,49] method getUserTasks in interface com.myproject.services.interfaces.TaskService cannot be applied to given types;
2026-05-07T06:24:14.6237083Z [ERROR]   required: java.lang.Long,int,int
2026-05-07T06:24:14.6238053Z [ERROR]   found:    java.lang.Long,org.springframework.data.domain.Pageable
2026-05-07T06:24:14.6239104Z [ERROR]   reason: actual and formal argument lists differ in length
2026-05-07T06:24:14.6239873Z [ERROR] 
2026-05-07T06:24:14.6240407Z [ERROR] -> [Help 1]
2026-05-07T06:24:14.6240936Z [ERROR] 
2026-05-07T06:24:14.6241662Z [ERROR] To see the full stack trace of the errors, re-run Maven with the -e switch.
2026-05-07T06:24:14.6242718Z [ERROR] Re-run Maven using the -X switch to enable full debug logging.
2026-05-07T06:24:14.6243504Z [ERROR] 
2026-05-07T06:24:14.6244628Z [ERROR] For more information about the errors and possible solutions, please read the following articles:
2026-05-07T06:24:14.6246010Z [ERROR] [Help 1] http://cwiki.apache.org/confluence/display/MAVEN/MojoFailureException
2026-05-07T06:24:14.6528044Z ##[error]Process completed with exit code 1.
2026-05-07T06:24:14.6616811Z ##[group]Run actions/upload-artifact@v4
2026-05-07T06:24:14.6617095Z with:
2026-05-07T06:24:14.6617269Z   name: test-results
2026-05-07T06:24:14.6617479Z   path: code/target/surefire-reports/
2026-05-07T06:24:14.6617730Z   retention-days: 30
2026-05-07T06:24:14.6617920Z   if-no-files-found: ignore
2026-05-07T06:24:14.6618134Z   compression-level: 6
2026-05-07T06:24:14.6618329Z   overwrite: false
2026-05-07T06:24:14.6618517Z   include-hidden-files: false
2026-05-07T06:24:14.6618726Z env:
2026-05-07T06:24:14.6618994Z   JAVA_HOME: /opt/hostedtoolcache/Java_Temurin-Hotspot_jdk/21.0.10-7/x64
2026-05-07T06:24:14.6619460Z   JAVA_HOME_21_X64: /opt/hostedtoolcache/Java_Temurin-Hotspot_jdk/21.0.10-7/x64
2026-05-07T06:24:14.6619806Z ##[endgroup]
2026-05-07T06:24:14.8763402Z No files were found with the provided path: code/target/surefire-reports/. No artifacts will be uploaded.
2026-05-07T06:24:14.8873169Z ##[group]Run echo "## Build Summary" >> $GITHUB_STEP_SUMMARY
2026-05-07T06:24:14.8873596Z [36;1mecho "## Build Summary" >> $GITHUB_STEP_SUMMARY[0m
2026-05-07T06:24:14.8873992Z [36;1mecho "- **Repository**: $GITHUB_REPOSITORY" >> $GITHUB_STEP_SUMMARY[0m
2026-05-07T06:24:14.8874710Z [36;1mecho "- **Branch**: $GITHUB_REF_NAME" >> $GITHUB_STEP_SUMMARY[0m
2026-05-07T06:24:14.8875106Z [36;1mecho "- **Source Folder**: code" >> $GITHUB_STEP_SUMMARY[0m
2026-05-07T06:24:14.8875492Z [36;1mecho "- **Build Status**: completed" >> $GITHUB_STEP_SUMMARY[0m
2026-05-07T06:24:14.8897889Z shell: /usr/bin/bash -e {0}
2026-05-07T06:24:14.8898134Z env:
2026-05-07T06:24:14.8898421Z   JAVA_HOME: /opt/hostedtoolcache/Java_Temurin-Hotspot_jdk/21.0.10-7/x64
2026-05-07T06:24:14.8898897Z   JAVA_HOME_21_X64: /opt/hostedtoolcache/Java_Temurin-Hotspot_jdk/21.0.10-7/x64
2026-05-07T06:24:14.8899244Z ##[endgroup]
2026-05-07T06:24:14.9043242Z Post job cleanup.
2026-05-07T06:24:15.0853933Z Post job cleanup.
2026-05-07T06:24:15.1809390Z [command]/usr/bin/git version
2026-05-07T06:24:15.1846887Z git version 2.53.0
2026-05-07T06:24:15.1890673Z Temporarily overriding HOME='/home/runner/work/_temp/e526fba7-07c7-4191-9d9b-ec0f84dcef1c' before making global git config changes
2026-05-07T06:24:15.1892022Z Adding repository directory to the temporary git global config as a safe directory
2026-05-07T06:24:15.1903732Z [command]/usr/bin/git config --global --add safe.directory /home/runner/work/SCIB-INCEPTION-PHASE-DEMO/SCIB-INCEPTION-PHASE-DEMO
2026-05-07T06:24:15.1937764Z [command]/usr/bin/git config --local --name-only --get-regexp core\.sshCommand
2026-05-07T06:24:15.1969637Z [command]/usr/bin/git submodule foreach --recursive sh -c "git config --local --name-only --get-regexp 'core\.sshCommand' && git config --local --unset-all 'core.sshCommand' || :"
2026-05-07T06:24:15.2190483Z [command]/usr/bin/git config --local --name-only --get-regexp http\.https\:\/\/github\.com\/\.extraheader
2026-05-07T06:24:15.2211436Z http.https://github.com/.extraheader
2026-05-07T06:24:15.2223483Z [command]/usr/bin/git config --local --unset-all http.https://github.com/.extraheader
2026-05-07T06:24:15.2252605Z [command]/usr/bin/git submodule foreach --recursive sh -c "git config --local --name-only --get-regexp 'http\.https\:\/\/github\.com\/\.extraheader' && git config --local --unset-all 'http.https://github.com/.extraheader' || :"
2026-05-07T06:24:15.2470770Z [command]/usr/bin/git config --local --name-only --get-regexp ^includeIf\.gitdir:
2026-05-07T06:24:15.2501329Z [command]/usr/bin/git submodule foreach --recursive git config --local --show-origin --name-only --get-regexp remote.origin.url
2026-05-07T06:24:15.2828290Z Cleaning up orphan processes
2026-05-07T06:24:15.3167869Z ##[warning]Node.js 20 actions are deprecated. The following actions are running on Node.js 20 and may not work as expected: actions/checkout@v4, actions/setup-java@v4, actions/upload-artifact@v4. Actions will be forced to run with Node.js 24 by default starting June 2nd, 2026. Node.js 20 will be removed from the runner on September 16th, 2026. Please check if updated versions of these actions are available that support Node.js 24. To opt into Node.js 24 now, set the FORCE_JAVASCRIPT_ACTIONS_TO_NODE24=true environment variable on the runner or in your workflow file. Once Node.js 24 becomes the default, you can temporarily opt out by setting ACTIONS_ALLOW_USE_UNSECURE_NODE_VERSION=true. For more information see: https://github.blog/changelog/2025-09-19-deprecation-of-node-20-on-github-actions-runners/
