2026-05-05T10:12:55.9097617Z Current runner version: '2.334.0'
2026-05-05T10:12:55.9122458Z ##[group]Runner Image Provisioner
2026-05-05T10:12:55.9123227Z Hosted Compute Agent
2026-05-05T10:12:55.9123744Z Version: 20260213.493
2026-05-05T10:12:55.9124435Z Commit: 5c115507f6dd24b8de37d8bbe0bb4509d0cc0fa3
2026-05-05T10:12:55.9125124Z Build Date: 2026-02-13T00:28:41Z
2026-05-05T10:12:55.9125726Z Worker ID: {a63a369f-34eb-46df-b4a6-7fd790732fb4}
2026-05-05T10:12:55.9126432Z Azure Region: eastus2
2026-05-05T10:12:55.9126947Z ##[endgroup]
2026-05-05T10:12:55.9128830Z ##[group]Operating System
2026-05-05T10:12:55.9129565Z Ubuntu
2026-05-05T10:12:55.9130003Z 24.04.4
2026-05-05T10:12:55.9130449Z LTS
2026-05-05T10:12:55.9130887Z ##[endgroup]
2026-05-05T10:12:55.9131392Z ##[group]Runner Image
2026-05-05T10:12:55.9131898Z Image: ubuntu-24.04
2026-05-05T10:12:55.9132420Z Version: 20260413.86.1
2026-05-05T10:12:55.9133585Z Included Software: https://github.com/actions/runner-images/blob/ubuntu24/20260413.86/images/ubuntu/Ubuntu2404-Readme.md
2026-05-05T10:12:55.9135030Z Image Release: https://github.com/actions/runner-images/releases/tag/ubuntu24%2F20260413.86
2026-05-05T10:12:55.9135873Z ##[endgroup]
2026-05-05T10:12:55.9136946Z ##[group]GITHUB_TOKEN Permissions
2026-05-05T10:12:55.9139582Z Contents: read
2026-05-05T10:12:55.9140099Z Metadata: read
2026-05-05T10:12:55.9140657Z Packages: read
2026-05-05T10:12:55.9141157Z ##[endgroup]
2026-05-05T10:12:55.9143095Z Secret source: Actions
2026-05-05T10:12:55.9143878Z Prepare workflow directory
2026-05-05T10:12:55.9468233Z Prepare all required actions
2026-05-05T10:12:55.9505535Z Getting action download info
2026-05-05T10:12:56.3248598Z Download action repository 'actions/checkout@v4' (SHA:34e114876b0b11c390a56381ad16ebd13914f8d5)
2026-05-05T10:12:56.4579609Z Download action repository 'actions/setup-java@v4' (SHA:c1e323688fd81a25caa38c78aa6df2d33d3e20d9)
2026-05-05T10:12:56.8021357Z Download action repository 'actions/upload-artifact@v4' (SHA:ea165f8d65b6e75b540449e92b4886f43607fa02)
2026-05-05T10:12:57.0585913Z Complete job name: build
2026-05-05T10:12:57.1426842Z ##[group]Run actions/checkout@v4
2026-05-05T10:12:57.1428324Z with:
2026-05-05T10:12:57.1429214Z   repository: ThapaswiASC/SCIB-INCEPTION-PHASE-DEMO
2026-05-05T10:12:57.1430622Z   token: ***
2026-05-05T10:12:57.1431342Z   ssh-strict: true
2026-05-05T10:12:57.1432088Z   ssh-user: git
2026-05-05T10:12:57.1432838Z   persist-credentials: true
2026-05-05T10:12:57.1433681Z   clean: true
2026-05-05T10:12:57.1434440Z   sparse-checkout-cone-mode: true
2026-05-05T10:12:57.1435374Z   fetch-depth: 1
2026-05-05T10:12:57.1436110Z   fetch-tags: false
2026-05-05T10:12:57.1436883Z   show-progress: true
2026-05-05T10:12:57.1437653Z   lfs: false
2026-05-05T10:12:57.1438612Z   submodules: false
2026-05-05T10:12:57.1439390Z   set-safe-directory: true
2026-05-05T10:12:57.1440520Z ##[endgroup]
2026-05-05T10:12:57.2571523Z Syncing repository: ThapaswiASC/SCIB-INCEPTION-PHASE-DEMO
2026-05-05T10:12:57.2574298Z ##[group]Getting Git version info
2026-05-05T10:12:57.2576096Z Working directory is '/home/runner/work/SCIB-INCEPTION-PHASE-DEMO/SCIB-INCEPTION-PHASE-DEMO'
2026-05-05T10:12:57.2578586Z [command]/usr/bin/git version
2026-05-05T10:12:57.2607594Z git version 2.53.0
2026-05-05T10:12:57.2634181Z ##[endgroup]
2026-05-05T10:12:57.2649582Z Temporarily overriding HOME='/home/runner/work/_temp/801e3876-9bdd-48b3-a486-28b26db13323' before making global git config changes
2026-05-05T10:12:57.2653226Z Adding repository directory to the temporary git global config as a safe directory
2026-05-05T10:12:57.2662623Z [command]/usr/bin/git config --global --add safe.directory /home/runner/work/SCIB-INCEPTION-PHASE-DEMO/SCIB-INCEPTION-PHASE-DEMO
2026-05-05T10:12:57.2693833Z Deleting the contents of '/home/runner/work/SCIB-INCEPTION-PHASE-DEMO/SCIB-INCEPTION-PHASE-DEMO'
2026-05-05T10:12:57.2697064Z ##[group]Initializing the repository
2026-05-05T10:12:57.2701622Z [command]/usr/bin/git init /home/runner/work/SCIB-INCEPTION-PHASE-DEMO/SCIB-INCEPTION-PHASE-DEMO
2026-05-05T10:12:57.2796578Z hint: Using 'master' as the name for the initial branch. This default branch name
2026-05-05T10:12:57.2799360Z hint: will change to "main" in Git 3.0. To configure the initial branch name
2026-05-05T10:12:57.2801157Z hint: to use in all of your new repositories, which will suppress this warning,
2026-05-05T10:12:57.2802833Z hint: call:
2026-05-05T10:12:57.2803960Z hint:
2026-05-05T10:12:57.2805572Z hint: 	git config --global init.defaultBranch <name>
2026-05-05T10:12:57.2807112Z hint:
2026-05-05T10:12:57.2808978Z hint: Names commonly chosen instead of 'master' are 'main', 'trunk' and
2026-05-05T10:12:57.2811814Z hint: 'development'. The just-created branch can be renamed via this command:
2026-05-05T10:12:57.2813463Z hint:
2026-05-05T10:12:57.2814166Z hint: 	git branch -m <name>
2026-05-05T10:12:57.2815001Z hint:
2026-05-05T10:12:57.2816121Z hint: Disable this message with "git config set advice.defaultBranchName false"
2026-05-05T10:12:57.2818766Z Initialized empty Git repository in /home/runner/work/SCIB-INCEPTION-PHASE-DEMO/SCIB-INCEPTION-PHASE-DEMO/.git/
2026-05-05T10:12:57.2822473Z [command]/usr/bin/git remote add origin https://github.com/ThapaswiASC/SCIB-INCEPTION-PHASE-DEMO
2026-05-05T10:12:57.2841499Z ##[endgroup]
2026-05-05T10:12:57.2843200Z ##[group]Disabling automatic garbage collection
2026-05-05T10:12:57.2845208Z [command]/usr/bin/git config --local gc.auto 0
2026-05-05T10:12:57.2873561Z ##[endgroup]
2026-05-05T10:12:57.2875373Z ##[group]Setting up auth
2026-05-05T10:12:57.2879666Z [command]/usr/bin/git config --local --name-only --get-regexp core\.sshCommand
2026-05-05T10:12:57.2909479Z [command]/usr/bin/git submodule foreach --recursive sh -c "git config --local --name-only --get-regexp 'core\.sshCommand' && git config --local --unset-all 'core.sshCommand' || :"
2026-05-05T10:12:57.3193113Z [command]/usr/bin/git config --local --name-only --get-regexp http\.https\:\/\/github\.com\/\.extraheader
2026-05-05T10:12:57.3222418Z [command]/usr/bin/git submodule foreach --recursive sh -c "git config --local --name-only --get-regexp 'http\.https\:\/\/github\.com\/\.extraheader' && git config --local --unset-all 'http.https://github.com/.extraheader' || :"
2026-05-05T10:12:57.3431791Z [command]/usr/bin/git config --local --name-only --get-regexp ^includeIf\.gitdir:
2026-05-05T10:12:57.3461887Z [command]/usr/bin/git submodule foreach --recursive git config --local --show-origin --name-only --get-regexp remote.origin.url
2026-05-05T10:12:57.3683894Z [command]/usr/bin/git config --local http.https://github.com/.extraheader AUTHORIZATION: basic ***
2026-05-05T10:12:57.3717421Z ##[endgroup]
2026-05-05T10:12:57.3720027Z ##[group]Fetching the repository
2026-05-05T10:12:57.3729598Z [command]/usr/bin/git -c protocol.version=2 fetch --no-tags --prune --no-recurse-submodules --depth=1 origin +a455a3286c05a11248095b4b0d2d0e7e42280398:refs/remotes/origin/feature/DEMO-222
2026-05-05T10:12:57.7886884Z From https://github.com/ThapaswiASC/SCIB-INCEPTION-PHASE-DEMO
2026-05-05T10:12:57.7890478Z  * [new ref]         a455a3286c05a11248095b4b0d2d0e7e42280398 -> origin/feature/DEMO-222
2026-05-05T10:12:57.7916503Z ##[endgroup]
2026-05-05T10:12:57.7918490Z ##[group]Determining the checkout info
2026-05-05T10:12:57.7919986Z ##[endgroup]
2026-05-05T10:12:57.7923256Z [command]/usr/bin/git sparse-checkout disable
2026-05-05T10:12:57.7960447Z [command]/usr/bin/git config --local --unset-all extensions.worktreeConfig
2026-05-05T10:12:57.7985379Z ##[group]Checking out the ref
2026-05-05T10:12:57.7989286Z [command]/usr/bin/git checkout --progress --force -B feature/DEMO-222 refs/remotes/origin/feature/DEMO-222
2026-05-05T10:12:57.8110607Z Switched to a new branch 'feature/DEMO-222'
2026-05-05T10:12:57.8113573Z branch 'feature/DEMO-222' set up to track 'origin/feature/DEMO-222'.
2026-05-05T10:12:57.8120980Z ##[endgroup]
2026-05-05T10:12:57.8151602Z [command]/usr/bin/git log -1 --format=%H
2026-05-05T10:12:57.8172344Z a455a3286c05a11248095b4b0d2d0e7e42280398
2026-05-05T10:12:57.8513534Z ##[group]Run actions/setup-java@v4
2026-05-05T10:12:57.8514464Z with:
2026-05-05T10:12:57.8515326Z   java-version: 21
2026-05-05T10:12:57.8516054Z   distribution: temurin
2026-05-05T10:12:57.8516824Z   cache: maven
2026-05-05T10:12:57.8517517Z   java-package: jdk
2026-05-05T10:12:57.8518460Z   check-latest: false
2026-05-05T10:12:57.8519202Z   server-id: github
2026-05-05T10:12:57.8519957Z   server-username: GITHUB_ACTOR
2026-05-05T10:12:57.8520845Z   server-password: GITHUB_TOKEN
2026-05-05T10:12:57.8521713Z   overwrite-settings: true
2026-05-05T10:12:57.8522523Z   job-status: success
2026-05-05T10:12:57.8523479Z   token: ***
2026-05-05T10:12:57.8524136Z ##[endgroup]
2026-05-05T10:12:58.0676906Z ##[group]Installed distributions
2026-05-05T10:12:58.0913675Z Resolved Java 21.0.10+7 from tool-cache
2026-05-05T10:12:58.0914936Z Setting Java 21.0.10+7 as the default
2026-05-05T10:12:58.0927438Z Creating toolchains.xml for JDK version 21 from temurin
2026-05-05T10:12:58.1005000Z Writing to /home/runner/.m2/toolchains.xml
2026-05-05T10:12:58.1005984Z 
2026-05-05T10:12:58.1006613Z Java configuration:
2026-05-05T10:12:58.1008504Z   Distribution: temurin
2026-05-05T10:12:58.1009631Z   Version: 21.0.10+7
2026-05-05T10:12:58.1010765Z   Path: /opt/hostedtoolcache/Java_Temurin-Hotspot_jdk/21.0.10-7/x64
2026-05-05T10:12:58.1011734Z 
2026-05-05T10:12:58.1012850Z ##[endgroup]
2026-05-05T10:12:58.1029573Z Creating settings.xml with server-id: github
2026-05-05T10:12:58.1031057Z Writing to /home/runner/.m2/settings.xml
2026-05-05T10:12:58.2470105Z maven cache is not found
2026-05-05T10:12:58.2614440Z ##[group]Run mvn clean verify -DskipTests --no-transfer-progress
2026-05-05T10:12:58.2616042Z [36;1mmvn clean verify -DskipTests --no-transfer-progress[0m
2026-05-05T10:12:58.2645127Z shell: /usr/bin/bash -e {0}
2026-05-05T10:12:58.2645969Z env:
2026-05-05T10:12:58.2646979Z   JAVA_HOME: /opt/hostedtoolcache/Java_Temurin-Hotspot_jdk/21.0.10-7/x64
2026-05-05T10:12:58.2648929Z   JAVA_HOME_21_X64: /opt/hostedtoolcache/Java_Temurin-Hotspot_jdk/21.0.10-7/x64
2026-05-05T10:12:58.2650280Z ##[endgroup]
2026-05-05T10:13:01.2752648Z [INFO] Scanning for projects...
2026-05-05T10:13:04.1017624Z [INFO] 
2026-05-05T10:13:04.1018953Z [INFO] ----------------------< com.myproject:myproject >-----------------------
2026-05-05T10:13:04.1028827Z [INFO] Building myproject 1.0.0-SNAPSHOT
2026-05-05T10:13:04.1032269Z [INFO]   from pom.xml
2026-05-05T10:13:04.1033475Z [INFO] --------------------------------[ jar ]---------------------------------
2026-05-05T10:13:08.4154555Z [INFO] 
2026-05-05T10:13:08.4155702Z [INFO] --- clean:3.4.1:clean (default-clean) @ myproject ---
2026-05-05T10:13:08.5471629Z [INFO] 
2026-05-05T10:13:08.5472713Z [INFO] --- jacoco:0.8.11:prepare-agent (default) @ myproject ---
2026-05-05T10:13:09.4042453Z [INFO] argLine set to -javaagent:/home/runner/.m2/repository/org/jacoco/org.jacoco.agent/0.8.11/org.jacoco.agent-0.8.11-runtime.jar=destfile=/home/runner/work/SCIB-INCEPTION-PHASE-DEMO/SCIB-INCEPTION-PHASE-DEMO/code/target/jacoco.exec
2026-05-05T10:13:09.4044633Z [INFO] 
2026-05-05T10:13:09.4045458Z [INFO] --- resources:3.3.1:resources (default-resources) @ myproject ---
2026-05-05T10:13:09.8356616Z [INFO] Copying 1 resource from src/main/resources to target/classes
2026-05-05T10:13:09.8473080Z [INFO] Copying 0 resource from src/main/resources to target/classes
2026-05-05T10:13:09.8474900Z [INFO] 
2026-05-05T10:13:09.8476218Z [INFO] --- compiler:3.14.1:compile (default-compile) @ myproject ---
2026-05-05T10:13:10.6839008Z [INFO] Recompiling the module because of changed source code.
2026-05-05T10:13:10.6928537Z [INFO] Compiling 36 source files with javac [debug parameters release 21] to target/classes
2026-05-05T10:13:11.9711109Z [INFO] 
2026-05-05T10:13:11.9712446Z [INFO] --- resources:3.3.1:testResources (default-testResources) @ myproject ---
2026-05-05T10:13:11.9769900Z [INFO] skip non existing resourceDirectory /home/runner/work/SCIB-INCEPTION-PHASE-DEMO/SCIB-INCEPTION-PHASE-DEMO/code/src/test/resources
2026-05-05T10:13:11.9771536Z [INFO] 
2026-05-05T10:13:11.9786230Z [INFO] --- compiler:3.14.1:testCompile (default-testCompile) @ myproject ---
2026-05-05T10:13:11.9844416Z [INFO] Recompiling the module because of changed dependency.
2026-05-05T10:13:11.9848453Z [INFO] Compiling 7 source files with javac [debug parameters release 21] to target/test-classes
2026-05-05T10:13:12.7931376Z [WARNING] /home/runner/work/SCIB-INCEPTION-PHASE-DEMO/SCIB-INCEPTION-PHASE-DEMO/code/src/test/java/com/myproject/controllers/ColumnControllerTest.java:[36,6] org.springframework.boot.test.mock.mockito.MockBean in org.springframework.boot.test.mock.mockito has been deprecated and marked for removal
2026-05-05T10:13:12.7936421Z [WARNING] /home/runner/work/SCIB-INCEPTION-PHASE-DEMO/SCIB-INCEPTION-PHASE-DEMO/code/src/test/java/com/myproject/controllers/TaskControllerTest.java:[33,6] org.springframework.boot.test.mock.mockito.MockBean in org.springframework.boot.test.mock.mockito has been deprecated and marked for removal
2026-05-05T10:13:12.7940231Z [INFO] 
2026-05-05T10:13:12.7972106Z [INFO] --- surefire:3.5.4:test (default-test) @ myproject ---
2026-05-05T10:13:13.4198809Z [INFO] Tests are skipped.
2026-05-05T10:13:13.4220017Z [INFO] 
2026-05-05T10:13:13.4220826Z [INFO] --- jacoco:0.8.11:report (jacoco-report) @ myproject ---
2026-05-05T10:13:13.4245731Z [INFO] Skipping JaCoCo execution due to missing execution data file.
2026-05-05T10:13:13.4258532Z [INFO] 
2026-05-05T10:13:13.4293146Z [INFO] --- jar:3.4.2:jar (default-jar) @ myproject ---
2026-05-05T10:13:14.6995377Z [INFO] Building jar: /home/runner/work/SCIB-INCEPTION-PHASE-DEMO/SCIB-INCEPTION-PHASE-DEMO/code/target/myproject-1.0.0-SNAPSHOT.jar
2026-05-05T10:13:14.7378568Z [INFO] 
2026-05-05T10:13:14.7379407Z [INFO] --- spring-boot:3.5.9:repackage (repackage) @ myproject ---
2026-05-05T10:13:16.2533759Z [INFO] Replacing main artifact /home/runner/work/SCIB-INCEPTION-PHASE-DEMO/SCIB-INCEPTION-PHASE-DEMO/code/target/myproject-1.0.0-SNAPSHOT.jar with repackaged archive, adding nested dependencies in BOOT-INF/.
2026-05-05T10:13:16.2559716Z [INFO] The original artifact has been renamed to /home/runner/work/SCIB-INCEPTION-PHASE-DEMO/SCIB-INCEPTION-PHASE-DEMO/code/target/myproject-1.0.0-SNAPSHOT.jar.original
2026-05-05T10:13:16.2576132Z [INFO] ------------------------------------------------------------------------
2026-05-05T10:13:16.2576952Z [INFO] BUILD SUCCESS
2026-05-05T10:13:16.2577584Z [INFO] ------------------------------------------------------------------------
2026-05-05T10:13:16.2578610Z [INFO] Total time:  15.020 s
2026-05-05T10:13:16.2579189Z [INFO] Finished at: 2026-05-05T10:13:16Z
2026-05-05T10:13:16.2579879Z [INFO] ------------------------------------------------------------------------
2026-05-05T10:13:16.2940861Z ##[group]Run mvn jacoco:report
2026-05-05T10:13:16.2941185Z [36;1mmvn jacoco:report[0m
2026-05-05T10:13:16.2965565Z shell: /usr/bin/bash -e {0}
2026-05-05T10:13:16.2965809Z env:
2026-05-05T10:13:16.2966104Z   JAVA_HOME: /opt/hostedtoolcache/Java_Temurin-Hotspot_jdk/21.0.10-7/x64
2026-05-05T10:13:16.2966579Z   JAVA_HOME_21_X64: /opt/hostedtoolcache/Java_Temurin-Hotspot_jdk/21.0.10-7/x64
2026-05-05T10:13:16.2967197Z ##[endgroup]
2026-05-05T10:13:17.5128783Z [INFO] Scanning for projects...
2026-05-05T10:13:17.9651084Z Downloading from central: https://repo.maven.apache.org/maven2/org/flywaydb/maven-metadata.xml
2026-05-05T10:13:17.9679637Z Downloading from central: https://repo.maven.apache.org/maven2/org/springframework/boot/maven-metadata.xml
2026-05-05T10:13:17.9681313Z Downloading from central: https://repo.maven.apache.org/maven2/org/cyclonedx/maven-metadata.xml
2026-05-05T10:13:17.9682643Z Downloading from central: https://repo.maven.apache.org/maven2/org/jacoco/maven-metadata.xml
2026-05-05T10:13:18.3229208Z Progress (1): 243 B
2026-05-05T10:13:18.3231894Z Progress (2): 243 B | 249 B
2026-05-05T10:13:18.3232738Z Progress (3): 243 B | 249 B | 237 B
2026-05-05T10:13:18.3282022Z Progress (4): 243 B | 249 B | 237 B | 234 B
2026-05-05T10:13:18.3324023Z                                            
2026-05-05T10:13:18.3339148Z Downloaded from central: https://repo.maven.apache.org/maven2/org/cyclonedx/maven-metadata.xml (243 B at 660 B/s)
2026-05-05T10:13:18.3341106Z Downloaded from central: https://repo.maven.apache.org/maven2/org/flywaydb/maven-metadata.xml (234 B at 634 B/s)
2026-05-05T10:13:18.3342815Z Downloaded from central: https://repo.maven.apache.org/maven2/org/jacoco/maven-metadata.xml (237 B at 638 B/s)
2026-05-05T10:13:18.3344332Z Downloading from central: https://repo.maven.apache.org/maven2/io/github/git-commit-id/maven-metadata.xml
2026-05-05T10:13:18.3345660Z Downloading from central: https://repo.maven.apache.org/maven2/org/jooq/maven-metadata.xml
2026-05-05T10:13:18.3347149Z Downloaded from central: https://repo.maven.apache.org/maven2/org/springframework/boot/maven-metadata.xml (249 B at 671 B/s)
2026-05-05T10:13:18.3349030Z Downloading from central: https://repo.maven.apache.org/maven2/org/jetbrains/kotlin/maven-metadata.xml
2026-05-05T10:13:18.3350454Z Downloading from central: https://repo.maven.apache.org/maven2/org/liquibase/maven-metadata.xml
2026-05-05T10:13:18.3511125Z Progress (1): 398 B
2026-05-05T10:13:18.3540331Z                    
2026-05-05T10:13:18.3555160Z Downloaded from central: https://repo.maven.apache.org/maven2/org/jooq/maven-metadata.xml (398 B at 18 kB/s)
2026-05-05T10:13:18.3556520Z Downloading from central: https://repo.maven.apache.org/maven2/org/graalvm/buildtools/maven-metadata.xml
2026-05-05T10:13:18.3557393Z Progress (1): 375 B
2026-05-05T10:13:18.3557716Z                    
2026-05-05T10:13:18.3558958Z Downloaded from central: https://repo.maven.apache.org/maven2/org/jetbrains/kotlin/maven-metadata.xml (375 B at 16 kB/s)
2026-05-05T10:13:18.3559982Z Progress (1): 394 B
2026-05-05T10:13:18.3560313Z                    
2026-05-05T10:13:18.3561110Z Downloaded from central: https://repo.maven.apache.org/maven2/org/liquibase/maven-metadata.xml (394 B at 17 kB/s)
2026-05-05T10:13:18.3562427Z Downloading from central: https://repo.maven.apache.org/maven2/org/apache/maven/plugins/maven-metadata.xml
2026-05-05T10:13:18.3572046Z Downloading from central: https://repo.maven.apache.org/maven2/org/codehaus/mojo/maven-metadata.xml
2026-05-05T10:13:18.3657444Z Progress (1): 255 B
2026-05-05T10:13:18.3658905Z                    
2026-05-05T10:13:18.3660058Z Downloaded from central: https://repo.maven.apache.org/maven2/io/github/git-commit-id/maven-metadata.xml (255 B at 6.9 kB/s)
2026-05-05T10:13:18.3763573Z Progress (1): 242 B
2026-05-05T10:13:18.3769948Z                    
2026-05-05T10:13:18.3771126Z Downloaded from central: https://repo.maven.apache.org/maven2/org/graalvm/buildtools/maven-metadata.xml (242 B at 10 kB/s)
2026-05-05T10:13:18.3820484Z Progress (1): 4.6 kB
2026-05-05T10:13:18.3824784Z Progress (2): 4.6 kB | 3.1 kB
2026-05-05T10:13:18.3825507Z Progress (2): 9.7 kB | 3.1 kB
2026-05-05T10:13:18.3825915Z Progress (2): 9.7 kB | 7.7 kB
2026-05-05T10:13:18.3826301Z Progress (2): 14 kB | 7.7 kB 
2026-05-05T10:13:18.3826661Z                             
2026-05-05T10:13:18.3827559Z Downloaded from central: https://repo.maven.apache.org/maven2/org/apache/maven/plugins/maven-metadata.xml (14 kB at 549 kB/s)
2026-05-05T10:13:18.3833615Z Progress (1): 12 kB
2026-05-05T10:13:18.3835639Z Progress (1): 17 kB
2026-05-05T10:13:18.3837718Z Progress (1): 20 kB
2026-05-05T10:13:18.4078630Z Progress (1): 21 kB
2026-05-05T10:13:18.4089430Z                    
2026-05-05T10:13:18.4090614Z Downloaded from central: https://repo.maven.apache.org/maven2/org/codehaus/mojo/maven-metadata.xml (21 kB at 404 kB/s)
2026-05-05T10:13:18.4705983Z [INFO] 
2026-05-05T10:13:18.4706828Z [INFO] ----------------------< com.myproject:myproject >-----------------------
2026-05-05T10:13:18.4708080Z [INFO] Building myproject 1.0.0-SNAPSHOT
2026-05-05T10:13:18.4708907Z [INFO]   from pom.xml
2026-05-05T10:13:18.4709620Z [INFO] --------------------------------[ jar ]---------------------------------
2026-05-05T10:13:18.4798632Z [INFO] 
2026-05-05T10:13:18.4820140Z [INFO] --- jacoco:0.8.11:report (default-cli) @ myproject ---
2026-05-05T10:13:18.6446203Z [INFO] Skipping JaCoCo execution due to missing execution data file.
2026-05-05T10:13:18.6448390Z [INFO] ------------------------------------------------------------------------
2026-05-05T10:13:18.6449380Z [INFO] BUILD SUCCESS
2026-05-05T10:13:18.6450046Z [INFO] ------------------------------------------------------------------------
2026-05-05T10:13:18.6465189Z [INFO] Total time:  1.157 s
2026-05-05T10:13:18.6468007Z [INFO] Finished at: 2026-05-05T10:13:18Z
2026-05-05T10:13:18.6468701Z [INFO] ------------------------------------------------------------------------
2026-05-05T10:13:18.6765543Z ##[group]Run actions/upload-artifact@v4
2026-05-05T10:13:18.6765834Z with:
2026-05-05T10:13:18.6766011Z   name: test-results
2026-05-05T10:13:18.6766224Z   path: code/target/surefire-reports/
2026-05-05T10:13:18.6766469Z   retention-days: 30
2026-05-05T10:13:18.6766662Z   if-no-files-found: ignore
2026-05-05T10:13:18.6766877Z   compression-level: 6
2026-05-05T10:13:18.6767072Z   overwrite: false
2026-05-05T10:13:18.6767261Z   include-hidden-files: false
2026-05-05T10:13:18.6767491Z env:
2026-05-05T10:13:18.6768073Z   JAVA_HOME: /opt/hostedtoolcache/Java_Temurin-Hotspot_jdk/21.0.10-7/x64
2026-05-05T10:13:18.6768578Z   JAVA_HOME_21_X64: /opt/hostedtoolcache/Java_Temurin-Hotspot_jdk/21.0.10-7/x64
2026-05-05T10:13:18.6768925Z ##[endgroup]
2026-05-05T10:13:18.8972937Z No files were found with the provided path: code/target/surefire-reports/. No artifacts will be uploaded.
2026-05-05T10:13:18.9107442Z ##[group]Run actions/upload-artifact@v4
2026-05-05T10:13:18.9108006Z with:
2026-05-05T10:13:18.9108315Z   name: coverage-report
2026-05-05T10:13:18.9108642Z   path: code/target/site/jacoco/
2026-05-05T10:13:18.9108878Z   retention-days: 30
2026-05-05T10:13:18.9109074Z   if-no-files-found: ignore
2026-05-05T10:13:18.9109302Z   compression-level: 6
2026-05-05T10:13:18.9109500Z   overwrite: false
2026-05-05T10:13:18.9109693Z   include-hidden-files: false
2026-05-05T10:13:18.9109900Z env:
2026-05-05T10:13:18.9110178Z   JAVA_HOME: /opt/hostedtoolcache/Java_Temurin-Hotspot_jdk/21.0.10-7/x64
2026-05-05T10:13:18.9110666Z   JAVA_HOME_21_X64: /opt/hostedtoolcache/Java_Temurin-Hotspot_jdk/21.0.10-7/x64
2026-05-05T10:13:18.9111012Z ##[endgroup]
2026-05-05T10:13:19.1289160Z No files were found with the provided path: code/target/site/jacoco/. No artifacts will be uploaded.
2026-05-05T10:13:19.1405082Z ##[group]Run echo "## Build Summary" >> $GITHUB_STEP_SUMMARY
2026-05-05T10:13:19.1405509Z [36;1mecho "## Build Summary" >> $GITHUB_STEP_SUMMARY[0m
2026-05-05T10:13:19.1405905Z [36;1mecho "- **Repository**: $GITHUB_REPOSITORY" >> $GITHUB_STEP_SUMMARY[0m
2026-05-05T10:13:19.1406333Z [36;1mecho "- **Branch**: $GITHUB_REF_NAME" >> $GITHUB_STEP_SUMMARY[0m
2026-05-05T10:13:19.1406715Z [36;1mecho "- **Source Folder**: code" >> $GITHUB_STEP_SUMMARY[0m
2026-05-05T10:13:19.1407101Z [36;1mecho "- **Build Status**: completed" >> $GITHUB_STEP_SUMMARY[0m
2026-05-05T10:13:19.1428254Z shell: /usr/bin/bash -e {0}
2026-05-05T10:13:19.1428489Z env:
2026-05-05T10:13:19.1428771Z   JAVA_HOME: /opt/hostedtoolcache/Java_Temurin-Hotspot_jdk/21.0.10-7/x64
2026-05-05T10:13:19.1429289Z   JAVA_HOME_21_X64: /opt/hostedtoolcache/Java_Temurin-Hotspot_jdk/21.0.10-7/x64
2026-05-05T10:13:19.1429665Z ##[endgroup]
2026-05-05T10:13:19.1544853Z Post job cleanup.
2026-05-05T10:13:19.3416701Z [command]/usr/bin/tar --posix -cf cache.tzst --exclude cache.tzst -P -C /home/runner/work/SCIB-INCEPTION-PHASE-DEMO/SCIB-INCEPTION-PHASE-DEMO --files-from manifest.txt --use-compress-program zstdmt
2026-05-05T10:13:20.6561341Z Sent 61056779 of 61056779 (100.0%), 62.1 MBs/sec
2026-05-05T10:13:20.7561303Z Cache saved with the key: setup-java-Linux-x64-maven-d87af6d210b81cdde428146ca0d9f3533a083f65442ef4e4fe8f1ea5674baa33
2026-05-05T10:13:20.7709392Z Post job cleanup.
2026-05-05T10:13:20.8688539Z [command]/usr/bin/git version
2026-05-05T10:13:20.8729081Z git version 2.53.0
2026-05-05T10:13:20.8774569Z Temporarily overriding HOME='/home/runner/work/_temp/b922f149-d7f9-4e52-963d-095fabb83a96' before making global git config changes
2026-05-05T10:13:20.8776217Z Adding repository directory to the temporary git global config as a safe directory
2026-05-05T10:13:20.8781844Z [command]/usr/bin/git config --global --add safe.directory /home/runner/work/SCIB-INCEPTION-PHASE-DEMO/SCIB-INCEPTION-PHASE-DEMO
2026-05-05T10:13:20.8822411Z [command]/usr/bin/git config --local --name-only --get-regexp core\.sshCommand
2026-05-05T10:13:20.8857101Z [command]/usr/bin/git submodule foreach --recursive sh -c "git config --local --name-only --get-regexp 'core\.sshCommand' && git config --local --unset-all 'core.sshCommand' || :"
2026-05-05T10:13:20.9080876Z [command]/usr/bin/git config --local --name-only --get-regexp http\.https\:\/\/github\.com\/\.extraheader
2026-05-05T10:13:20.9101420Z http.https://github.com/.extraheader
2026-05-05T10:13:20.9114575Z [command]/usr/bin/git config --local --unset-all http.https://github.com/.extraheader
2026-05-05T10:13:20.9145240Z [command]/usr/bin/git submodule foreach --recursive sh -c "git config --local --name-only --get-regexp 'http\.https\:\/\/github\.com\/\.extraheader' && git config --local --unset-all 'http.https://github.com/.extraheader' || :"
2026-05-05T10:13:20.9361311Z [command]/usr/bin/git config --local --name-only --get-regexp ^includeIf\.gitdir:
2026-05-05T10:13:20.9392230Z [command]/usr/bin/git submodule foreach --recursive git config --local --show-origin --name-only --get-regexp remote.origin.url
2026-05-05T10:13:20.9709529Z Cleaning up orphan processes
2026-05-05T10:13:21.0072088Z ##[warning]Node.js 20 actions are deprecated. The following actions are running on Node.js 20 and may not work as expected: actions/checkout@v4, actions/setup-java@v4, actions/upload-artifact@v4. Actions will be forced to run with Node.js 24 by default starting June 2nd, 2026. Node.js 20 will be removed from the runner on September 16th, 2026. Please check if updated versions of these actions are available that support Node.js 24. To opt into Node.js 24 now, set the FORCE_JAVASCRIPT_ACTIONS_TO_NODE24=true environment variable on the runner or in your workflow file. Once Node.js 24 becomes the default, you can temporarily opt out by setting ACTIONS_ALLOW_USE_UNSECURE_NODE_VERSION=true. For more information see: https://github.blog/changelog/2025-09-19-deprecation-of-node-20-on-github-actions-runners/
