2026-05-07T06:30:21.3460679Z Current runner version: '2.334.0'
2026-05-07T06:30:21.3485726Z ##[group]Runner Image Provisioner
2026-05-07T06:30:21.3486607Z Hosted Compute Agent
2026-05-07T06:30:21.3487115Z Version: 20260213.493
2026-05-07T06:30:21.3487710Z Commit: 5c115507f6dd24b8de37d8bbe0bb4509d0cc0fa3
2026-05-07T06:30:21.3488403Z Build Date: 2026-02-13T00:28:41Z
2026-05-07T06:30:21.3489103Z Worker ID: {fff57133-87f3-4027-8b4f-5037b48d58a5}
2026-05-07T06:30:21.3489734Z Azure Region: westus3
2026-05-07T06:30:21.3490299Z ##[endgroup]
2026-05-07T06:30:21.3491706Z ##[group]Operating System
2026-05-07T06:30:21.3492277Z Ubuntu
2026-05-07T06:30:21.3492799Z 24.04.4
2026-05-07T06:30:21.3493501Z LTS
2026-05-07T06:30:21.3493962Z ##[endgroup]
2026-05-07T06:30:21.3494411Z ##[group]Runner Image
2026-05-07T06:30:21.3495029Z Image: ubuntu-24.04
2026-05-07T06:30:21.3495506Z Version: 20260413.86.1
2026-05-07T06:30:21.3496737Z Included Software: https://github.com/actions/runner-images/blob/ubuntu24/20260413.86/images/ubuntu/Ubuntu2404-Readme.md
2026-05-07T06:30:21.3498130Z Image Release: https://github.com/actions/runner-images/releases/tag/ubuntu24%2F20260413.86
2026-05-07T06:30:21.3499084Z ##[endgroup]
2026-05-07T06:30:21.3500113Z ##[group]GITHUB_TOKEN Permissions
2026-05-07T06:30:21.3501918Z Contents: read
2026-05-07T06:30:21.3502596Z Metadata: read
2026-05-07T06:30:21.3503091Z Packages: read
2026-05-07T06:30:21.3503793Z ##[endgroup]
2026-05-07T06:30:21.3506080Z Secret source: Actions
2026-05-07T06:30:21.3506814Z Prepare workflow directory
2026-05-07T06:30:21.3860640Z Prepare all required actions
2026-05-07T06:30:21.3900128Z Getting action download info
2026-05-07T06:30:21.9472060Z Download action repository 'actions/checkout@v4' (SHA:34e114876b0b11c390a56381ad16ebd13914f8d5)
2026-05-07T06:30:22.0686388Z Download action repository 'actions/setup-java@v4' (SHA:c1e323688fd81a25caa38c78aa6df2d33d3e20d9)
2026-05-07T06:30:23.2052247Z Download action repository 'actions/upload-artifact@v4' (SHA:ea165f8d65b6e75b540449e92b4886f43607fa02)
2026-05-07T06:30:23.7062861Z Complete job name: build
2026-05-07T06:30:23.7928223Z ##[group]Run actions/checkout@v4
2026-05-07T06:30:23.7929477Z with:
2026-05-07T06:30:23.7930330Z   repository: ThapaswiASC/SCIB-INCEPTION-PHASE-DEMO
2026-05-07T06:30:23.7931778Z   token: ***
2026-05-07T06:30:23.7932452Z   ssh-strict: true
2026-05-07T06:30:23.7933355Z   ssh-user: git
2026-05-07T06:30:23.7934091Z   persist-credentials: true
2026-05-07T06:30:23.7934908Z   clean: true
2026-05-07T06:30:23.7935630Z   sparse-checkout-cone-mode: true
2026-05-07T06:30:23.7936512Z   fetch-depth: 1
2026-05-07T06:30:23.7937195Z   fetch-tags: false
2026-05-07T06:30:23.7937916Z   show-progress: true
2026-05-07T06:30:23.7938650Z   lfs: false
2026-05-07T06:30:23.7939321Z   submodules: false
2026-05-07T06:30:23.7940071Z   set-safe-directory: true
2026-05-07T06:30:23.7941115Z ##[endgroup]
2026-05-07T06:30:23.9145198Z Syncing repository: ThapaswiASC/SCIB-INCEPTION-PHASE-DEMO
2026-05-07T06:30:23.9149672Z ##[group]Getting Git version info
2026-05-07T06:30:23.9152657Z Working directory is '/home/runner/work/SCIB-INCEPTION-PHASE-DEMO/SCIB-INCEPTION-PHASE-DEMO'
2026-05-07T06:30:23.9156886Z [command]/usr/bin/git version
2026-05-07T06:30:23.9170312Z git version 2.53.0
2026-05-07T06:30:23.9199496Z ##[endgroup]
2026-05-07T06:30:23.9217872Z Temporarily overriding HOME='/home/runner/work/_temp/a8b8a873-f1a9-4ac8-a27a-88c61989f4e2' before making global git config changes
2026-05-07T06:30:23.9222315Z Adding repository directory to the temporary git global config as a safe directory
2026-05-07T06:30:23.9234222Z [command]/usr/bin/git config --global --add safe.directory /home/runner/work/SCIB-INCEPTION-PHASE-DEMO/SCIB-INCEPTION-PHASE-DEMO
2026-05-07T06:30:23.9270346Z Deleting the contents of '/home/runner/work/SCIB-INCEPTION-PHASE-DEMO/SCIB-INCEPTION-PHASE-DEMO'
2026-05-07T06:30:23.9273821Z ##[group]Initializing the repository
2026-05-07T06:30:23.9278372Z [command]/usr/bin/git init /home/runner/work/SCIB-INCEPTION-PHASE-DEMO/SCIB-INCEPTION-PHASE-DEMO
2026-05-07T06:30:23.9373765Z hint: Using 'master' as the name for the initial branch. This default branch name
2026-05-07T06:30:23.9377394Z hint: will change to "main" in Git 3.0. To configure the initial branch name
2026-05-07T06:30:23.9380386Z hint: to use in all of your new repositories, which will suppress this warning,
2026-05-07T06:30:23.9382666Z hint: call:
2026-05-07T06:30:23.9384076Z hint:
2026-05-07T06:30:23.9385434Z hint: 	git config --global init.defaultBranch <name>
2026-05-07T06:30:23.9387219Z hint:
2026-05-07T06:30:23.9388931Z hint: Names commonly chosen instead of 'master' are 'main', 'trunk' and
2026-05-07T06:30:23.9391897Z hint: 'development'. The just-created branch can be renamed via this command:
2026-05-07T06:30:23.9394421Z hint:
2026-05-07T06:30:23.9395463Z hint: 	git branch -m <name>
2026-05-07T06:30:23.9396868Z hint:
2026-05-07T06:30:23.9398354Z hint: Disable this message with "git config set advice.defaultBranchName false"
2026-05-07T06:30:23.9400922Z Initialized empty Git repository in /home/runner/work/SCIB-INCEPTION-PHASE-DEMO/SCIB-INCEPTION-PHASE-DEMO/.git/
2026-05-07T06:30:23.9406184Z [command]/usr/bin/git remote add origin https://github.com/ThapaswiASC/SCIB-INCEPTION-PHASE-DEMO
2026-05-07T06:30:23.9426873Z ##[endgroup]
2026-05-07T06:30:23.9428973Z ##[group]Disabling automatic garbage collection
2026-05-07T06:30:23.9431413Z [command]/usr/bin/git config --local gc.auto 0
2026-05-07T06:30:23.9465253Z ##[endgroup]
2026-05-07T06:30:23.9467310Z ##[group]Setting up auth
2026-05-07T06:30:23.9474204Z [command]/usr/bin/git config --local --name-only --get-regexp core\.sshCommand
2026-05-07T06:30:23.9511164Z [command]/usr/bin/git submodule foreach --recursive sh -c "git config --local --name-only --get-regexp 'core\.sshCommand' && git config --local --unset-all 'core.sshCommand' || :"
2026-05-07T06:30:23.9801651Z [command]/usr/bin/git config --local --name-only --get-regexp http\.https\:\/\/github\.com\/\.extraheader
2026-05-07T06:30:23.9837075Z [command]/usr/bin/git submodule foreach --recursive sh -c "git config --local --name-only --get-regexp 'http\.https\:\/\/github\.com\/\.extraheader' && git config --local --unset-all 'http.https://github.com/.extraheader' || :"
2026-05-07T06:30:24.0058896Z [command]/usr/bin/git config --local --name-only --get-regexp ^includeIf\.gitdir:
2026-05-07T06:30:24.0092267Z [command]/usr/bin/git submodule foreach --recursive git config --local --show-origin --name-only --get-regexp remote.origin.url
2026-05-07T06:30:24.0327403Z [command]/usr/bin/git config --local http.https://github.com/.extraheader AUTHORIZATION: basic ***
2026-05-07T06:30:24.0409694Z ##[endgroup]
2026-05-07T06:30:24.0411843Z ##[group]Fetching the repository
2026-05-07T06:30:24.0416841Z [command]/usr/bin/git -c protocol.version=2 fetch --no-tags --prune --no-recurse-submodules --depth=1 origin +6fbdd035a47be57a2a7aad878e4963bb1512aaee:refs/remotes/origin/feature/DEMO-759
2026-05-07T06:30:24.7638775Z From https://github.com/ThapaswiASC/SCIB-INCEPTION-PHASE-DEMO
2026-05-07T06:30:24.7641957Z  * [new ref]         6fbdd035a47be57a2a7aad878e4963bb1512aaee -> origin/feature/DEMO-759
2026-05-07T06:30:24.7670995Z ##[endgroup]
2026-05-07T06:30:24.7673031Z ##[group]Determining the checkout info
2026-05-07T06:30:24.7675619Z ##[endgroup]
2026-05-07T06:30:24.7679431Z [command]/usr/bin/git sparse-checkout disable
2026-05-07T06:30:24.7719790Z [command]/usr/bin/git config --local --unset-all extensions.worktreeConfig
2026-05-07T06:30:24.7745761Z ##[group]Checking out the ref
2026-05-07T06:30:24.7751853Z [command]/usr/bin/git checkout --progress --force -B feature/DEMO-759 refs/remotes/origin/feature/DEMO-759
2026-05-07T06:30:24.7899131Z Switched to a new branch 'feature/DEMO-759'
2026-05-07T06:30:24.7901484Z branch 'feature/DEMO-759' set up to track 'origin/feature/DEMO-759'.
2026-05-07T06:30:24.7910066Z ##[endgroup]
2026-05-07T06:30:24.7946291Z [command]/usr/bin/git log -1 --format=%H
2026-05-07T06:30:24.7968798Z 6fbdd035a47be57a2a7aad878e4963bb1512aaee
2026-05-07T06:30:24.8312360Z ##[group]Run actions/setup-java@v4
2026-05-07T06:30:24.8313452Z with:
2026-05-07T06:30:24.8314271Z   java-version: 21
2026-05-07T06:30:24.8314965Z   distribution: temurin
2026-05-07T06:30:24.8315670Z   cache: maven
2026-05-07T06:30:24.8316308Z   java-package: jdk
2026-05-07T06:30:24.8316977Z   check-latest: false
2026-05-07T06:30:24.8317670Z   server-id: github
2026-05-07T06:30:24.8318355Z   server-username: GITHUB_ACTOR
2026-05-07T06:30:24.8319203Z   server-password: GITHUB_TOKEN
2026-05-07T06:30:24.8320038Z   overwrite-settings: true
2026-05-07T06:30:24.8320804Z   job-status: success
2026-05-07T06:30:24.8321777Z   token: ***
2026-05-07T06:30:24.8322417Z ##[endgroup]
2026-05-07T06:30:25.0396791Z ##[group]Installed distributions
2026-05-07T06:30:25.0655942Z Resolved Java 21.0.10+7 from tool-cache
2026-05-07T06:30:25.0657803Z Setting Java 21.0.10+7 as the default
2026-05-07T06:30:25.0671973Z Creating toolchains.xml for JDK version 21 from temurin
2026-05-07T06:30:25.0751787Z Writing to /home/runner/.m2/toolchains.xml
2026-05-07T06:30:25.0753462Z 
2026-05-07T06:30:25.0753982Z Java configuration:
2026-05-07T06:30:25.0755268Z   Distribution: temurin
2026-05-07T06:30:25.0756562Z   Version: 21.0.10+7
2026-05-07T06:30:25.0758354Z   Path: /opt/hostedtoolcache/Java_Temurin-Hotspot_jdk/21.0.10-7/x64
2026-05-07T06:30:25.0760033Z 
2026-05-07T06:30:25.0761450Z ##[endgroup]
2026-05-07T06:30:25.0778835Z Creating settings.xml with server-id: github
2026-05-07T06:30:25.0779899Z Writing to /home/runner/.m2/settings.xml
2026-05-07T06:30:25.3568203Z maven cache is not found
2026-05-07T06:30:25.3764824Z ##[group]Run mvn clean verify -DskipTests --no-transfer-progress
2026-05-07T06:30:25.3765463Z [36;1mmvn clean verify -DskipTests --no-transfer-progress[0m
2026-05-07T06:30:25.3793512Z shell: /usr/bin/bash -e {0}
2026-05-07T06:30:25.3793830Z env:
2026-05-07T06:30:25.3794184Z   JAVA_HOME: /opt/hostedtoolcache/Java_Temurin-Hotspot_jdk/21.0.10-7/x64
2026-05-07T06:30:25.3794750Z   JAVA_HOME_21_X64: /opt/hostedtoolcache/Java_Temurin-Hotspot_jdk/21.0.10-7/x64
2026-05-07T06:30:25.3795164Z ##[endgroup]
2026-05-07T06:30:30.8616811Z [INFO] Scanning for projects...
2026-05-07T06:30:34.2219298Z [INFO] 
2026-05-07T06:30:34.2220300Z [INFO] ----------------------< com.myproject:myproject >-----------------------
2026-05-07T06:30:34.2221602Z [INFO] Building myproject 1.0.0
2026-05-07T06:30:34.2222219Z [INFO]   from pom.xml
2026-05-07T06:30:34.2222780Z [INFO] --------------------------------[ jar ]---------------------------------
2026-05-07T06:30:41.2290200Z [INFO] 
2026-05-07T06:30:41.2305124Z [INFO] --- clean:3.4.1:clean (default-clean) @ myproject ---
2026-05-07T06:30:41.4298862Z [INFO] 
2026-05-07T06:30:41.4299964Z [INFO] --- jacoco:0.8.11:prepare-agent (default) @ myproject ---
2026-05-07T06:30:42.8042840Z [INFO] argLine set to -javaagent:/home/runner/.m2/repository/org/jacoco/org.jacoco.agent/0.8.11/org.jacoco.agent-0.8.11-runtime.jar=destfile=/home/runner/work/SCIB-INCEPTION-PHASE-DEMO/SCIB-INCEPTION-PHASE-DEMO/code/target/jacoco.exec
2026-05-07T06:30:42.8044981Z [INFO] 
2026-05-07T06:30:42.8045599Z [INFO] --- resources:3.3.1:resources (default-resources) @ myproject ---
2026-05-07T06:30:43.2677621Z [INFO] Copying 1 resource from src/main/resources to target/classes
2026-05-07T06:30:43.2776594Z [INFO] Copying 0 resource from src/main/resources to target/classes
2026-05-07T06:30:43.2791633Z [INFO] 
2026-05-07T06:30:43.2792568Z [INFO] --- compiler:3.14.1:compile (default-compile) @ myproject ---
2026-05-07T06:30:44.2026231Z [INFO] Recompiling the module because of changed source code.
2026-05-07T06:30:44.2100355Z [INFO] Compiling 56 source files with javac [debug parameters release 21] to target/classes
2026-05-07T06:30:46.9307600Z [INFO] Annotation processing is enabled because one or more processors were found
2026-05-07T06:30:46.9309141Z   on the class path. A future release of javac may disable annotation processing
2026-05-07T06:30:46.9310703Z   unless at least one processor is specified by name (-processor), or a search
2026-05-07T06:30:46.9329411Z   path is specified (--processor-path, --processor-module-path), or annotation
2026-05-07T06:30:46.9331901Z   processing is enabled explicitly (-proc:only, -proc:full).
2026-05-07T06:30:46.9332885Z   Use -Xlint:-options to suppress this message.
2026-05-07T06:30:46.9334063Z   Use -proc:none to disable annotation processing.
2026-05-07T06:30:46.9335229Z [INFO] -------------------------------------------------------------
2026-05-07T06:30:46.9355612Z [ERROR] COMPILATION ERROR : 
2026-05-07T06:30:46.9356466Z [INFO] -------------------------------------------------------------
2026-05-07T06:30:46.9359939Z [ERROR] /home/runner/work/SCIB-INCEPTION-PHASE-DEMO/SCIB-INCEPTION-PHASE-DEMO/code/src/main/java/com/myproject/controllers/TaskManagementController.java:[50,49] method getUserTasks in interface com.myproject.services.interfaces.TaskService cannot be applied to given types;
2026-05-07T06:30:46.9394480Z   required: java.lang.Long,int,int
2026-05-07T06:30:46.9395407Z   found:    java.lang.Long,org.springframework.data.domain.Pageable
2026-05-07T06:30:46.9396325Z   reason: actual and formal argument lists differ in length
2026-05-07T06:30:46.9397149Z [INFO] 1 error
2026-05-07T06:30:46.9397836Z [INFO] -------------------------------------------------------------
2026-05-07T06:30:46.9398734Z [INFO] ------------------------------------------------------------------------
2026-05-07T06:30:46.9399648Z [INFO] BUILD FAILURE
2026-05-07T06:30:46.9400342Z [INFO] ------------------------------------------------------------------------
2026-05-07T06:30:46.9401695Z [INFO] Total time:  16.128 s
2026-05-07T06:30:46.9402503Z [INFO] Finished at: 2026-05-07T06:30:46Z
2026-05-07T06:30:46.9403479Z [INFO] ------------------------------------------------------------------------
2026-05-07T06:30:46.9405091Z [ERROR] Failed to execute goal org.apache.maven.plugins:maven-compiler-plugin:3.14.1:compile (default-compile) on project myproject: Compilation failure
2026-05-07T06:30:46.9408037Z [ERROR] /home/runner/work/SCIB-INCEPTION-PHASE-DEMO/SCIB-INCEPTION-PHASE-DEMO/code/src/main/java/com/myproject/controllers/TaskManagementController.java:[50,49] method getUserTasks in interface com.myproject.services.interfaces.TaskService cannot be applied to given types;
2026-05-07T06:30:46.9410370Z [ERROR]   required: java.lang.Long,int,int
2026-05-07T06:30:46.9411236Z [ERROR]   found:    java.lang.Long,org.springframework.data.domain.Pageable
2026-05-07T06:30:46.9412221Z [ERROR]   reason: actual and formal argument lists differ in length
2026-05-07T06:30:46.9412943Z [ERROR] 
2026-05-07T06:30:46.9413709Z [ERROR] -> [Help 1]
2026-05-07T06:30:46.9414049Z [ERROR] 
2026-05-07T06:30:46.9414540Z [ERROR] To see the full stack trace of the errors, re-run Maven with the -e switch.
2026-05-07T06:30:46.9415160Z [ERROR] Re-run Maven using the -X switch to enable full debug logging.
2026-05-07T06:30:46.9415488Z [ERROR] 
2026-05-07T06:30:46.9416220Z [ERROR] For more information about the errors and possible solutions, please read the following articles:
2026-05-07T06:30:46.9417453Z [ERROR] [Help 1] http://cwiki.apache.org/confluence/display/MAVEN/MojoFailureException
2026-05-07T06:30:46.9795884Z ##[error]Process completed with exit code 1.
2026-05-07T06:30:46.9886285Z ##[group]Run actions/upload-artifact@v4
2026-05-07T06:30:46.9886593Z with:
2026-05-07T06:30:46.9886770Z   name: test-results
2026-05-07T06:30:46.9886995Z   path: code/target/surefire-reports/
2026-05-07T06:30:46.9887253Z   retention-days: 30
2026-05-07T06:30:46.9887449Z   if-no-files-found: ignore
2026-05-07T06:30:46.9887666Z   compression-level: 6
2026-05-07T06:30:46.9887862Z   overwrite: false
2026-05-07T06:30:46.9888049Z   include-hidden-files: false
2026-05-07T06:30:46.9888274Z env:
2026-05-07T06:30:46.9888542Z   JAVA_HOME: /opt/hostedtoolcache/Java_Temurin-Hotspot_jdk/21.0.10-7/x64
2026-05-07T06:30:46.9888998Z   JAVA_HOME_21_X64: /opt/hostedtoolcache/Java_Temurin-Hotspot_jdk/21.0.10-7/x64
2026-05-07T06:30:46.9889335Z ##[endgroup]
2026-05-07T06:30:47.2105998Z No files were found with the provided path: code/target/surefire-reports/. No artifacts will be uploaded.
2026-05-07T06:30:47.2221186Z ##[group]Run echo "## Build Summary" >> $GITHUB_STEP_SUMMARY
2026-05-07T06:30:47.2221611Z [36;1mecho "## Build Summary" >> $GITHUB_STEP_SUMMARY[0m
2026-05-07T06:30:47.2222005Z [36;1mecho "- **Repository**: $GITHUB_REPOSITORY" >> $GITHUB_STEP_SUMMARY[0m
2026-05-07T06:30:47.2222445Z [36;1mecho "- **Branch**: $GITHUB_REF_NAME" >> $GITHUB_STEP_SUMMARY[0m
2026-05-07T06:30:47.2222822Z [36;1mecho "- **Source Folder**: code" >> $GITHUB_STEP_SUMMARY[0m
2026-05-07T06:30:47.2223528Z [36;1mecho "- **Build Status**: completed" >> $GITHUB_STEP_SUMMARY[0m
2026-05-07T06:30:47.2244974Z shell: /usr/bin/bash -e {0}
2026-05-07T06:30:47.2245196Z env:
2026-05-07T06:30:47.2245472Z   JAVA_HOME: /opt/hostedtoolcache/Java_Temurin-Hotspot_jdk/21.0.10-7/x64
2026-05-07T06:30:47.2245941Z   JAVA_HOME_21_X64: /opt/hostedtoolcache/Java_Temurin-Hotspot_jdk/21.0.10-7/x64
2026-05-07T06:30:47.2246297Z ##[endgroup]
2026-05-07T06:30:47.2372430Z Post job cleanup.
2026-05-07T06:30:47.4203748Z Post job cleanup.
2026-05-07T06:30:47.5225944Z [command]/usr/bin/git version
2026-05-07T06:30:47.5263553Z git version 2.53.0
2026-05-07T06:30:47.5318011Z Temporarily overriding HOME='/home/runner/work/_temp/45a92a83-3cab-4e2c-ba58-8162b99d46ac' before making global git config changes
2026-05-07T06:30:47.5319333Z Adding repository directory to the temporary git global config as a safe directory
2026-05-07T06:30:47.5325410Z [command]/usr/bin/git config --global --add safe.directory /home/runner/work/SCIB-INCEPTION-PHASE-DEMO/SCIB-INCEPTION-PHASE-DEMO
2026-05-07T06:30:47.5364082Z [command]/usr/bin/git config --local --name-only --get-regexp core\.sshCommand
2026-05-07T06:30:47.5398159Z [command]/usr/bin/git submodule foreach --recursive sh -c "git config --local --name-only --get-regexp 'core\.sshCommand' && git config --local --unset-all 'core.sshCommand' || :"
2026-05-07T06:30:47.5625962Z [command]/usr/bin/git config --local --name-only --get-regexp http\.https\:\/\/github\.com\/\.extraheader
2026-05-07T06:30:47.5647295Z http.https://github.com/.extraheader
2026-05-07T06:30:47.5659583Z [command]/usr/bin/git config --local --unset-all http.https://github.com/.extraheader
2026-05-07T06:30:47.5689749Z [command]/usr/bin/git submodule foreach --recursive sh -c "git config --local --name-only --get-regexp 'http\.https\:\/\/github\.com\/\.extraheader' && git config --local --unset-all 'http.https://github.com/.extraheader' || :"
2026-05-07T06:30:47.5914433Z [command]/usr/bin/git config --local --name-only --get-regexp ^includeIf\.gitdir:
2026-05-07T06:30:47.5946275Z [command]/usr/bin/git submodule foreach --recursive git config --local --show-origin --name-only --get-regexp remote.origin.url
2026-05-07T06:30:47.6297112Z Cleaning up orphan processes
2026-05-07T06:30:47.6637536Z ##[warning]Node.js 20 actions are deprecated. The following actions are running on Node.js 20 and may not work as expected: actions/checkout@v4, actions/setup-java@v4, actions/upload-artifact@v4. Actions will be forced to run with Node.js 24 by default starting June 2nd, 2026. Node.js 20 will be removed from the runner on September 16th, 2026. Please check if updated versions of these actions are available that support Node.js 24. To opt into Node.js 24 now, set the FORCE_JAVASCRIPT_ACTIONS_TO_NODE24=true environment variable on the runner or in your workflow file. Once Node.js 24 becomes the default, you can temporarily opt out by setting ACTIONS_ALLOW_USE_UNSECURE_NODE_VERSION=true. For more information see: https://github.blog/changelog/2025-09-19-deprecation-of-node-20-on-github-actions-runners/
