2026-05-06T12:03:52.2525434Z Current runner version: '2.334.0'
2026-05-06T12:03:52.2551438Z ##[group]Runner Image Provisioner
2026-05-06T12:03:52.2552241Z Hosted Compute Agent
2026-05-06T12:03:52.2552936Z Version: 20260213.493
2026-05-06T12:03:52.2553505Z Commit: 5c115507f6dd24b8de37d8bbe0bb4509d0cc0fa3
2026-05-06T12:03:52.2554540Z Build Date: 2026-02-13T00:28:41Z
2026-05-06T12:03:52.2555257Z Worker ID: {d980357e-200b-408f-8283-cac45c4c26c4}
2026-05-06T12:03:52.2555958Z Azure Region: eastus
2026-05-06T12:03:52.2556543Z ##[endgroup]
2026-05-06T12:03:52.2558341Z ##[group]Operating System
2026-05-06T12:03:52.2558970Z Ubuntu
2026-05-06T12:03:52.2559411Z 24.04.4
2026-05-06T12:03:52.2560030Z LTS
2026-05-06T12:03:52.2560472Z ##[endgroup]
2026-05-06T12:03:52.2560959Z ##[group]Runner Image
2026-05-06T12:03:52.2561574Z Image: ubuntu-24.04
2026-05-06T12:03:52.2562109Z Version: 20260413.86.1
2026-05-06T12:03:52.2563342Z Included Software: https://github.com/actions/runner-images/blob/ubuntu24/20260413.86/images/ubuntu/Ubuntu2404-Readme.md
2026-05-06T12:03:52.2565095Z Image Release: https://github.com/actions/runner-images/releases/tag/ubuntu24%2F20260413.86
2026-05-06T12:03:52.2566040Z ##[endgroup]
2026-05-06T12:03:52.2567182Z ##[group]GITHUB_TOKEN Permissions
2026-05-06T12:03:52.2569407Z Contents: read
2026-05-06T12:03:52.2570072Z Metadata: read
2026-05-06T12:03:52.2570712Z Packages: read
2026-05-06T12:03:52.2571221Z ##[endgroup]
2026-05-06T12:03:52.2573405Z Secret source: Actions
2026-05-06T12:03:52.2574672Z Prepare workflow directory
2026-05-06T12:03:52.2908488Z Prepare all required actions
2026-05-06T12:03:52.2947287Z Getting action download info
2026-05-06T12:03:52.6260000Z Download action repository 'actions/checkout@v4' (SHA:34e114876b0b11c390a56381ad16ebd13914f8d5)
2026-05-06T12:03:52.7969371Z Download action repository 'actions/setup-java@v4' (SHA:c1e323688fd81a25caa38c78aa6df2d33d3e20d9)
2026-05-06T12:03:53.0462804Z Download action repository 'actions/upload-artifact@v4' (SHA:ea165f8d65b6e75b540449e92b4886f43607fa02)
2026-05-06T12:03:53.2651232Z Complete job name: build
2026-05-06T12:03:53.3361075Z ##[group]Run actions/checkout@v4
2026-05-06T12:03:53.3361873Z with:
2026-05-06T12:03:53.3362336Z   repository: ThapaswiASC/SCIB-INCEPTION-PHASE-DEMO
2026-05-06T12:03:53.3363120Z   token: ***
2026-05-06T12:03:53.3363494Z   ssh-strict: true
2026-05-06T12:03:53.3363885Z   ssh-user: git
2026-05-06T12:03:53.3364474Z   persist-credentials: true
2026-05-06T12:03:53.3364913Z   clean: true
2026-05-06T12:03:53.3365303Z   sparse-checkout-cone-mode: true
2026-05-06T12:03:53.3365768Z   fetch-depth: 1
2026-05-06T12:03:53.3366145Z   fetch-tags: false
2026-05-06T12:03:53.3366537Z   show-progress: true
2026-05-06T12:03:53.3366932Z   lfs: false
2026-05-06T12:03:53.3367289Z   submodules: false
2026-05-06T12:03:53.3367690Z   set-safe-directory: true
2026-05-06T12:03:53.3368456Z ##[endgroup]
2026-05-06T12:03:53.4497874Z Syncing repository: ThapaswiASC/SCIB-INCEPTION-PHASE-DEMO
2026-05-06T12:03:53.4499743Z ##[group]Getting Git version info
2026-05-06T12:03:53.4500693Z Working directory is '/home/runner/work/SCIB-INCEPTION-PHASE-DEMO/SCIB-INCEPTION-PHASE-DEMO'
2026-05-06T12:03:53.4501808Z [command]/usr/bin/git version
2026-05-06T12:03:53.4539922Z git version 2.53.0
2026-05-06T12:03:53.4564215Z ##[endgroup]
2026-05-06T12:03:53.4579052Z Temporarily overriding HOME='/home/runner/work/_temp/935e3e22-7ee8-473c-8d46-8a41a2a49923' before making global git config changes
2026-05-06T12:03:53.4580437Z Adding repository directory to the temporary git global config as a safe directory
2026-05-06T12:03:53.4592807Z [command]/usr/bin/git config --global --add safe.directory /home/runner/work/SCIB-INCEPTION-PHASE-DEMO/SCIB-INCEPTION-PHASE-DEMO
2026-05-06T12:03:53.4626224Z Deleting the contents of '/home/runner/work/SCIB-INCEPTION-PHASE-DEMO/SCIB-INCEPTION-PHASE-DEMO'
2026-05-06T12:03:53.4629530Z ##[group]Initializing the repository
2026-05-06T12:03:53.4633741Z [command]/usr/bin/git init /home/runner/work/SCIB-INCEPTION-PHASE-DEMO/SCIB-INCEPTION-PHASE-DEMO
2026-05-06T12:03:53.4692220Z hint: Using 'master' as the name for the initial branch. This default branch name
2026-05-06T12:03:53.4693884Z hint: will change to "main" in Git 3.0. To configure the initial branch name
2026-05-06T12:03:53.4695268Z hint: to use in all of your new repositories, which will suppress this warning,
2026-05-06T12:03:53.4695955Z hint: call:
2026-05-06T12:03:53.4696558Z hint:
2026-05-06T12:03:53.4697036Z hint: 	git config --global init.defaultBranch <name>
2026-05-06T12:03:53.4697694Z hint:
2026-05-06T12:03:53.4698260Z hint: Names commonly chosen instead of 'master' are 'main', 'trunk' and
2026-05-06T12:03:53.4699106Z hint: 'development'. The just-created branch can be renamed via this command:
2026-05-06T12:03:53.4699765Z hint:
2026-05-06T12:03:53.4700120Z hint: 	git branch -m <name>
2026-05-06T12:03:53.4700538Z hint:
2026-05-06T12:03:53.4701089Z hint: Disable this message with "git config set advice.defaultBranchName false"
2026-05-06T12:03:53.4702247Z Initialized empty Git repository in /home/runner/work/SCIB-INCEPTION-PHASE-DEMO/SCIB-INCEPTION-PHASE-DEMO/.git/
2026-05-06T12:03:53.4704963Z [command]/usr/bin/git remote add origin https://github.com/ThapaswiASC/SCIB-INCEPTION-PHASE-DEMO
2026-05-06T12:03:53.4737389Z ##[endgroup]
2026-05-06T12:03:53.4738443Z ##[group]Disabling automatic garbage collection
2026-05-06T12:03:53.4742491Z [command]/usr/bin/git config --local gc.auto 0
2026-05-06T12:03:53.4772484Z ##[endgroup]
2026-05-06T12:03:53.4773468Z ##[group]Setting up auth
2026-05-06T12:03:53.4780525Z [command]/usr/bin/git config --local --name-only --get-regexp core\.sshCommand
2026-05-06T12:03:53.4815435Z [command]/usr/bin/git submodule foreach --recursive sh -c "git config --local --name-only --get-regexp 'core\.sshCommand' && git config --local --unset-all 'core.sshCommand' || :"
2026-05-06T12:03:53.5100733Z [command]/usr/bin/git config --local --name-only --get-regexp http\.https\:\/\/github\.com\/\.extraheader
2026-05-06T12:03:53.5133088Z [command]/usr/bin/git submodule foreach --recursive sh -c "git config --local --name-only --get-regexp 'http\.https\:\/\/github\.com\/\.extraheader' && git config --local --unset-all 'http.https://github.com/.extraheader' || :"
2026-05-06T12:03:53.5362139Z [command]/usr/bin/git config --local --name-only --get-regexp ^includeIf\.gitdir:
2026-05-06T12:03:53.5393588Z [command]/usr/bin/git submodule foreach --recursive git config --local --show-origin --name-only --get-regexp remote.origin.url
2026-05-06T12:03:53.5639681Z [command]/usr/bin/git config --local http.https://github.com/.extraheader AUTHORIZATION: basic ***
2026-05-06T12:03:53.5677469Z ##[endgroup]
2026-05-06T12:03:53.5678411Z ##[group]Fetching the repository
2026-05-06T12:03:53.5686449Z [command]/usr/bin/git -c protocol.version=2 fetch --no-tags --prune --no-recurse-submodules --depth=1 origin +b9c4de517da6a0460c485bfba705ca7447e781e6:refs/remotes/origin/feature/DEMO-759
2026-05-06T12:03:53.7935520Z From https://github.com/ThapaswiASC/SCIB-INCEPTION-PHASE-DEMO
2026-05-06T12:03:53.7937217Z  * [new ref]         b9c4de517da6a0460c485bfba705ca7447e781e6 -> origin/feature/DEMO-759
2026-05-06T12:03:53.7967821Z ##[endgroup]
2026-05-06T12:03:53.7968907Z ##[group]Determining the checkout info
2026-05-06T12:03:53.7970427Z ##[endgroup]
2026-05-06T12:03:53.7975012Z [command]/usr/bin/git sparse-checkout disable
2026-05-06T12:03:53.8012763Z [command]/usr/bin/git config --local --unset-all extensions.worktreeConfig
2026-05-06T12:03:53.8040900Z ##[group]Checking out the ref
2026-05-06T12:03:53.8044779Z [command]/usr/bin/git checkout --progress --force -B feature/DEMO-759 refs/remotes/origin/feature/DEMO-759
2026-05-06T12:03:53.8187066Z Switched to a new branch 'feature/DEMO-759'
2026-05-06T12:03:53.8189164Z branch 'feature/DEMO-759' set up to track 'origin/feature/DEMO-759'.
2026-05-06T12:03:53.8197868Z ##[endgroup]
2026-05-06T12:03:53.8234593Z [command]/usr/bin/git log -1 --format=%H
2026-05-06T12:03:53.8257994Z b9c4de517da6a0460c485bfba705ca7447e781e6
2026-05-06T12:03:53.8620536Z ##[group]Run actions/setup-java@v4
2026-05-06T12:03:53.8621606Z with:
2026-05-06T12:03:53.8622507Z   java-version: 21
2026-05-06T12:03:53.8623305Z   distribution: temurin
2026-05-06T12:03:53.8624268Z   cache: maven
2026-05-06T12:03:53.8625002Z   java-package: jdk
2026-05-06T12:03:53.8625774Z   check-latest: false
2026-05-06T12:03:53.8626576Z   server-id: github
2026-05-06T12:03:53.8627375Z   server-username: GITHUB_ACTOR
2026-05-06T12:03:53.8628343Z   server-password: GITHUB_TOKEN
2026-05-06T12:03:53.8629300Z   overwrite-settings: true
2026-05-06T12:03:53.8630186Z   job-status: success
2026-05-06T12:03:53.8631286Z   token: ***
2026-05-06T12:03:53.8631995Z ##[endgroup]
2026-05-06T12:03:54.0695373Z ##[group]Installed distributions
2026-05-06T12:03:54.0970630Z Resolved Java 21.0.10+7 from tool-cache
2026-05-06T12:03:54.0971505Z Setting Java 21.0.10+7 as the default
2026-05-06T12:03:54.0984537Z Creating toolchains.xml for JDK version 21 from temurin
2026-05-06T12:03:54.1058605Z Writing to /home/runner/.m2/toolchains.xml
2026-05-06T12:03:54.1059125Z 
2026-05-06T12:03:54.1059329Z Java configuration:
2026-05-06T12:03:54.1060455Z   Distribution: temurin
2026-05-06T12:03:54.1061037Z   Version: 21.0.10+7
2026-05-06T12:03:54.1061829Z   Path: /opt/hostedtoolcache/Java_Temurin-Hotspot_jdk/21.0.10-7/x64
2026-05-06T12:03:54.1062417Z 
2026-05-06T12:03:54.1063152Z ##[endgroup]
2026-05-06T12:03:54.1085842Z Creating settings.xml with server-id: github
2026-05-06T12:03:54.1088709Z Writing to /home/runner/.m2/settings.xml
2026-05-06T12:03:54.2559437Z maven cache is not found
2026-05-06T12:03:54.2788141Z ##[group]Run mvn clean verify -DskipTests --no-transfer-progress
2026-05-06T12:03:54.2788991Z [36;1mmvn clean verify -DskipTests --no-transfer-progress[0m
2026-05-06T12:03:54.2818141Z shell: /usr/bin/bash -e {0}
2026-05-06T12:03:54.2818599Z env:
2026-05-06T12:03:54.2819093Z   JAVA_HOME: /opt/hostedtoolcache/Java_Temurin-Hotspot_jdk/21.0.10-7/x64
2026-05-06T12:03:54.2819807Z   JAVA_HOME_21_X64: /opt/hostedtoolcache/Java_Temurin-Hotspot_jdk/21.0.10-7/x64
2026-05-06T12:03:54.2820382Z ##[endgroup]
2026-05-06T12:03:57.1376516Z [INFO] Scanning for projects...
2026-05-06T12:04:00.7651415Z [INFO] 
2026-05-06T12:04:00.7665547Z [INFO] ----------------------< com.myproject:myproject >-----------------------
2026-05-06T12:04:00.7668253Z [INFO] Building myproject 1.0.0-SNAPSHOT
2026-05-06T12:04:00.7669327Z [INFO]   from pom.xml
2026-05-06T12:04:00.7693146Z [INFO] --------------------------------[ jar ]---------------------------------
2026-05-06T12:04:08.4376899Z [INFO] 
2026-05-06T12:04:08.4385434Z [INFO] --- clean:3.4.1:clean (default-clean) @ myproject ---
2026-05-06T12:04:08.6059848Z [INFO] 
2026-05-06T12:04:08.6063968Z [INFO] --- jacoco:0.8.11:prepare-agent (default) @ myproject ---
2026-05-06T12:04:09.8900755Z [INFO] argLine set to -javaagent:/home/runner/.m2/repository/org/jacoco/org.jacoco.agent/0.8.11/org.jacoco.agent-0.8.11-runtime.jar=destfile=/home/runner/work/SCIB-INCEPTION-PHASE-DEMO/SCIB-INCEPTION-PHASE-DEMO/code/target/jacoco.exec
2026-05-06T12:04:09.8902735Z [INFO] 
2026-05-06T12:04:09.8903241Z [INFO] --- resources:3.3.1:resources (default-resources) @ myproject ---
2026-05-06T12:04:10.3685475Z [INFO] Copying 1 resource from src/main/resources to target/classes
2026-05-06T12:04:10.3825500Z [INFO] Copying 0 resource from src/main/resources to target/classes
2026-05-06T12:04:10.3854981Z [INFO] 
2026-05-06T12:04:10.3856001Z [INFO] --- compiler:3.14.1:compile (default-compile) @ myproject ---
2026-05-06T12:04:11.2114706Z [INFO] Recompiling the module because of changed source code.
2026-05-06T12:04:11.2197842Z [INFO] Compiling 51 source files with javac [debug parameters release 21] to target/classes
2026-05-06T12:04:12.3537372Z [INFO] -------------------------------------------------------------
2026-05-06T12:04:12.3538483Z [ERROR] COMPILATION ERROR : 
2026-05-06T12:04:12.3539312Z [INFO] -------------------------------------------------------------
2026-05-06T12:04:12.3541560Z [ERROR] /home/runner/work/SCIB-INCEPTION-PHASE-DEMO/SCIB-INCEPTION-PHASE-DEMO/code/src/main/java/com/myproject/models/entities/Column.java:[12,6] incompatible types: com.myproject.models.entities.Column cannot be converted to java.lang.annotation.Annotation
2026-05-06T12:04:12.3546293Z [ERROR] /home/runner/work/SCIB-INCEPTION-PHASE-DEMO/SCIB-INCEPTION-PHASE-DEMO/code/src/main/java/com/myproject/models/entities/Column.java:[15,6] incompatible types: com.myproject.models.entities.Column cannot be converted to java.lang.annotation.Annotation
2026-05-06T12:04:12.3552367Z [ERROR] /home/runner/work/SCIB-INCEPTION-PHASE-DEMO/SCIB-INCEPTION-PHASE-DEMO/code/src/main/java/com/myproject/models/entities/Column.java:[18,6] incompatible types: com.myproject.models.entities.Column cannot be converted to java.lang.annotation.Annotation
2026-05-06T12:04:12.3556344Z [ERROR] /home/runner/work/SCIB-INCEPTION-PHASE-DEMO/SCIB-INCEPTION-PHASE-DEMO/code/src/main/java/com/myproject/models/entities/Column.java:[21,6] incompatible types: com.myproject.models.entities.Column cannot be converted to java.lang.annotation.Annotation
2026-05-06T12:04:12.3559809Z [ERROR] /home/runner/work/SCIB-INCEPTION-PHASE-DEMO/SCIB-INCEPTION-PHASE-DEMO/code/src/main/java/com/myproject/models/entities/Column.java:[24,6] incompatible types: com.myproject.models.entities.Column cannot be converted to java.lang.annotation.Annotation
2026-05-06T12:04:12.3563794Z [ERROR] /home/runner/work/SCIB-INCEPTION-PHASE-DEMO/SCIB-INCEPTION-PHASE-DEMO/code/src/main/java/com/myproject/models/entities/Column.java:[27,6] incompatible types: com.myproject.models.entities.Column cannot be converted to java.lang.annotation.Annotation
2026-05-06T12:04:12.3567622Z [ERROR] /home/runner/work/SCIB-INCEPTION-PHASE-DEMO/SCIB-INCEPTION-PHASE-DEMO/code/src/main/java/com/myproject/models/entities/Task.java:[21,6] incompatible types: com.myproject.models.entities.Column cannot be converted to java.lang.annotation.Annotation
2026-05-06T12:04:12.3571430Z [ERROR] /home/runner/work/SCIB-INCEPTION-PHASE-DEMO/SCIB-INCEPTION-PHASE-DEMO/code/src/main/java/com/myproject/models/entities/Task.java:[24,6] incompatible types: com.myproject.models.entities.Column cannot be converted to java.lang.annotation.Annotation
2026-05-06T12:04:12.3575264Z [ERROR] /home/runner/work/SCIB-INCEPTION-PHASE-DEMO/SCIB-INCEPTION-PHASE-DEMO/code/src/main/java/com/myproject/models/entities/Task.java:[27,6] incompatible types: com.myproject.models.entities.Column cannot be converted to java.lang.annotation.Annotation
2026-05-06T12:04:12.3578879Z [ERROR] /home/runner/work/SCIB-INCEPTION-PHASE-DEMO/SCIB-INCEPTION-PHASE-DEMO/code/src/main/java/com/myproject/models/entities/Task.java:[30,6] incompatible types: com.myproject.models.entities.Column cannot be converted to java.lang.annotation.Annotation
2026-05-06T12:04:12.3583333Z [ERROR] /home/runner/work/SCIB-INCEPTION-PHASE-DEMO/SCIB-INCEPTION-PHASE-DEMO/code/src/main/java/com/myproject/models/entities/Task.java:[33,6] incompatible types: com.myproject.models.entities.Column cannot be converted to java.lang.annotation.Annotation
2026-05-06T12:04:12.3592737Z [ERROR] /home/runner/work/SCIB-INCEPTION-PHASE-DEMO/SCIB-INCEPTION-PHASE-DEMO/code/src/main/java/com/myproject/models/entities/Task.java:[36,6] incompatible types: com.myproject.models.entities.Column cannot be converted to java.lang.annotation.Annotation
2026-05-06T12:04:12.3611340Z [ERROR] /home/runner/work/SCIB-INCEPTION-PHASE-DEMO/SCIB-INCEPTION-PHASE-DEMO/code/src/main/java/com/myproject/models/entities/Task.java:[39,6] incompatible types: com.myproject.models.entities.Column cannot be converted to java.lang.annotation.Annotation
2026-05-06T12:04:12.3616387Z [ERROR] /home/runner/work/SCIB-INCEPTION-PHASE-DEMO/SCIB-INCEPTION-PHASE-DEMO/code/src/main/java/com/myproject/models/entities/Task.java:[43,6] incompatible types: com.myproject.models.entities.Column cannot be converted to java.lang.annotation.Annotation
2026-05-06T12:04:12.3640810Z [ERROR] /home/runner/work/SCIB-INCEPTION-PHASE-DEMO/SCIB-INCEPTION-PHASE-DEMO/code/src/main/java/com/myproject/models/entities/Task.java:[47,6] incompatible types: com.myproject.models.entities.Column cannot be converted to java.lang.annotation.Annotation
2026-05-06T12:04:12.3644913Z [ERROR] /home/runner/work/SCIB-INCEPTION-PHASE-DEMO/SCIB-INCEPTION-PHASE-DEMO/code/src/main/java/com/myproject/models/entities/User.java:[17,6] incompatible types: com.myproject.models.entities.Column cannot be converted to java.lang.annotation.Annotation
2026-05-06T12:04:12.3654320Z [ERROR] /home/runner/work/SCIB-INCEPTION-PHASE-DEMO/SCIB-INCEPTION-PHASE-DEMO/code/src/main/java/com/myproject/models/entities/User.java:[20,6] incompatible types: com.myproject.models.entities.Column cannot be converted to java.lang.annotation.Annotation
2026-05-06T12:04:12.3660557Z [ERROR] /home/runner/work/SCIB-INCEPTION-PHASE-DEMO/SCIB-INCEPTION-PHASE-DEMO/code/src/main/java/com/myproject/models/entities/User.java:[23,6] incompatible types: com.myproject.models.entities.Column cannot be converted to java.lang.annotation.Annotation
2026-05-06T12:04:12.3663776Z [ERROR] /home/runner/work/SCIB-INCEPTION-PHASE-DEMO/SCIB-INCEPTION-PHASE-DEMO/code/src/main/java/com/myproject/models/entities/User.java:[27,6] incompatible types: com.myproject.models.entities.Column cannot be converted to java.lang.annotation.Annotation
2026-05-06T12:04:12.3667071Z [ERROR] /home/runner/work/SCIB-INCEPTION-PHASE-DEMO/SCIB-INCEPTION-PHASE-DEMO/code/src/main/java/com/myproject/models/entities/User.java:[31,6] incompatible types: com.myproject.models.entities.Column cannot be converted to java.lang.annotation.Annotation
2026-05-06T12:04:12.3669522Z [ERROR] /home/runner/work/SCIB-INCEPTION-PHASE-DEMO/SCIB-INCEPTION-PHASE-DEMO/code/src/main/java/com/myproject/models/entities/BoardColumn.java:[12,6] incompatible types: com.myproject.models.entities.Column cannot be converted to java.lang.annotation.Annotation
2026-05-06T12:04:12.3671329Z [ERROR] /home/runner/work/SCIB-INCEPTION-PHASE-DEMO/SCIB-INCEPTION-PHASE-DEMO/code/src/main/java/com/myproject/models/entities/BoardColumn.java:[15,6] incompatible types: com.myproject.models.entities.Column cannot be converted to java.lang.annotation.Annotation
2026-05-06T12:04:12.3673016Z [ERROR] /home/runner/work/SCIB-INCEPTION-PHASE-DEMO/SCIB-INCEPTION-PHASE-DEMO/code/src/main/java/com/myproject/models/entities/BoardColumn.java:[18,6] incompatible types: com.myproject.models.entities.Column cannot be converted to java.lang.annotation.Annotation
2026-05-06T12:04:12.3674950Z [ERROR] /home/runner/work/SCIB-INCEPTION-PHASE-DEMO/SCIB-INCEPTION-PHASE-DEMO/code/src/main/java/com/myproject/models/entities/BoardColumn.java:[21,6] incompatible types: com.myproject.models.entities.Column cannot be converted to java.lang.annotation.Annotation
2026-05-06T12:04:12.3676700Z [ERROR] /home/runner/work/SCIB-INCEPTION-PHASE-DEMO/SCIB-INCEPTION-PHASE-DEMO/code/src/main/java/com/myproject/models/entities/BoardColumn.java:[24,6] incompatible types: com.myproject.models.entities.Column cannot be converted to java.lang.annotation.Annotation
2026-05-06T12:04:12.3678450Z [ERROR] /home/runner/work/SCIB-INCEPTION-PHASE-DEMO/SCIB-INCEPTION-PHASE-DEMO/code/src/main/java/com/myproject/models/entities/BoardColumn.java:[27,6] incompatible types: com.myproject.models.entities.Column cannot be converted to java.lang.annotation.Annotation
2026-05-06T12:04:12.3679410Z [INFO] 26 errors 
2026-05-06T12:04:12.3679680Z [INFO] -------------------------------------------------------------
2026-05-06T12:04:12.3680066Z [INFO] ------------------------------------------------------------------------
2026-05-06T12:04:12.3680396Z [INFO] BUILD FAILURE
2026-05-06T12:04:12.3680670Z [INFO] ------------------------------------------------------------------------
2026-05-06T12:04:12.3680997Z [INFO] Total time:  15.256 s
2026-05-06T12:04:12.3681249Z [INFO] Finished at: 2026-05-06T12:04:12Z
2026-05-06T12:04:12.3681564Z [INFO] ------------------------------------------------------------------------
2026-05-06T12:04:12.3682336Z [ERROR] Failed to execute goal org.apache.maven.plugins:maven-compiler-plugin:3.14.1:compile (default-compile) on project myproject: Compilation failure: Compilation failure: 
2026-05-06T12:04:12.3683778Z [ERROR] /home/runner/work/SCIB-INCEPTION-PHASE-DEMO/SCIB-INCEPTION-PHASE-DEMO/code/src/main/java/com/myproject/models/entities/Column.java:[12,6] incompatible types: com.myproject.models.entities.Column cannot be converted to java.lang.annotation.Annotation
2026-05-06T12:04:12.3685800Z [ERROR] /home/runner/work/SCIB-INCEPTION-PHASE-DEMO/SCIB-INCEPTION-PHASE-DEMO/code/src/main/java/com/myproject/models/entities/Column.java:[15,6] incompatible types: com.myproject.models.entities.Column cannot be converted to java.lang.annotation.Annotation
2026-05-06T12:04:12.3687448Z [ERROR] /home/runner/work/SCIB-INCEPTION-PHASE-DEMO/SCIB-INCEPTION-PHASE-DEMO/code/src/main/java/com/myproject/models/entities/Column.java:[18,6] incompatible types: com.myproject.models.entities.Column cannot be converted to java.lang.annotation.Annotation
2026-05-06T12:04:12.3689099Z [ERROR] /home/runner/work/SCIB-INCEPTION-PHASE-DEMO/SCIB-INCEPTION-PHASE-DEMO/code/src/main/java/com/myproject/models/entities/Column.java:[21,6] incompatible types: com.myproject.models.entities.Column cannot be converted to java.lang.annotation.Annotation
2026-05-06T12:04:12.3690741Z [ERROR] /home/runner/work/SCIB-INCEPTION-PHASE-DEMO/SCIB-INCEPTION-PHASE-DEMO/code/src/main/java/com/myproject/models/entities/Column.java:[24,6] incompatible types: com.myproject.models.entities.Column cannot be converted to java.lang.annotation.Annotation
2026-05-06T12:04:12.3692497Z [ERROR] /home/runner/work/SCIB-INCEPTION-PHASE-DEMO/SCIB-INCEPTION-PHASE-DEMO/code/src/main/java/com/myproject/models/entities/Column.java:[27,6] incompatible types: com.myproject.models.entities.Column cannot be converted to java.lang.annotation.Annotation
2026-05-06T12:04:12.3694337Z [ERROR] /home/runner/work/SCIB-INCEPTION-PHASE-DEMO/SCIB-INCEPTION-PHASE-DEMO/code/src/main/java/com/myproject/models/entities/Task.java:[21,6] incompatible types: com.myproject.models.entities.Column cannot be converted to java.lang.annotation.Annotation
2026-05-06T12:04:12.3695961Z [ERROR] /home/runner/work/SCIB-INCEPTION-PHASE-DEMO/SCIB-INCEPTION-PHASE-DEMO/code/src/main/java/com/myproject/models/entities/Task.java:[24,6] incompatible types: com.myproject.models.entities.Column cannot be converted to java.lang.annotation.Annotation
2026-05-06T12:04:12.3697593Z [ERROR] /home/runner/work/SCIB-INCEPTION-PHASE-DEMO/SCIB-INCEPTION-PHASE-DEMO/code/src/main/java/com/myproject/models/entities/Task.java:[27,6] incompatible types: com.myproject.models.entities.Column cannot be converted to java.lang.annotation.Annotation
2026-05-06T12:04:12.3699209Z [ERROR] /home/runner/work/SCIB-INCEPTION-PHASE-DEMO/SCIB-INCEPTION-PHASE-DEMO/code/src/main/java/com/myproject/models/entities/Task.java:[30,6] incompatible types: com.myproject.models.entities.Column cannot be converted to java.lang.annotation.Annotation
2026-05-06T12:04:12.3700814Z [ERROR] /home/runner/work/SCIB-INCEPTION-PHASE-DEMO/SCIB-INCEPTION-PHASE-DEMO/code/src/main/java/com/myproject/models/entities/Task.java:[33,6] incompatible types: com.myproject.models.entities.Column cannot be converted to java.lang.annotation.Annotation
2026-05-06T12:04:12.3702431Z [ERROR] /home/runner/work/SCIB-INCEPTION-PHASE-DEMO/SCIB-INCEPTION-PHASE-DEMO/code/src/main/java/com/myproject/models/entities/Task.java:[36,6] incompatible types: com.myproject.models.entities.Column cannot be converted to java.lang.annotation.Annotation
2026-05-06T12:04:12.3704211Z [ERROR] /home/runner/work/SCIB-INCEPTION-PHASE-DEMO/SCIB-INCEPTION-PHASE-DEMO/code/src/main/java/com/myproject/models/entities/Task.java:[39,6] incompatible types: com.myproject.models.entities.Column cannot be converted to java.lang.annotation.Annotation
2026-05-06T12:04:12.3706023Z [ERROR] /home/runner/work/SCIB-INCEPTION-PHASE-DEMO/SCIB-INCEPTION-PHASE-DEMO/code/src/main/java/com/myproject/models/entities/Task.java:[43,6] incompatible types: com.myproject.models.entities.Column cannot be converted to java.lang.annotation.Annotation
2026-05-06T12:04:12.3707643Z [ERROR] /home/runner/work/SCIB-INCEPTION-PHASE-DEMO/SCIB-INCEPTION-PHASE-DEMO/code/src/main/java/com/myproject/models/entities/Task.java:[47,6] incompatible types: com.myproject.models.entities.Column cannot be converted to java.lang.annotation.Annotation
2026-05-06T12:04:12.3709483Z [ERROR] /home/runner/work/SCIB-INCEPTION-PHASE-DEMO/SCIB-INCEPTION-PHASE-DEMO/code/src/main/java/com/myproject/models/entities/User.java:[17,6] incompatible types: com.myproject.models.entities.Column cannot be converted to java.lang.annotation.Annotation
2026-05-06T12:04:12.3711108Z [ERROR] /home/runner/work/SCIB-INCEPTION-PHASE-DEMO/SCIB-INCEPTION-PHASE-DEMO/code/src/main/java/com/myproject/models/entities/User.java:[20,6] incompatible types: com.myproject.models.entities.Column cannot be converted to java.lang.annotation.Annotation
2026-05-06T12:04:12.3712723Z [ERROR] /home/runner/work/SCIB-INCEPTION-PHASE-DEMO/SCIB-INCEPTION-PHASE-DEMO/code/src/main/java/com/myproject/models/entities/User.java:[23,6] incompatible types: com.myproject.models.entities.Column cannot be converted to java.lang.annotation.Annotation
2026-05-06T12:04:12.3714522Z [ERROR] /home/runner/work/SCIB-INCEPTION-PHASE-DEMO/SCIB-INCEPTION-PHASE-DEMO/code/src/main/java/com/myproject/models/entities/User.java:[27,6] incompatible types: com.myproject.models.entities.Column cannot be converted to java.lang.annotation.Annotation
2026-05-06T12:04:12.3716274Z [ERROR] /home/runner/work/SCIB-INCEPTION-PHASE-DEMO/SCIB-INCEPTION-PHASE-DEMO/code/src/main/java/com/myproject/models/entities/User.java:[31,6] incompatible types: com.myproject.models.entities.Column cannot be converted to java.lang.annotation.Annotation
2026-05-06T12:04:12.3717961Z [ERROR] /home/runner/work/SCIB-INCEPTION-PHASE-DEMO/SCIB-INCEPTION-PHASE-DEMO/code/src/main/java/com/myproject/models/entities/BoardColumn.java:[12,6] incompatible types: com.myproject.models.entities.Column cannot be converted to java.lang.annotation.Annotation
2026-05-06T12:04:12.3719641Z [ERROR] /home/runner/work/SCIB-INCEPTION-PHASE-DEMO/SCIB-INCEPTION-PHASE-DEMO/code/src/main/java/com/myproject/models/entities/BoardColumn.java:[15,6] incompatible types: com.myproject.models.entities.Column cannot be converted to java.lang.annotation.Annotation
2026-05-06T12:04:12.3721324Z [ERROR] /home/runner/work/SCIB-INCEPTION-PHASE-DEMO/SCIB-INCEPTION-PHASE-DEMO/code/src/main/java/com/myproject/models/entities/BoardColumn.java:[18,6] incompatible types: com.myproject.models.entities.Column cannot be converted to java.lang.annotation.Annotation
2026-05-06T12:04:12.3722995Z [ERROR] /home/runner/work/SCIB-INCEPTION-PHASE-DEMO/SCIB-INCEPTION-PHASE-DEMO/code/src/main/java/com/myproject/models/entities/BoardColumn.java:[21,6] incompatible types: com.myproject.models.entities.Column cannot be converted to java.lang.annotation.Annotation
2026-05-06T12:04:12.3724846Z [ERROR] /home/runner/work/SCIB-INCEPTION-PHASE-DEMO/SCIB-INCEPTION-PHASE-DEMO/code/src/main/java/com/myproject/models/entities/BoardColumn.java:[24,6] incompatible types: com.myproject.models.entities.Column cannot be converted to java.lang.annotation.Annotation
2026-05-06T12:04:12.3726512Z [ERROR] /home/runner/work/SCIB-INCEPTION-PHASE-DEMO/SCIB-INCEPTION-PHASE-DEMO/code/src/main/java/com/myproject/models/entities/BoardColumn.java:[27,6] incompatible types: com.myproject.models.entities.Column cannot be converted to java.lang.annotation.Annotation
2026-05-06T12:04:12.3727483Z [ERROR] -> [Help 1]
2026-05-06T12:04:12.3727700Z [ERROR] 
2026-05-06T12:04:12.3728140Z [ERROR] To see the full stack trace of the errors, re-run Maven with the -e switch.
2026-05-06T12:04:12.3728627Z [ERROR] Re-run Maven using the -X switch to enable full debug logging.
2026-05-06T12:04:12.3728961Z [ERROR] 
2026-05-06T12:04:12.3729356Z [ERROR] For more information about the errors and possible solutions, please read the following articles:
2026-05-06T12:04:12.3730045Z [ERROR] [Help 1] http://cwiki.apache.org/confluence/display/MAVEN/MojoFailureException
2026-05-06T12:04:12.4016098Z ##[error]Process completed with exit code 1.
2026-05-06T12:04:12.4107088Z ##[group]Run actions/upload-artifact@v4
2026-05-06T12:04:12.4107363Z with:
2026-05-06T12:04:12.4107710Z   name: test-results
2026-05-06T12:04:12.4107927Z   path: code/target/surefire-reports/
2026-05-06T12:04:12.4108181Z   retention-days: 30
2026-05-06T12:04:12.4108379Z   if-no-files-found: ignore
2026-05-06T12:04:12.4108600Z   compression-level: 6
2026-05-06T12:04:12.4108801Z   overwrite: false
2026-05-06T12:04:12.4109012Z   include-hidden-files: false
2026-05-06T12:04:12.4109238Z env:
2026-05-06T12:04:12.4109513Z   JAVA_HOME: /opt/hostedtoolcache/Java_Temurin-Hotspot_jdk/21.0.10-7/x64
2026-05-06T12:04:12.4109974Z   JAVA_HOME_21_X64: /opt/hostedtoolcache/Java_Temurin-Hotspot_jdk/21.0.10-7/x64
2026-05-06T12:04:12.4110317Z ##[endgroup]
2026-05-06T12:04:12.6249992Z No files were found with the provided path: code/target/surefire-reports/. No artifacts will be uploaded.
2026-05-06T12:04:12.6371000Z ##[group]Run echo "## Build Summary" >> $GITHUB_STEP_SUMMARY
2026-05-06T12:04:12.6371427Z [36;1mecho "## Build Summary" >> $GITHUB_STEP_SUMMARY[0m
2026-05-06T12:04:12.6371816Z [36;1mecho "- **Repository**: $GITHUB_REPOSITORY" >> $GITHUB_STEP_SUMMARY[0m
2026-05-06T12:04:12.6372263Z [36;1mecho "- **Branch**: $GITHUB_REF_NAME" >> $GITHUB_STEP_SUMMARY[0m
2026-05-06T12:04:12.6372640Z [36;1mecho "- **Source Folder**: code" >> $GITHUB_STEP_SUMMARY[0m
2026-05-06T12:04:12.6373023Z [36;1mecho "- **Build Status**: completed" >> $GITHUB_STEP_SUMMARY[0m
2026-05-06T12:04:12.6396943Z shell: /usr/bin/bash -e {0}
2026-05-06T12:04:12.6397199Z env:
2026-05-06T12:04:12.6397490Z   JAVA_HOME: /opt/hostedtoolcache/Java_Temurin-Hotspot_jdk/21.0.10-7/x64
2026-05-06T12:04:12.6397970Z   JAVA_HOME_21_X64: /opt/hostedtoolcache/Java_Temurin-Hotspot_jdk/21.0.10-7/x64
2026-05-06T12:04:12.6398326Z ##[endgroup]
2026-05-06T12:04:12.6544844Z Post job cleanup.
2026-05-06T12:04:12.8418040Z Post job cleanup.
2026-05-06T12:04:12.9380139Z [command]/usr/bin/git version
2026-05-06T12:04:12.9416198Z git version 2.53.0
2026-05-06T12:04:12.9458611Z Temporarily overriding HOME='/home/runner/work/_temp/1f777b2f-6dc7-4986-b60b-b94132002b29' before making global git config changes
2026-05-06T12:04:12.9459895Z Adding repository directory to the temporary git global config as a safe directory
2026-05-06T12:04:12.9465394Z [command]/usr/bin/git config --global --add safe.directory /home/runner/work/SCIB-INCEPTION-PHASE-DEMO/SCIB-INCEPTION-PHASE-DEMO
2026-05-06T12:04:12.9502955Z [command]/usr/bin/git config --local --name-only --get-regexp core\.sshCommand
2026-05-06T12:04:12.9536887Z [command]/usr/bin/git submodule foreach --recursive sh -c "git config --local --name-only --get-regexp 'core\.sshCommand' && git config --local --unset-all 'core.sshCommand' || :"
2026-05-06T12:04:12.9773515Z [command]/usr/bin/git config --local --name-only --get-regexp http\.https\:\/\/github\.com\/\.extraheader
2026-05-06T12:04:12.9795602Z http.https://github.com/.extraheader
2026-05-06T12:04:12.9808305Z [command]/usr/bin/git config --local --unset-all http.https://github.com/.extraheader
2026-05-06T12:04:12.9839292Z [command]/usr/bin/git submodule foreach --recursive sh -c "git config --local --name-only --get-regexp 'http\.https\:\/\/github\.com\/\.extraheader' && git config --local --unset-all 'http.https://github.com/.extraheader' || :"
2026-05-06T12:04:13.0072496Z [command]/usr/bin/git config --local --name-only --get-regexp ^includeIf\.gitdir:
2026-05-06T12:04:13.0104750Z [command]/usr/bin/git submodule foreach --recursive git config --local --show-origin --name-only --get-regexp remote.origin.url
2026-05-06T12:04:13.0462666Z Cleaning up orphan processes
2026-05-06T12:04:13.0820209Z ##[warning]Node.js 20 actions are deprecated. The following actions are running on Node.js 20 and may not work as expected: actions/checkout@v4, actions/setup-java@v4, actions/upload-artifact@v4. Actions will be forced to run with Node.js 24 by default starting June 2nd, 2026. Node.js 20 will be removed from the runner on September 16th, 2026. Please check if updated versions of these actions are available that support Node.js 24. To opt into Node.js 24 now, set the FORCE_JAVASCRIPT_ACTIONS_TO_NODE24=true environment variable on the runner or in your workflow file. Once Node.js 24 becomes the default, you can temporarily opt out by setting ACTIONS_ALLOW_USE_UNSECURE_NODE_VERSION=true. For more information see: https://github.blog/changelog/2025-09-19-deprecation-of-node-20-on-github-actions-runners/
