2026-05-12T06:54:12.2091979Z Current runner version: '2.334.0'
2026-05-12T06:54:12.2124891Z ##[group]Runner Image Provisioner
2026-05-12T06:54:12.2126452Z Hosted Compute Agent
2026-05-12T06:54:12.2127334Z Version: 20260213.493
2026-05-12T06:54:12.2128330Z Commit: 5c115507f6dd24b8de37d8bbe0bb4509d0cc0fa3
2026-05-12T06:54:12.2129719Z Build Date: 2026-02-13T00:28:41Z
2026-05-12T06:54:12.2130789Z Worker ID: {9b4831a0-c10b-4822-bba8-f42568c56701}
2026-05-12T06:54:12.2131930Z Azure Region: eastus2
2026-05-12T06:54:12.2132897Z ##[endgroup]
2026-05-12T06:54:12.2135172Z ##[group]Operating System
2026-05-12T06:54:12.2136367Z Ubuntu
2026-05-12T06:54:12.2137368Z 24.04.4
2026-05-12T06:54:12.2138043Z LTS
2026-05-12T06:54:12.2138732Z ##[endgroup]
2026-05-12T06:54:12.2139604Z ##[group]Runner Image
2026-05-12T06:54:12.2140554Z Image: ubuntu-24.04
2026-05-12T06:54:12.2141548Z Version: 20260413.86.1
2026-05-12T06:54:12.2143689Z Included Software: https://github.com/actions/runner-images/blob/ubuntu24/20260413.86/images/ubuntu/Ubuntu2404-Readme.md
2026-05-12T06:54:12.2146543Z Image Release: https://github.com/actions/runner-images/releases/tag/ubuntu24%2F20260413.86
2026-05-12T06:54:12.2148258Z ##[endgroup]
2026-05-12T06:54:12.2150076Z ##[group]GITHUB_TOKEN Permissions
2026-05-12T06:54:12.2153033Z Contents: read
2026-05-12T06:54:12.2153900Z Metadata: read
2026-05-12T06:54:12.2154742Z Packages: read
2026-05-12T06:54:12.2155501Z ##[endgroup]
2026-05-12T06:54:12.2158542Z Secret source: Actions
2026-05-12T06:54:12.2159879Z Prepare workflow directory
2026-05-12T06:54:12.2619370Z Prepare all required actions
2026-05-12T06:54:12.2673213Z Getting action download info
2026-05-12T06:54:12.5981407Z Download action repository 'actions/checkout@v4' (SHA:34e114876b0b11c390a56381ad16ebd13914f8d5)
2026-05-12T06:54:12.7360918Z Download action repository 'actions/setup-java@v4' (SHA:c1e323688fd81a25caa38c78aa6df2d33d3e20d9)
2026-05-12T06:54:13.0249304Z Download action repository 'actions/upload-artifact@v4' (SHA:ea165f8d65b6e75b540449e92b4886f43607fa02)
2026-05-12T06:54:13.2409357Z Complete job name: build
2026-05-12T06:54:13.3117793Z ##[group]Run actions/checkout@v4
2026-05-12T06:54:13.3118604Z with:
2026-05-12T06:54:13.3119124Z   repository: ThapaswiASC/SCIB-INCEPTION-PHASE-DEMO
2026-05-12T06:54:13.3119846Z   token: ***
2026-05-12T06:54:13.3120225Z   ssh-strict: true
2026-05-12T06:54:13.3120591Z   ssh-user: git
2026-05-12T06:54:13.3120986Z   persist-credentials: true
2026-05-12T06:54:13.3121410Z   clean: true
2026-05-12T06:54:13.3121796Z   sparse-checkout-cone-mode: true
2026-05-12T06:54:13.3122253Z   fetch-depth: 1
2026-05-12T06:54:13.3122626Z   fetch-tags: false
2026-05-12T06:54:13.3123003Z   show-progress: true
2026-05-12T06:54:13.3123394Z   lfs: false
2026-05-12T06:54:13.3123795Z   submodules: false
2026-05-12T06:54:13.3124196Z   set-safe-directory: true
2026-05-12T06:54:13.3124964Z ##[endgroup]
2026-05-12T06:54:13.4242718Z Syncing repository: ThapaswiASC/SCIB-INCEPTION-PHASE-DEMO
2026-05-12T06:54:13.4244589Z ##[group]Getting Git version info
2026-05-12T06:54:13.4245536Z Working directory is '/home/runner/work/SCIB-INCEPTION-PHASE-DEMO/SCIB-INCEPTION-PHASE-DEMO'
2026-05-12T06:54:13.4247111Z [command]/usr/bin/git version
2026-05-12T06:54:13.4314829Z git version 2.53.0
2026-05-12T06:54:13.4342114Z ##[endgroup]
2026-05-12T06:54:13.4358816Z Temporarily overriding HOME='/home/runner/work/_temp/245def81-16c9-47bc-bfd9-5d5773065ef6' before making global git config changes
2026-05-12T06:54:13.4361186Z Adding repository directory to the temporary git global config as a safe directory
2026-05-12T06:54:13.4372831Z [command]/usr/bin/git config --global --add safe.directory /home/runner/work/SCIB-INCEPTION-PHASE-DEMO/SCIB-INCEPTION-PHASE-DEMO
2026-05-12T06:54:13.4404734Z Deleting the contents of '/home/runner/work/SCIB-INCEPTION-PHASE-DEMO/SCIB-INCEPTION-PHASE-DEMO'
2026-05-12T06:54:13.4409207Z ##[group]Initializing the repository
2026-05-12T06:54:13.4414287Z [command]/usr/bin/git init /home/runner/work/SCIB-INCEPTION-PHASE-DEMO/SCIB-INCEPTION-PHASE-DEMO
2026-05-12T06:54:13.4528136Z hint: Using 'master' as the name for the initial branch. This default branch name
2026-05-12T06:54:13.4530077Z hint: will change to "main" in Git 3.0. To configure the initial branch name
2026-05-12T06:54:13.4531691Z hint: to use in all of your new repositories, which will suppress this warning,
2026-05-12T06:54:13.4532965Z hint: call:
2026-05-12T06:54:13.4533597Z hint:
2026-05-12T06:54:13.4534419Z hint: 	git config --global init.defaultBranch <name>
2026-05-12T06:54:13.4535470Z hint:
2026-05-12T06:54:13.4536726Z hint: Names commonly chosen instead of 'master' are 'main', 'trunk' and
2026-05-12T06:54:13.4538295Z hint: 'development'. The just-created branch can be renamed via this command:
2026-05-12T06:54:13.4539497Z hint:
2026-05-12T06:54:13.4540173Z hint: 	git branch -m <name>
2026-05-12T06:54:13.4540958Z hint:
2026-05-12T06:54:13.4542016Z hint: Disable this message with "git config set advice.defaultBranchName false"
2026-05-12T06:54:13.4544200Z Initialized empty Git repository in /home/runner/work/SCIB-INCEPTION-PHASE-DEMO/SCIB-INCEPTION-PHASE-DEMO/.git/
2026-05-12T06:54:13.4547783Z [command]/usr/bin/git remote add origin https://github.com/ThapaswiASC/SCIB-INCEPTION-PHASE-DEMO
2026-05-12T06:54:13.4573031Z ##[endgroup]
2026-05-12T06:54:13.4574214Z ##[group]Disabling automatic garbage collection
2026-05-12T06:54:13.4577970Z [command]/usr/bin/git config --local gc.auto 0
2026-05-12T06:54:13.4606645Z ##[endgroup]
2026-05-12T06:54:13.4608327Z ##[group]Setting up auth
2026-05-12T06:54:13.4613773Z [command]/usr/bin/git config --local --name-only --get-regexp core\.sshCommand
2026-05-12T06:54:13.4644897Z [command]/usr/bin/git submodule foreach --recursive sh -c "git config --local --name-only --get-regexp 'core\.sshCommand' && git config --local --unset-all 'core.sshCommand' || :"
2026-05-12T06:54:13.4930777Z [command]/usr/bin/git config --local --name-only --get-regexp http\.https\:\/\/github\.com\/\.extraheader
2026-05-12T06:54:13.4961447Z [command]/usr/bin/git submodule foreach --recursive sh -c "git config --local --name-only --get-regexp 'http\.https\:\/\/github\.com\/\.extraheader' && git config --local --unset-all 'http.https://github.com/.extraheader' || :"
2026-05-12T06:54:13.5172460Z [command]/usr/bin/git config --local --name-only --get-regexp ^includeIf\.gitdir:
2026-05-12T06:54:13.5201237Z [command]/usr/bin/git submodule foreach --recursive git config --local --show-origin --name-only --get-regexp remote.origin.url
2026-05-12T06:54:13.5423948Z [command]/usr/bin/git config --local http.https://github.com/.extraheader AUTHORIZATION: basic ***
2026-05-12T06:54:13.5457380Z ##[endgroup]
2026-05-12T06:54:13.5458109Z ##[group]Fetching the repository
2026-05-12T06:54:13.5465456Z [command]/usr/bin/git -c protocol.version=2 fetch --no-tags --prune --no-recurse-submodules --depth=1 origin +e8ad29f6db3371509773a71a220423fdb0a2ba57:refs/remotes/origin/feature/DEMO-222
2026-05-12T06:54:13.7968511Z From https://github.com/ThapaswiASC/SCIB-INCEPTION-PHASE-DEMO
2026-05-12T06:54:13.7995146Z  * [new ref]         e8ad29f6db3371509773a71a220423fdb0a2ba57 -> origin/feature/DEMO-222
2026-05-12T06:54:13.7997824Z ##[endgroup]
2026-05-12T06:54:13.7998933Z ##[group]Determining the checkout info
2026-05-12T06:54:13.7999907Z ##[endgroup]
2026-05-12T06:54:13.8005223Z [command]/usr/bin/git sparse-checkout disable
2026-05-12T06:54:13.8040355Z [command]/usr/bin/git config --local --unset-all extensions.worktreeConfig
2026-05-12T06:54:13.8064765Z ##[group]Checking out the ref
2026-05-12T06:54:13.8069129Z [command]/usr/bin/git checkout --progress --force -B feature/DEMO-222 refs/remotes/origin/feature/DEMO-222
2026-05-12T06:54:13.8207069Z Switched to a new branch 'feature/DEMO-222'
2026-05-12T06:54:13.8210155Z branch 'feature/DEMO-222' set up to track 'origin/feature/DEMO-222'.
2026-05-12T06:54:13.8217044Z ##[endgroup]
2026-05-12T06:54:13.8249206Z [command]/usr/bin/git log -1 --format=%H
2026-05-12T06:54:13.8270814Z e8ad29f6db3371509773a71a220423fdb0a2ba57
2026-05-12T06:54:13.8534883Z ##[group]Run actions/setup-java@v4
2026-05-12T06:54:13.8535395Z with:
2026-05-12T06:54:13.8535909Z   java-version: 21
2026-05-12T06:54:13.8536696Z   distribution: temurin
2026-05-12T06:54:13.8537150Z   cache: maven
2026-05-12T06:54:13.8537517Z   java-package: jdk
2026-05-12T06:54:13.8537892Z   check-latest: false
2026-05-12T06:54:13.8538281Z   server-id: github
2026-05-12T06:54:13.8538657Z   server-username: GITHUB_ACTOR
2026-05-12T06:54:13.8539113Z   server-password: GITHUB_TOKEN
2026-05-12T06:54:13.8539560Z   overwrite-settings: true
2026-05-12T06:54:13.8539975Z   job-status: success
2026-05-12T06:54:13.8540499Z   token: ***
2026-05-12T06:54:13.8540849Z ##[endgroup]
2026-05-12T06:54:14.0567625Z ##[group]Installed distributions
2026-05-12T06:54:14.0883479Z Resolved Java 21.0.10+7 from tool-cache
2026-05-12T06:54:14.0884781Z Setting Java 21.0.10+7 as the default
2026-05-12T06:54:14.0896644Z Creating toolchains.xml for JDK version 21 from temurin
2026-05-12T06:54:14.0973219Z Writing to /home/runner/.m2/toolchains.xml
2026-05-12T06:54:14.0974273Z 
2026-05-12T06:54:14.0974782Z Java configuration:
2026-05-12T06:54:14.0975970Z   Distribution: temurin
2026-05-12T06:54:14.0977429Z   Version: 21.0.10+7
2026-05-12T06:54:14.0978725Z   Path: /opt/hostedtoolcache/Java_Temurin-Hotspot_jdk/21.0.10-7/x64
2026-05-12T06:54:14.0979816Z 
2026-05-12T06:54:14.0980573Z ##[endgroup]
2026-05-12T06:54:14.0997687Z Creating settings.xml with server-id: github
2026-05-12T06:54:14.1002980Z Writing to /home/runner/.m2/settings.xml
2026-05-12T06:54:14.2318545Z maven cache is not found
2026-05-12T06:54:14.2558254Z ##[group]Run mvn clean verify -DskipTests --no-transfer-progress
2026-05-12T06:54:14.2560067Z [36;1mmvn clean verify -DskipTests --no-transfer-progress[0m
2026-05-12T06:54:14.2587848Z shell: /usr/bin/bash -e {0}
2026-05-12T06:54:14.2588783Z env:
2026-05-12T06:54:14.2589883Z   JAVA_HOME: /opt/hostedtoolcache/Java_Temurin-Hotspot_jdk/21.0.10-7/x64
2026-05-12T06:54:14.2591859Z   JAVA_HOME_21_X64: /opt/hostedtoolcache/Java_Temurin-Hotspot_jdk/21.0.10-7/x64
2026-05-12T06:54:14.2593358Z ##[endgroup]
2026-05-12T06:54:23.6473270Z [INFO] Scanning for projects...
2026-05-12T06:54:28.0657872Z [INFO] 
2026-05-12T06:54:28.0659077Z [INFO] ----------------------< com.myproject:myproject >-----------------------
2026-05-12T06:54:28.0666765Z [INFO] Building myproject 1.0.0-SNAPSHOT
2026-05-12T06:54:28.0670124Z [INFO]   from pom.xml
2026-05-12T06:54:28.0671298Z [INFO] --------------------------------[ jar ]---------------------------------
2026-05-12T06:54:32.6815148Z [INFO] 
2026-05-12T06:54:32.6816723Z [INFO] --- clean:3.4.1:clean (default-clean) @ myproject ---
2026-05-12T06:54:32.9263072Z [INFO] 
2026-05-12T06:54:32.9265432Z [INFO] --- jacoco:0.8.11:prepare-agent (default) @ myproject ---
2026-05-12T06:54:33.7961267Z [INFO] argLine set to -javaagent:/home/runner/.m2/repository/org/jacoco/org.jacoco.agent/0.8.11/org.jacoco.agent-0.8.11-runtime.jar=destfile=/home/runner/work/SCIB-INCEPTION-PHASE-DEMO/SCIB-INCEPTION-PHASE-DEMO/code/target/jacoco.exec
2026-05-12T06:54:33.7963589Z [INFO] 
2026-05-12T06:54:33.7964531Z [INFO] --- resources:3.3.1:resources (default-resources) @ myproject ---
2026-05-12T06:54:34.1575479Z [INFO] Copying 1 resource from src/main/resources to target/classes
2026-05-12T06:54:34.1687492Z [INFO] Copying 0 resource from src/main/resources to target/classes
2026-05-12T06:54:34.1721422Z [INFO] 
2026-05-12T06:54:34.1739276Z [INFO] --- compiler:3.14.1:compile (default-compile) @ myproject ---
2026-05-12T06:54:35.0125864Z [INFO] Recompiling the module because of changed source code.
2026-05-12T06:54:35.0192286Z [INFO] Compiling 44 source files with javac [debug parameters release 21] to target/classes
2026-05-12T06:54:37.9262259Z [INFO] Annotation processing is enabled because one or more processors were found
2026-05-12T06:54:37.9274107Z   on the class path. A future release of javac may disable annotation processing
2026-05-12T06:54:37.9280547Z   unless at least one processor is specified by name (-processor), or a search
2026-05-12T06:54:37.9286833Z   path is specified (--processor-path, --processor-module-path), or annotation
2026-05-12T06:54:37.9288487Z   processing is enabled explicitly (-proc:only, -proc:full).
2026-05-12T06:54:37.9289335Z   Use -Xlint:-options to suppress this message.
2026-05-12T06:54:37.9290227Z   Use -proc:none to disable annotation processing.
2026-05-12T06:54:37.9290969Z [INFO] 
2026-05-12T06:54:37.9291728Z [INFO] --- resources:3.3.1:testResources (default-testResources) @ myproject ---
2026-05-12T06:54:37.9331240Z [INFO] skip non existing resourceDirectory /home/runner/work/SCIB-INCEPTION-PHASE-DEMO/SCIB-INCEPTION-PHASE-DEMO/code/src/test/resources
2026-05-12T06:54:37.9332888Z [INFO] 
2026-05-12T06:54:37.9335692Z [INFO] --- compiler:3.14.1:testCompile (default-testCompile) @ myproject ---
2026-05-12T06:54:37.9409342Z [INFO] Recompiling the module because of changed dependency.
2026-05-12T06:54:37.9413474Z [INFO] Compiling 7 source files with javac [debug parameters release 21] to target/test-classes
2026-05-12T06:54:39.0639686Z [INFO] Annotation processing is enabled because one or more processors were found
2026-05-12T06:54:39.0640967Z   on the class path. A future release of javac may disable annotation processing
2026-05-12T06:54:39.0643017Z   unless at least one processor is specified by name (-processor), or a search
2026-05-12T06:54:39.0644527Z   path is specified (--processor-path, --processor-module-path), or annotation
2026-05-12T06:54:39.0659142Z   processing is enabled explicitly (-proc:only, -proc:full).
2026-05-12T06:54:39.0660598Z   Use -Xlint:-options to suppress this message.
2026-05-12T06:54:39.0693784Z   Use -proc:none to disable annotation processing.
2026-05-12T06:54:39.0720366Z [INFO] Some messages have been simplified; recompile with -Xdiags:verbose to get full output
2026-05-12T06:54:39.0753844Z [INFO] -------------------------------------------------------------
2026-05-12T06:54:39.0786880Z [WARNING] COMPILATION WARNING : 
2026-05-12T06:54:39.0817050Z [INFO] -------------------------------------------------------------
2026-05-12T06:54:39.0848559Z [WARNING] /home/runner/work/SCIB-INCEPTION-PHASE-DEMO/SCIB-INCEPTION-PHASE-DEMO/code/src/test/java/com/myproject/controllers/ColumnControllerTest.java:[36,6] org.springframework.boot.test.mock.mockito.MockBean in org.springframework.boot.test.mock.mockito has been deprecated and marked for removal
2026-05-12T06:54:39.0852590Z [WARNING] /home/runner/work/SCIB-INCEPTION-PHASE-DEMO/SCIB-INCEPTION-PHASE-DEMO/code/src/test/java/com/myproject/controllers/ColumnControllerTest.java:[36,6] org.springframework.boot.test.mock.mockito.MockBean in org.springframework.boot.test.mock.mockito has been deprecated and marked for removal
2026-05-12T06:54:39.0856676Z [WARNING] /home/runner/work/SCIB-INCEPTION-PHASE-DEMO/SCIB-INCEPTION-PHASE-DEMO/code/src/test/java/com/myproject/controllers/ColumnControllerTest.java:[36,6] org.springframework.boot.test.mock.mockito.MockBean in org.springframework.boot.test.mock.mockito has been deprecated and marked for removal
2026-05-12T06:54:39.0860566Z [WARNING] /home/runner/work/SCIB-INCEPTION-PHASE-DEMO/SCIB-INCEPTION-PHASE-DEMO/code/src/test/java/com/myproject/controllers/ColumnControllerTest.java:[36,6] org.springframework.boot.test.mock.mockito.MockBean in org.springframework.boot.test.mock.mockito has been deprecated and marked for removal
2026-05-12T06:54:39.0864445Z [WARNING] /home/runner/work/SCIB-INCEPTION-PHASE-DEMO/SCIB-INCEPTION-PHASE-DEMO/code/src/test/java/com/myproject/controllers/ColumnControllerTest.java:[36,6] org.springframework.boot.test.mock.mockito.MockBean in org.springframework.boot.test.mock.mockito has been deprecated and marked for removal
2026-05-12T06:54:39.0868488Z [WARNING] /home/runner/work/SCIB-INCEPTION-PHASE-DEMO/SCIB-INCEPTION-PHASE-DEMO/code/src/test/java/com/myproject/controllers/TaskControllerTest.java:[33,6] org.springframework.boot.test.mock.mockito.MockBean in org.springframework.boot.test.mock.mockito has been deprecated and marked for removal
2026-05-12T06:54:39.0900237Z [WARNING] /home/runner/work/SCIB-INCEPTION-PHASE-DEMO/SCIB-INCEPTION-PHASE-DEMO/code/src/test/java/com/myproject/controllers/TaskControllerTest.java:[33,6] org.springframework.boot.test.mock.mockito.MockBean in org.springframework.boot.test.mock.mockito has been deprecated and marked for removal
2026-05-12T06:54:39.0904450Z [WARNING] /home/runner/work/SCIB-INCEPTION-PHASE-DEMO/SCIB-INCEPTION-PHASE-DEMO/code/src/test/java/com/myproject/controllers/TaskControllerTest.java:[33,6] org.springframework.boot.test.mock.mockito.MockBean in org.springframework.boot.test.mock.mockito has been deprecated and marked for removal
2026-05-12T06:54:39.0908586Z [WARNING] /home/runner/work/SCIB-INCEPTION-PHASE-DEMO/SCIB-INCEPTION-PHASE-DEMO/code/src/test/java/com/myproject/controllers/TaskControllerTest.java:[33,6] org.springframework.boot.test.mock.mockito.MockBean in org.springframework.boot.test.mock.mockito has been deprecated and marked for removal
2026-05-12T06:54:39.0912426Z [WARNING] /home/runner/work/SCIB-INCEPTION-PHASE-DEMO/SCIB-INCEPTION-PHASE-DEMO/code/src/test/java/com/myproject/controllers/TaskControllerTest.java:[33,6] org.springframework.boot.test.mock.mockito.MockBean in org.springframework.boot.test.mock.mockito has been deprecated and marked for removal
2026-05-12T06:54:39.0914535Z [INFO] 10 warnings 
2026-05-12T06:54:39.0914955Z [INFO] -------------------------------------------------------------
2026-05-12T06:54:39.0915574Z [INFO] -------------------------------------------------------------
2026-05-12T06:54:39.0916281Z [ERROR] COMPILATION ERROR : 
2026-05-12T06:54:39.0916991Z [INFO] -------------------------------------------------------------
2026-05-12T06:54:39.0918670Z [ERROR] /home/runner/work/SCIB-INCEPTION-PHASE-DEMO/SCIB-INCEPTION-PHASE-DEMO/code/src/test/java/com/myproject/controllers/ColumnControllerTest.java:[50,27] cannot find symbol
2026-05-12T06:54:39.0920070Z   symbol:   method getColumnStats(java.lang.String)
2026-05-12T06:54:39.0920890Z   location: variable columnService of type com.myproject.services.interfaces.ColumnService
2026-05-12T06:54:39.0922676Z [ERROR] /home/runner/work/SCIB-INCEPTION-PHASE-DEMO/SCIB-INCEPTION-PHASE-DEMO/code/src/test/java/com/myproject/controllers/ColumnControllerTest.java:[59,40] cannot find symbol
2026-05-12T06:54:39.0924129Z   symbol:   method getColumnStats(java.lang.String)
2026-05-12T06:54:39.0924845Z   location: interface com.myproject.services.interfaces.ColumnService
2026-05-12T06:54:39.0928158Z [ERROR] /home/runner/work/SCIB-INCEPTION-PHASE-DEMO/SCIB-INCEPTION-PHASE-DEMO/code/src/test/java/com/myproject/controllers/ColumnControllerTest.java:[66,27] cannot find symbol
2026-05-12T06:54:39.0929576Z   symbol:   method getColumnStats(java.lang.String)
2026-05-12T06:54:39.0930367Z   location: variable columnService of type com.myproject.services.interfaces.ColumnService
2026-05-12T06:54:39.0932014Z [ERROR] /home/runner/work/SCIB-INCEPTION-PHASE-DEMO/SCIB-INCEPTION-PHASE-DEMO/code/src/test/java/com/myproject/controllers/ColumnControllerTest.java:[85,27] cannot find symbol
2026-05-12T06:54:39.0933413Z   symbol:   method getColumnStats(java.lang.String)
2026-05-12T06:54:39.0934200Z   location: variable columnService of type com.myproject.services.interfaces.ColumnService
2026-05-12T06:54:39.0935832Z [ERROR] /home/runner/work/SCIB-INCEPTION-PHASE-DEMO/SCIB-INCEPTION-PHASE-DEMO/code/src/test/java/com/myproject/controllers/ColumnControllerTest.java:[103,27] cannot find symbol
2026-05-12T06:54:39.0937378Z   symbol:   method getColumnStats(java.lang.String)
2026-05-12T06:54:39.0938177Z   location: variable columnService of type com.myproject.services.interfaces.ColumnService
2026-05-12T06:54:39.0939807Z [ERROR] /home/runner/work/SCIB-INCEPTION-PHASE-DEMO/SCIB-INCEPTION-PHASE-DEMO/code/src/test/java/com/myproject/controllers/ColumnControllerTest.java:[121,27] cannot find symbol
2026-05-12T06:54:39.0941180Z   symbol:   method getColumnStats(java.lang.String)
2026-05-12T06:54:39.0941993Z   location: variable columnService of type com.myproject.services.interfaces.ColumnService
2026-05-12T06:54:39.0943640Z [ERROR] /home/runner/work/SCIB-INCEPTION-PHASE-DEMO/SCIB-INCEPTION-PHASE-DEMO/code/src/test/java/com/myproject/controllers/ColumnControllerTest.java:[149,27] cannot find symbol
2026-05-12T06:54:39.0945617Z   symbol:   method bulkUpdateColumnCounts(com.myproject.models.dtos.BulkUpdateColumnCountsRequest)
2026-05-12T06:54:39.0946846Z   location: variable columnService of type com.myproject.services.interfaces.ColumnService
2026-05-12T06:54:39.0947784Z [ERROR] /home/runner/work/SCIB-INCEPTION-PHASE-DEMO/SCIB-INCEPTION-PHASE-DEMO/code/src/test/java/com/myproject/controllers/ColumnControllerTest.java:[163,40] cannot find symbol
2026-05-12T06:54:39.0948728Z   symbol:   method bulkUpdateColumnCounts(com.myproject.models.dtos.BulkUpdateColumnCountsRequest)
2026-05-12T06:54:39.0949312Z   location: interface com.myproject.services.interfaces.ColumnService
2026-05-12T06:54:39.0950151Z [ERROR] /home/runner/work/SCIB-INCEPTION-PHASE-DEMO/SCIB-INCEPTION-PHASE-DEMO/code/src/test/java/com/myproject/controllers/ColumnControllerTest.java:[180,27] cannot find symbol
2026-05-12T06:54:39.0951098Z   symbol:   method bulkUpdateColumnCounts(com.myproject.models.dtos.BulkUpdateColumnCountsRequest)
2026-05-12T06:54:39.0951734Z   location: variable columnService of type com.myproject.services.interfaces.ColumnService
2026-05-12T06:54:39.0952629Z [ERROR] /home/runner/work/SCIB-INCEPTION-PHASE-DEMO/SCIB-INCEPTION-PHASE-DEMO/code/src/test/java/com/myproject/controllers/ColumnControllerTest.java:[214,27] cannot find symbol
2026-05-12T06:54:39.0953704Z   symbol:   method bulkUpdateColumnCounts(com.myproject.models.dtos.BulkUpdateColumnCountsRequest)
2026-05-12T06:54:39.0954332Z   location: variable columnService of type com.myproject.services.interfaces.ColumnService
2026-05-12T06:54:39.0955213Z [ERROR] /home/runner/work/SCIB-INCEPTION-PHASE-DEMO/SCIB-INCEPTION-PHASE-DEMO/code/src/test/java/com/myproject/controllers/ColumnControllerTest.java:[236,27] cannot find symbol
2026-05-12T06:54:39.0956452Z   symbol:   method bulkUpdateColumnCounts(com.myproject.models.dtos.BulkUpdateColumnCountsRequest)
2026-05-12T06:54:39.0957106Z   location: variable columnService of type com.myproject.services.interfaces.ColumnService
2026-05-12T06:54:39.0958014Z [ERROR] /home/runner/work/SCIB-INCEPTION-PHASE-DEMO/SCIB-INCEPTION-PHASE-DEMO/code/src/test/java/com/myproject/controllers/ColumnControllerTest.java:[311,27] cannot find symbol
2026-05-12T06:54:39.0958940Z   symbol:   method bulkUpdateColumnCounts(com.myproject.models.dtos.BulkUpdateColumnCountsRequest)
2026-05-12T06:54:39.0959559Z   location: variable columnService of type com.myproject.services.interfaces.ColumnService
2026-05-12T06:54:39.0960603Z [ERROR] /home/runner/work/SCIB-INCEPTION-PHASE-DEMO/SCIB-INCEPTION-PHASE-DEMO/code/src/test/java/com/myproject/controllers/TaskControllerTest.java:[51,25] incompatible types: inference variable T has incompatible bounds
2026-05-12T06:54:39.0961511Z     upper bounds: java.lang.Long,java.lang.Object
2026-05-12T06:54:39.0961790Z     lower bounds: java.lang.String
2026-05-12T06:54:39.0962654Z [ERROR] /home/runner/work/SCIB-INCEPTION-PHASE-DEMO/SCIB-INCEPTION-PHASE-DEMO/code/src/test/java/com/myproject/controllers/TaskControllerTest.java:[63,38] incompatible types: inference variable T has incompatible bounds
2026-05-12T06:54:39.0963606Z     upper bounds: java.lang.Long,java.lang.Object
2026-05-12T06:54:39.0963875Z     lower bounds: java.lang.String
2026-05-12T06:54:39.0964718Z [ERROR] /home/runner/work/SCIB-INCEPTION-PHASE-DEMO/SCIB-INCEPTION-PHASE-DEMO/code/src/test/java/com/myproject/controllers/TaskControllerTest.java:[74,25] incompatible types: inference variable T has incompatible bounds
2026-05-12T06:54:39.0965603Z     upper bounds: java.lang.Long,java.lang.Object
2026-05-12T06:54:39.0965870Z     lower bounds: java.lang.String
2026-05-12T06:54:39.0966961Z [ERROR] /home/runner/work/SCIB-INCEPTION-PHASE-DEMO/SCIB-INCEPTION-PHASE-DEMO/code/src/test/java/com/myproject/controllers/TaskControllerTest.java:[94,25] incompatible types: inference variable T has incompatible bounds
2026-05-12T06:54:39.0967858Z     upper bounds: java.lang.Long,java.lang.Object
2026-05-12T06:54:39.0968264Z     lower bounds: java.lang.String
2026-05-12T06:54:39.0969156Z [ERROR] /home/runner/work/SCIB-INCEPTION-PHASE-DEMO/SCIB-INCEPTION-PHASE-DEMO/code/src/test/java/com/myproject/controllers/TaskControllerTest.java:[144,28] incompatible types: java.lang.String cannot be converted to java.lang.Long
2026-05-12T06:54:39.0970810Z [ERROR] /home/runner/work/SCIB-INCEPTION-PHASE-DEMO/SCIB-INCEPTION-PHASE-DEMO/code/src/test/java/com/myproject/controllers/TaskControllerTest.java:[146,38] incompatible types: com.myproject.models.dtos.TaskStatus cannot be converted to java.lang.String
2026-05-12T06:54:39.0972264Z [ERROR] /home/runner/work/SCIB-INCEPTION-PHASE-DEMO/SCIB-INCEPTION-PHASE-DEMO/code/src/test/java/com/myproject/controllers/TaskControllerTest.java:[147,17] cannot find symbol
2026-05-12T06:54:39.0973007Z   symbol:   method setColumnId(java.lang.String)
2026-05-12T06:54:39.0973428Z   location: variable response of type com.myproject.models.dtos.TaskDetailsResponse
2026-05-12T06:54:39.0974302Z [ERROR] /home/runner/work/SCIB-INCEPTION-PHASE-DEMO/SCIB-INCEPTION-PHASE-DEMO/code/src/test/java/com/myproject/controllers/TaskControllerTest.java:[149,25] cannot find symbol
2026-05-12T06:54:39.0975062Z   symbol:   method getTaskDetails(java.lang.String)
2026-05-12T06:54:39.0975495Z   location: variable taskService of type com.myproject.services.interfaces.TaskService
2026-05-12T06:54:39.0976607Z [ERROR] /home/runner/work/SCIB-INCEPTION-PHASE-DEMO/SCIB-INCEPTION-PHASE-DEMO/code/src/test/java/com/myproject/controllers/TaskControllerTest.java:[159,38] cannot find symbol
2026-05-12T06:54:39.0977366Z   symbol:   method getTaskDetails(java.lang.String)
2026-05-12T06:54:39.0977743Z   location: interface com.myproject.services.interfaces.TaskService
2026-05-12T06:54:39.0978551Z [ERROR] /home/runner/work/SCIB-INCEPTION-PHASE-DEMO/SCIB-INCEPTION-PHASE-DEMO/code/src/test/java/com/myproject/controllers/TaskControllerTest.java:[166,25] cannot find symbol
2026-05-12T06:54:39.0979296Z   symbol:   method getTaskDetails(java.lang.String)
2026-05-12T06:54:39.0979713Z   location: variable taskService of type com.myproject.services.interfaces.TaskService
2026-05-12T06:54:39.0981029Z [ERROR] /home/runner/work/SCIB-INCEPTION-PHASE-DEMO/SCIB-INCEPTION-PHASE-DEMO/code/src/test/java/com/myproject/controllers/TaskControllerTest.java:[184,41] incompatible types: com.myproject.models.dtos.TaskPriority cannot be converted to com.myproject.models.dtos.TaskCreateRequest.TaskPriority
2026-05-12T06:54:39.0982931Z [ERROR] /home/runner/work/SCIB-INCEPTION-PHASE-DEMO/SCIB-INCEPTION-PHASE-DEMO/code/src/test/java/com/myproject/controllers/TaskControllerTest.java:[192,38] incompatible types: com.myproject.models.dtos.TaskStatus cannot be converted to java.lang.String
2026-05-12T06:54:39.0984743Z [ERROR] /home/runner/work/SCIB-INCEPTION-PHASE-DEMO/SCIB-INCEPTION-PHASE-DEMO/code/src/test/java/com/myproject/controllers/TaskControllerTest.java:[193,49] incompatible types: com.myproject.models.dtos.TaskCreateRequest.TaskPriority cannot be converted to java.lang.String
2026-05-12T06:54:39.0986408Z [ERROR] /home/runner/work/SCIB-INCEPTION-PHASE-DEMO/SCIB-INCEPTION-PHASE-DEMO/code/src/test/java/com/myproject/controllers/TaskControllerTest.java:[196,17] cannot find symbol
2026-05-12T06:54:39.0987131Z   symbol:   method setVersion(long)
2026-05-12T06:54:39.0987480Z   location: variable response of type com.myproject.models.dtos.TaskResponse
2026-05-12T06:54:39.0988765Z [ERROR] /home/runner/work/SCIB-INCEPTION-PHASE-DEMO/SCIB-INCEPTION-PHASE-DEMO/code/src/test/java/com/myproject/controllers/TaskControllerTest.java:[218,41] incompatible types: com.myproject.models.dtos.TaskPriority cannot be converted to com.myproject.models.dtos.TaskCreateRequest.TaskPriority
2026-05-12T06:54:39.0990812Z [ERROR] /home/runner/work/SCIB-INCEPTION-PHASE-DEMO/SCIB-INCEPTION-PHASE-DEMO/code/src/test/java/com/myproject/controllers/TaskControllerTest.java:[234,41] incompatible types: com.myproject.models.dtos.TaskPriority cannot be converted to com.myproject.models.dtos.TaskCreateRequest.TaskPriority
2026-05-12T06:54:39.0992994Z [ERROR] /home/runner/work/SCIB-INCEPTION-PHASE-DEMO/SCIB-INCEPTION-PHASE-DEMO/code/src/test/java/com/myproject/controllers/TaskControllerTest.java:[251,41] incompatible types: com.myproject.models.dtos.TaskPriority cannot be converted to com.myproject.models.dtos.TaskCreateRequest.TaskPriority
2026-05-12T06:54:39.0994612Z [ERROR] /home/runner/work/SCIB-INCEPTION-PHASE-DEMO/SCIB-INCEPTION-PHASE-DEMO/code/src/test/java/com/myproject/controllers/TaskControllerTest.java:[286,17] cannot find symbol
2026-05-12T06:54:39.0995329Z   symbol:   method setLast(boolean)
2026-05-12T06:54:39.0995693Z   location: variable response of type com.myproject.models.dtos.PagedTaskResponse
2026-05-12T06:54:39.0997001Z [ERROR] /home/runner/work/SCIB-INCEPTION-PHASE-DEMO/SCIB-INCEPTION-PHASE-DEMO/code/src/test/java/com/myproject/controllers/TaskControllerTest.java:[288,25] method getUserTasks in interface com.myproject.services.interfaces.TaskService cannot be applied to given types;
2026-05-12T06:54:39.0998067Z   required: java.lang.Long,int,int
2026-05-12T06:54:39.0998330Z   found:    java.lang.Long,int,int,java.lang.String
2026-05-12T06:54:39.0998666Z   reason: actual and formal argument lists differ in length
2026-05-12T06:54:39.0999876Z [ERROR] /home/runner/work/SCIB-INCEPTION-PHASE-DEMO/SCIB-INCEPTION-PHASE-DEMO/code/src/test/java/com/myproject/controllers/TaskControllerTest.java:[304,38] method getUserTasks in interface com.myproject.services.interfaces.TaskService cannot be applied to given types;
2026-05-12T06:54:39.1000930Z   required: java.lang.Long,int,int
2026-05-12T06:54:39.1001198Z   found:    java.lang.Long,int,int,java.lang.String
2026-05-12T06:54:39.1001523Z   reason: actual and formal argument lists differ in length
2026-05-12T06:54:39.1002291Z [ERROR] /home/runner/work/SCIB-INCEPTION-PHASE-DEMO/SCIB-INCEPTION-PHASE-DEMO/code/src/test/java/com/myproject/controllers/TaskControllerTest.java:[317,17] cannot find symbol
2026-05-12T06:54:39.1003007Z   symbol:   method setLast(boolean)
2026-05-12T06:54:39.1003381Z   location: variable response of type com.myproject.models.dtos.PagedTaskResponse
2026-05-12T06:54:39.1004577Z [ERROR] /home/runner/work/SCIB-INCEPTION-PHASE-DEMO/SCIB-INCEPTION-PHASE-DEMO/code/src/test/java/com/myproject/controllers/TaskControllerTest.java:[319,25] method getUserTasks in interface com.myproject.services.interfaces.TaskService cannot be applied to given types;
2026-05-12T06:54:39.1005643Z   required: java.lang.Long,int,int
2026-05-12T06:54:39.1005915Z   found:    java.lang.Long,int,int,java.lang.String
2026-05-12T06:54:39.1006399Z   reason: actual and formal argument lists differ in length
2026-05-12T06:54:39.1007170Z [ERROR] /home/runner/work/SCIB-INCEPTION-PHASE-DEMO/SCIB-INCEPTION-PHASE-DEMO/code/src/test/java/com/myproject/controllers/TaskControllerTest.java:[342,17] cannot find symbol
2026-05-12T06:54:39.1007891Z   symbol:   method setLast(boolean)
2026-05-12T06:54:39.1008250Z   location: variable response of type com.myproject.models.dtos.PagedTaskResponse
2026-05-12T06:54:39.1009447Z [ERROR] /home/runner/work/SCIB-INCEPTION-PHASE-DEMO/SCIB-INCEPTION-PHASE-DEMO/code/src/test/java/com/myproject/controllers/TaskControllerTest.java:[344,25] method getUserTasks in interface com.myproject.services.interfaces.TaskService cannot be applied to given types;
2026-05-12T06:54:39.1010499Z   required: java.lang.Long,int,int
2026-05-12T06:54:39.1010754Z   found:    java.lang.Long,int,int,java.lang.String
2026-05-12T06:54:39.1011086Z   reason: actual and formal argument lists differ in length
2026-05-12T06:54:39.1012262Z [ERROR] /home/runner/work/SCIB-INCEPTION-PHASE-DEMO/SCIB-INCEPTION-PHASE-DEMO/code/src/test/java/com/myproject/controllers/TaskControllerTest.java:[401,37] incompatible types: com.myproject.models.dtos.TaskStatus cannot be converted to com.myproject.models.dtos.TaskUpdateRequest.TaskStatus
2026-05-12T06:54:39.1014299Z [ERROR] /home/runner/work/SCIB-INCEPTION-PHASE-DEMO/SCIB-INCEPTION-PHASE-DEMO/code/src/test/java/com/myproject/controllers/TaskControllerTest.java:[402,41] incompatible types: com.myproject.models.dtos.TaskPriority cannot be converted to com.myproject.models.dtos.TaskUpdateRequest.TaskPriority
2026-05-12T06:54:39.1016526Z [ERROR] /home/runner/work/SCIB-INCEPTION-PHASE-DEMO/SCIB-INCEPTION-PHASE-DEMO/code/src/test/java/com/myproject/controllers/TaskControllerTest.java:[408,45] incompatible types: com.myproject.models.dtos.TaskUpdateRequest.TaskStatus cannot be converted to java.lang.String
2026-05-12T06:54:39.1018421Z [ERROR] /home/runner/work/SCIB-INCEPTION-PHASE-DEMO/SCIB-INCEPTION-PHASE-DEMO/code/src/test/java/com/myproject/controllers/TaskControllerTest.java:[409,49] incompatible types: com.myproject.models.dtos.TaskUpdateRequest.TaskPriority cannot be converted to java.lang.String
2026-05-12T06:54:39.1020394Z [ERROR] /home/runner/work/SCIB-INCEPTION-PHASE-DEMO/SCIB-INCEPTION-PHASE-DEMO/code/src/test/java/com/myproject/controllers/TaskControllerTest.java:[496,42] incompatible types: com.myproject.models.dtos.TaskPriority cannot be converted to com.myproject.models.dtos.TaskCreateRequest.TaskPriority
2026-05-12T06:54:39.1022476Z [ERROR] /home/runner/work/SCIB-INCEPTION-PHASE-DEMO/SCIB-INCEPTION-PHASE-DEMO/code/src/test/java/com/myproject/controllers/TaskControllerTest.java:[501,42] incompatible types: com.myproject.models.dtos.TaskPriority cannot be converted to com.myproject.models.dtos.TaskCreateRequest.TaskPriority
2026-05-12T06:54:39.1024203Z [ERROR] /home/runner/work/SCIB-INCEPTION-PHASE-DEMO/SCIB-INCEPTION-PHASE-DEMO/code/src/test/java/com/myproject/controllers/TaskControllerTest.java:[516,21] cannot find symbol
2026-05-12T06:54:39.1025091Z   symbol:   method setCreatedTasks(java.util.List<com.myproject.models.dtos.TaskResponse>)
2026-05-12T06:54:39.1025673Z   location: variable bulkResponse of type com.myproject.models.dtos.BulkTaskResponse
2026-05-12T06:54:39.1027103Z [ERROR] /home/runner/work/SCIB-INCEPTION-PHASE-DEMO/SCIB-INCEPTION-PHASE-DEMO/code/src/test/java/com/myproject/controllers/TaskControllerTest.java:[540,42] incompatible types: com.myproject.models.dtos.TaskPriority cannot be converted to com.myproject.models.dtos.TaskCreateRequest.TaskPriority
2026-05-12T06:54:39.1029166Z [ERROR] /home/runner/work/SCIB-INCEPTION-PHASE-DEMO/SCIB-INCEPTION-PHASE-DEMO/code/src/test/java/com/myproject/controllers/TaskControllerTest.java:[545,42] incompatible types: com.myproject.models.dtos.TaskPriority cannot be converted to com.myproject.models.dtos.TaskCreateRequest.TaskPriority
2026-05-12T06:54:39.1030798Z [ERROR] /home/runner/work/SCIB-INCEPTION-PHASE-DEMO/SCIB-INCEPTION-PHASE-DEMO/code/src/test/java/com/myproject/controllers/TaskControllerTest.java:[553,25] cannot find symbol
2026-05-12T06:54:39.1032720Z   symbol:   class BulkTaskError
2026-05-12T06:54:39.1033035Z   location: class com.myproject.models.dtos.BulkTaskResponse
2026-05-12T06:54:39.1033852Z [ERROR] /home/runner/work/SCIB-INCEPTION-PHASE-DEMO/SCIB-INCEPTION-PHASE-DEMO/code/src/test/java/com/myproject/controllers/TaskControllerTest.java:[553,68] cannot find symbol
2026-05-12T06:54:39.1034597Z   symbol:   class BulkTaskError
2026-05-12T06:54:39.1034906Z   location: class com.myproject.models.dtos.BulkTaskResponse
2026-05-12T06:54:39.1035707Z [ERROR] /home/runner/work/SCIB-INCEPTION-PHASE-DEMO/SCIB-INCEPTION-PHASE-DEMO/code/src/test/java/com/myproject/controllers/TaskControllerTest.java:[560,21] cannot find symbol
2026-05-12T06:54:39.1036934Z   symbol:   method setCreatedTasks(java.util.List<com.myproject.models.dtos.TaskResponse>)
2026-05-12T06:54:39.1037527Z   location: variable bulkResponse of type com.myproject.models.dtos.BulkTaskResponse
2026-05-12T06:54:39.1038442Z [ERROR] /home/runner/work/SCIB-INCEPTION-PHASE-DEMO/SCIB-INCEPTION-PHASE-DEMO/code/src/test/java/com/myproject/exceptions/GlobalExceptionHandlerTest.java:[127,66] cannot find symbol
2026-05-12T06:54:39.1039437Z   symbol:   method handleConcurrentCreation(com.myproject.exceptions.ConcurrentTaskCreationException)
2026-05-12T06:54:39.1040111Z   location: variable exceptionHandler of type com.myproject.exceptions.GlobalExceptionHandler
2026-05-12T06:54:39.1041237Z [ERROR] /home/runner/work/SCIB-INCEPTION-PHASE-DEMO/SCIB-INCEPTION-PHASE-DEMO/code/src/test/java/com/myproject/exceptions/GlobalExceptionHandlerTest.java:[146,66] cannot find symbol
2026-05-12T06:54:39.1042292Z   symbol:   method handlePerformanceThreshold(com.myproject.exceptions.PerformanceThresholdExceededException)
2026-05-12T06:54:39.1043036Z   location: variable exceptionHandler of type com.myproject.exceptions.GlobalExceptionHandler
2026-05-12T06:54:39.1043982Z [ERROR] /home/runner/work/SCIB-INCEPTION-PHASE-DEMO/SCIB-INCEPTION-PHASE-DEMO/code/src/test/java/com/myproject/exceptions/GlobalExceptionHandlerTest.java:[169,66] cannot find symbol
2026-05-12T06:54:39.1044996Z   symbol:   method handleValidationException(org.springframework.web.bind.MethodArgumentNotValidException)
2026-05-12T06:54:39.1045677Z   location: variable exceptionHandler of type com.myproject.exceptions.GlobalExceptionHandler
2026-05-12T06:54:39.1047008Z [ERROR] /home/runner/work/SCIB-INCEPTION-PHASE-DEMO/SCIB-INCEPTION-PHASE-DEMO/code/src/test/java/com/myproject/exceptions/GlobalExceptionHandlerTest.java:[193,66] cannot find symbol
2026-05-12T06:54:39.1048046Z   symbol:   method handleValidationException(org.springframework.web.bind.MethodArgumentNotValidException)
2026-05-12T06:54:39.1048727Z   location: variable exceptionHandler of type com.myproject.exceptions.GlobalExceptionHandler
2026-05-12T06:54:39.1050154Z [ERROR] /home/runner/work/SCIB-INCEPTION-PHASE-DEMO/SCIB-INCEPTION-PHASE-DEMO/code/src/test/java/com/myproject/models/datastores/InMemoryTaskDataStoreTest.java:[33,34] incompatible types: com.myproject.models.dtos.TaskStatus cannot be converted to java.lang.String
2026-05-12T06:54:39.1052019Z [ERROR] /home/runner/work/SCIB-INCEPTION-PHASE-DEMO/SCIB-INCEPTION-PHASE-DEMO/code/src/test/java/com/myproject/models/datastores/InMemoryTaskDataStoreTest.java:[34,38] incompatible types: com.myproject.models.dtos.TaskPriority cannot be converted to java.lang.String
2026-05-12T06:54:39.1053873Z [ERROR] /home/runner/work/SCIB-INCEPTION-PHASE-DEMO/SCIB-INCEPTION-PHASE-DEMO/code/src/test/java/com/myproject/models/datastores/InMemoryTaskDataStoreTest.java:[353,34] incompatible types: com.myproject.models.dtos.TaskStatus cannot be converted to java.lang.String
2026-05-12T06:54:39.1055730Z [ERROR] /home/runner/work/SCIB-INCEPTION-PHASE-DEMO/SCIB-INCEPTION-PHASE-DEMO/code/src/test/java/com/myproject/models/datastores/InMemoryTaskDataStoreTest.java:[354,38] incompatible types: com.myproject.models.dtos.TaskPriority cannot be converted to java.lang.String
2026-05-12T06:54:39.1057492Z [ERROR] /home/runner/work/SCIB-INCEPTION-PHASE-DEMO/SCIB-INCEPTION-PHASE-DEMO/code/src/test/java/com/myproject/services/impl/ColumnServiceImplTest.java:[49,53] cannot find symbol
2026-05-12T06:54:39.1058271Z   symbol:   method getColumnStats(java.lang.String)
2026-05-12T06:54:39.1058715Z   location: variable columnService of type com.myproject.services.impl.ColumnServiceImpl
2026-05-12T06:54:39.1059621Z [ERROR] /home/runner/work/SCIB-INCEPTION-PHASE-DEMO/SCIB-INCEPTION-PHASE-DEMO/code/src/test/java/com/myproject/services/impl/ColumnServiceImplTest.java:[67,26] cannot find symbol
2026-05-12T06:54:39.1060393Z   symbol:   method getColumnStats(java.lang.String)
2026-05-12T06:54:39.1060822Z   location: variable columnService of type com.myproject.services.impl.ColumnServiceImpl
2026-05-12T06:54:39.1061720Z [ERROR] /home/runner/work/SCIB-INCEPTION-PHASE-DEMO/SCIB-INCEPTION-PHASE-DEMO/code/src/test/java/com/myproject/services/impl/ColumnServiceImplTest.java:[85,53] cannot find symbol
2026-05-12T06:54:39.1062490Z   symbol:   method getColumnStats(java.lang.String)
2026-05-12T06:54:39.1062913Z   location: variable columnService of type com.myproject.services.impl.ColumnServiceImpl
2026-05-12T06:54:39.1063807Z [ERROR] /home/runner/work/SCIB-INCEPTION-PHASE-DEMO/SCIB-INCEPTION-PHASE-DEMO/code/src/test/java/com/myproject/services/impl/ColumnServiceImplTest.java:[106,53] cannot find symbol
2026-05-12T06:54:39.1064577Z   symbol:   method getColumnStats(java.lang.String)
2026-05-12T06:54:39.1065116Z   location: variable columnService of type com.myproject.services.impl.ColumnServiceImpl
2026-05-12T06:54:39.1066023Z [ERROR] /home/runner/work/SCIB-INCEPTION-PHASE-DEMO/SCIB-INCEPTION-PHASE-DEMO/code/src/test/java/com/myproject/services/impl/ColumnServiceImplTest.java:[127,53] cannot find symbol
2026-05-12T06:54:39.1067002Z   symbol:   method getColumnStats(java.lang.String)
2026-05-12T06:54:39.1067431Z   location: variable columnService of type com.myproject.services.impl.ColumnServiceImpl
2026-05-12T06:54:39.1068335Z [ERROR] /home/runner/work/SCIB-INCEPTION-PHASE-DEMO/SCIB-INCEPTION-PHASE-DEMO/code/src/test/java/com/myproject/services/impl/ColumnServiceImplTest.java:[163,64] cannot find symbol
2026-05-12T06:54:39.1069285Z   symbol:   method bulkUpdateColumnCounts(com.myproject.models.dtos.BulkUpdateColumnCountsRequest)
2026-05-12T06:54:39.1069910Z   location: variable columnService of type com.myproject.services.impl.ColumnServiceImpl
2026-05-12T06:54:39.1070842Z [ERROR] /home/runner/work/SCIB-INCEPTION-PHASE-DEMO/SCIB-INCEPTION-PHASE-DEMO/code/src/test/java/com/myproject/services/impl/ColumnServiceImplTest.java:[195,64] cannot find symbol
2026-05-12T06:54:39.1071799Z   symbol:   method bulkUpdateColumnCounts(com.myproject.models.dtos.BulkUpdateColumnCountsRequest)
2026-05-12T06:54:39.1072436Z   location: variable columnService of type com.myproject.services.impl.ColumnServiceImpl
2026-05-12T06:54:39.1073488Z [ERROR] /home/runner/work/SCIB-INCEPTION-PHASE-DEMO/SCIB-INCEPTION-PHASE-DEMO/code/src/test/java/com/myproject/services/impl/ColumnServiceImplTest.java:[219,26] cannot find symbol
2026-05-12T06:54:39.1074450Z   symbol:   method bulkUpdateColumnCounts(com.myproject.models.dtos.BulkUpdateColumnCountsRequest)
2026-05-12T06:54:39.1075103Z   location: variable columnService of type com.myproject.services.impl.ColumnServiceImpl
2026-05-12T06:54:39.1076010Z [ERROR] /home/runner/work/SCIB-INCEPTION-PHASE-DEMO/SCIB-INCEPTION-PHASE-DEMO/code/src/test/java/com/myproject/services/impl/ColumnServiceImplTest.java:[256,64] cannot find symbol
2026-05-12T06:54:39.1077187Z   symbol:   method bulkUpdateColumnCounts(com.myproject.models.dtos.BulkUpdateColumnCountsRequest)
2026-05-12T06:54:39.1077812Z   location: variable columnService of type com.myproject.services.impl.ColumnServiceImpl
2026-05-12T06:54:39.1078715Z [ERROR] /home/runner/work/SCIB-INCEPTION-PHASE-DEMO/SCIB-INCEPTION-PHASE-DEMO/code/src/test/java/com/myproject/services/impl/ColumnServiceImplTest.java:[283,64] cannot find symbol
2026-05-12T06:54:39.1079665Z   symbol:   method bulkUpdateColumnCounts(com.myproject.models.dtos.BulkUpdateColumnCountsRequest)
2026-05-12T06:54:39.1080277Z   location: variable columnService of type com.myproject.services.impl.ColumnServiceImpl
2026-05-12T06:54:39.1081177Z [ERROR] /home/runner/work/SCIB-INCEPTION-PHASE-DEMO/SCIB-INCEPTION-PHASE-DEMO/code/src/test/java/com/myproject/services/impl/ColumnServiceImplTest.java:[301,22] cannot find symbol
2026-05-12T06:54:39.1082030Z   symbol:   method updateColumnCounts(java.lang.String,java.lang.String)
2026-05-12T06:54:39.1082542Z   location: variable columnService of type com.myproject.services.impl.ColumnServiceImpl
2026-05-12T06:54:39.1083443Z [ERROR] /home/runner/work/SCIB-INCEPTION-PHASE-DEMO/SCIB-INCEPTION-PHASE-DEMO/code/src/test/java/com/myproject/services/impl/ColumnServiceImplTest.java:[315,22] cannot find symbol
2026-05-12T06:54:39.1084265Z   symbol:   method updateColumnCounts(java.lang.String,<nulltype>)
2026-05-12T06:54:39.1084766Z   location: variable columnService of type com.myproject.services.impl.ColumnServiceImpl
2026-05-12T06:54:39.1085661Z [ERROR] /home/runner/work/SCIB-INCEPTION-PHASE-DEMO/SCIB-INCEPTION-PHASE-DEMO/code/src/test/java/com/myproject/services/impl/ColumnServiceImplTest.java:[329,22] cannot find symbol
2026-05-12T06:54:39.1086687Z   symbol:   method updateColumnCounts(<nulltype>,java.lang.String)
2026-05-12T06:54:39.1087162Z   location: variable columnService of type com.myproject.services.impl.ColumnServiceImpl
2026-05-12T06:54:39.1088196Z [ERROR] /home/runner/work/SCIB-INCEPTION-PHASE-DEMO/SCIB-INCEPTION-PHASE-DEMO/code/src/test/java/com/myproject/services/impl/ColumnServiceImplTest.java:[339,22] cannot find symbol
2026-05-12T06:54:39.1089006Z   symbol:   method updateColumnCounts(<nulltype>,<nulltype>)
2026-05-12T06:54:39.1089464Z   location: variable columnService of type com.myproject.services.impl.ColumnServiceImpl
2026-05-12T06:54:39.1090667Z [ERROR] /home/runner/work/SCIB-INCEPTION-PHASE-DEMO/SCIB-INCEPTION-PHASE-DEMO/code/src/test/java/com/myproject/services/impl/TaskServiceImplTest.java:[44,34] incompatible types: com.myproject.models.dtos.TaskStatus cannot be converted to java.lang.String
2026-05-12T06:54:39.1092431Z [ERROR] /home/runner/work/SCIB-INCEPTION-PHASE-DEMO/SCIB-INCEPTION-PHASE-DEMO/code/src/test/java/com/myproject/services/impl/TaskServiceImplTest.java:[53,41] incompatible types: com.myproject.models.dtos.TaskStatus cannot be converted to java.lang.String
2026-05-12T06:54:39.1094109Z [ERROR] /home/runner/work/SCIB-INCEPTION-PHASE-DEMO/SCIB-INCEPTION-PHASE-DEMO/code/src/test/java/com/myproject/services/impl/TaskServiceImplTest.java:[57,37] incompatible types: java.lang.String cannot be converted to java.lang.Long
2026-05-12T06:54:39.1095554Z [ERROR] /home/runner/work/SCIB-INCEPTION-PHASE-DEMO/SCIB-INCEPTION-PHASE-DEMO/code/src/test/java/com/myproject/services/impl/TaskServiceImplTest.java:[59,40] cannot find symbol
2026-05-12T06:54:39.1096756Z   symbol:   method updateColumnCounts(java.lang.String,java.lang.String)
2026-05-12T06:54:39.1097225Z   location: interface com.myproject.services.interfaces.ColumnService
2026-05-12T06:54:39.1098259Z [ERROR] /home/runner/work/SCIB-INCEPTION-PHASE-DEMO/SCIB-INCEPTION-PHASE-DEMO/code/src/test/java/com/myproject/services/impl/TaskServiceImplTest.java:[62,74] incompatible types: java.lang.String cannot be converted to java.lang.Long
2026-05-12T06:54:39.1099844Z [ERROR] /home/runner/work/SCIB-INCEPTION-PHASE-DEMO/SCIB-INCEPTION-PHASE-DEMO/code/src/test/java/com/myproject/services/impl/TaskServiceImplTest.java:[69,40] incompatible types: java.lang.String cannot be converted to java.lang.Long
2026-05-12T06:54:39.1101242Z [ERROR] /home/runner/work/SCIB-INCEPTION-PHASE-DEMO/SCIB-INCEPTION-PHASE-DEMO/code/src/test/java/com/myproject/services/impl/TaskServiceImplTest.java:[71,30] cannot find symbol
2026-05-12T06:54:39.1102114Z   symbol:   method updateColumnCounts(java.lang.String,java.lang.String)
2026-05-12T06:54:39.1102565Z   location: interface com.myproject.services.interfaces.ColumnService
2026-05-12T06:54:39.1103584Z [ERROR] /home/runner/work/SCIB-INCEPTION-PHASE-DEMO/SCIB-INCEPTION-PHASE-DEMO/code/src/test/java/com/myproject/services/impl/TaskServiceImplTest.java:[82,37] incompatible types: java.lang.String cannot be converted to java.lang.Long
2026-05-12T06:54:39.1105157Z [ERROR] /home/runner/work/SCIB-INCEPTION-PHASE-DEMO/SCIB-INCEPTION-PHASE-DEMO/code/src/test/java/com/myproject/services/impl/TaskServiceImplTest.java:[86,42] incompatible types: java.lang.String cannot be converted to java.lang.Long
2026-05-12T06:54:39.1106960Z [ERROR] /home/runner/work/SCIB-INCEPTION-PHASE-DEMO/SCIB-INCEPTION-PHASE-DEMO/code/src/test/java/com/myproject/services/impl/TaskServiceImplTest.java:[88,40] incompatible types: java.lang.String cannot be converted to java.lang.Long
2026-05-12T06:54:39.1108648Z [ERROR] /home/runner/work/SCIB-INCEPTION-PHASE-DEMO/SCIB-INCEPTION-PHASE-DEMO/code/src/test/java/com/myproject/services/impl/TaskServiceImplTest.java:[98,34] incompatible types: com.myproject.models.dtos.TaskStatus cannot be converted to java.lang.String
2026-05-12T06:54:39.1110319Z [ERROR] /home/runner/work/SCIB-INCEPTION-PHASE-DEMO/SCIB-INCEPTION-PHASE-DEMO/code/src/test/java/com/myproject/services/impl/TaskServiceImplTest.java:[105,37] incompatible types: java.lang.String cannot be converted to java.lang.Long
2026-05-12T06:54:39.1111899Z [ERROR] /home/runner/work/SCIB-INCEPTION-PHASE-DEMO/SCIB-INCEPTION-PHASE-DEMO/code/src/test/java/com/myproject/services/impl/TaskServiceImplTest.java:[109,42] incompatible types: java.lang.String cannot be converted to java.lang.Long
2026-05-12T06:54:39.1113607Z [ERROR] /home/runner/work/SCIB-INCEPTION-PHASE-DEMO/SCIB-INCEPTION-PHASE-DEMO/code/src/test/java/com/myproject/services/impl/TaskServiceImplTest.java:[111,40] incompatible types: java.lang.String cannot be converted to java.lang.Long
2026-05-12T06:54:39.1115286Z [ERROR] /home/runner/work/SCIB-INCEPTION-PHASE-DEMO/SCIB-INCEPTION-PHASE-DEMO/code/src/test/java/com/myproject/services/impl/TaskServiceImplTest.java:[121,34] incompatible types: com.myproject.models.dtos.TaskStatus cannot be converted to java.lang.String
2026-05-12T06:54:39.1117254Z [ERROR] /home/runner/work/SCIB-INCEPTION-PHASE-DEMO/SCIB-INCEPTION-PHASE-DEMO/code/src/test/java/com/myproject/services/impl/TaskServiceImplTest.java:[130,41] incompatible types: com.myproject.models.dtos.TaskStatus cannot be converted to java.lang.String
2026-05-12T06:54:39.1118925Z [ERROR] /home/runner/work/SCIB-INCEPTION-PHASE-DEMO/SCIB-INCEPTION-PHASE-DEMO/code/src/test/java/com/myproject/services/impl/TaskServiceImplTest.java:[134,37] incompatible types: java.lang.String cannot be converted to java.lang.Long
2026-05-12T06:54:39.1120534Z [ERROR] /home/runner/work/SCIB-INCEPTION-PHASE-DEMO/SCIB-INCEPTION-PHASE-DEMO/code/src/test/java/com/myproject/services/impl/TaskServiceImplTest.java:[138,74] incompatible types: java.lang.String cannot be converted to java.lang.Long
2026-05-12T06:54:39.1122098Z [ERROR] /home/runner/work/SCIB-INCEPTION-PHASE-DEMO/SCIB-INCEPTION-PHASE-DEMO/code/src/test/java/com/myproject/services/impl/TaskServiceImplTest.java:[142,39] cannot find symbol
2026-05-12T06:54:39.1122944Z   symbol:   method updateColumnCounts(java.lang.String,java.lang.String)
2026-05-12T06:54:39.1123397Z   location: interface com.myproject.services.interfaces.ColumnService
2026-05-12T06:54:39.1124504Z [ERROR] /home/runner/work/SCIB-INCEPTION-PHASE-DEMO/SCIB-INCEPTION-PHASE-DEMO/code/src/test/java/com/myproject/services/impl/TaskServiceImplTest.java:[154,34] incompatible types: com.myproject.models.dtos.TaskStatus cannot be converted to java.lang.String
2026-05-12T06:54:39.1126446Z [ERROR] /home/runner/work/SCIB-INCEPTION-PHASE-DEMO/SCIB-INCEPTION-PHASE-DEMO/code/src/test/java/com/myproject/services/impl/TaskServiceImplTest.java:[157,37] incompatible types: java.lang.String cannot be converted to java.lang.Long
2026-05-12T06:54:39.1127873Z [ERROR] /home/runner/work/SCIB-INCEPTION-PHASE-DEMO/SCIB-INCEPTION-PHASE-DEMO/code/src/test/java/com/myproject/services/impl/TaskServiceImplTest.java:[160,51] cannot find symbol
2026-05-12T06:54:39.1128658Z   symbol:   method getTaskDetails(java.lang.String)
2026-05-12T06:54:39.1129116Z   location: variable taskService of type com.myproject.services.impl.TaskServiceImpl
2026-05-12T06:54:39.1130019Z [ERROR] /home/runner/work/SCIB-INCEPTION-PHASE-DEMO/SCIB-INCEPTION-PHASE-DEMO/code/src/test/java/com/myproject/services/impl/TaskServiceImplTest.java:[167,39] cannot find symbol
2026-05-12T06:54:39.1130760Z   symbol:   method getColumnId()
2026-05-12T06:54:39.1131138Z   location: variable response of type com.myproject.models.dtos.TaskDetailsResponse
2026-05-12T06:54:39.1132212Z [ERROR] /home/runner/work/SCIB-INCEPTION-PHASE-DEMO/SCIB-INCEPTION-PHASE-DEMO/code/src/test/java/com/myproject/services/impl/TaskServiceImplTest.java:[168,40] incompatible types: java.lang.String cannot be converted to java.lang.Long
2026-05-12T06:54:39.1133807Z [ERROR] /home/runner/work/SCIB-INCEPTION-PHASE-DEMO/SCIB-INCEPTION-PHASE-DEMO/code/src/test/java/com/myproject/services/impl/TaskServiceImplTest.java:[175,37] incompatible types: java.lang.String cannot be converted to java.lang.Long
2026-05-12T06:54:39.1135209Z [ERROR] /home/runner/work/SCIB-INCEPTION-PHASE-DEMO/SCIB-INCEPTION-PHASE-DEMO/code/src/test/java/com/myproject/services/impl/TaskServiceImplTest.java:[179,24] cannot find symbol
2026-05-12T06:54:39.1135984Z   symbol:   method getTaskDetails(java.lang.String)
2026-05-12T06:54:39.1136600Z   location: variable taskService of type com.myproject.services.impl.TaskServiceImpl
2026-05-12T06:54:39.1137814Z [ERROR] /home/runner/work/SCIB-INCEPTION-PHASE-DEMO/SCIB-INCEPTION-PHASE-DEMO/code/src/test/java/com/myproject/services/impl/TaskServiceImplTest.java:[181,40] incompatible types: java.lang.String cannot be converted to java.lang.Long
2026-05-12T06:54:39.1139664Z [ERROR] /home/runner/work/SCIB-INCEPTION-PHASE-DEMO/SCIB-INCEPTION-PHASE-DEMO/code/src/test/java/com/myproject/services/impl/TaskServiceImplTest.java:[193,41] incompatible types: com.myproject.models.dtos.TaskPriority cannot be converted to com.myproject.models.dtos.TaskCreateRequest.TaskPriority
2026-05-12T06:54:39.1141596Z [ERROR] /home/runner/work/SCIB-INCEPTION-PHASE-DEMO/SCIB-INCEPTION-PHASE-DEMO/code/src/test/java/com/myproject/services/impl/TaskServiceImplTest.java:[201,39] incompatible types: com.myproject.models.dtos.TaskStatus cannot be converted to java.lang.String
2026-05-12T06:54:39.1143455Z [ERROR] /home/runner/work/SCIB-INCEPTION-PHASE-DEMO/SCIB-INCEPTION-PHASE-DEMO/code/src/test/java/com/myproject/services/impl/TaskServiceImplTest.java:[202,50] incompatible types: com.myproject.models.dtos.TaskCreateRequest.TaskPriority cannot be converted to java.lang.String
2026-05-12T06:54:39.1144557Z [INFO] 100 errors 
2026-05-12T06:54:39.1144798Z [INFO] -------------------------------------------------------------
2026-05-12T06:54:39.1145176Z [INFO] ------------------------------------------------------------------------
2026-05-12T06:54:39.1145590Z [INFO] BUILD FAILURE
2026-05-12T06:54:39.1145851Z [INFO] ------------------------------------------------------------------------
2026-05-12T06:54:39.1146396Z [INFO] Total time:  15.505 s
2026-05-12T06:54:39.1146632Z [INFO] Finished at: 2026-05-12T06:54:39Z
2026-05-12T06:54:39.1146937Z [INFO] ------------------------------------------------------------------------
2026-05-12T06:54:39.1147756Z [ERROR] Failed to execute goal org.apache.maven.plugins:maven-compiler-plugin:3.14.1:testCompile (default-testCompile) on project myproject: Compilation failure: Compilation failure: 
2026-05-12T06:54:39.1148995Z [ERROR] /home/runner/work/SCIB-INCEPTION-PHASE-DEMO/SCIB-INCEPTION-PHASE-DEMO/code/src/test/java/com/myproject/controllers/ColumnControllerTest.java:[50,27] cannot find symbol
2026-05-12T06:54:39.1149783Z [ERROR]   symbol:   method getColumnStats(java.lang.String)
2026-05-12T06:54:39.1150278Z [ERROR]   location: variable columnService of type com.myproject.services.interfaces.ColumnService
2026-05-12T06:54:39.1151215Z [ERROR] /home/runner/work/SCIB-INCEPTION-PHASE-DEMO/SCIB-INCEPTION-PHASE-DEMO/code/src/test/java/com/myproject/controllers/ColumnControllerTest.java:[59,40] cannot find symbol
2026-05-12T06:54:39.1151990Z [ERROR]   symbol:   method getColumnStats(java.lang.String)
2026-05-12T06:54:39.1152409Z [ERROR]   location: interface com.myproject.services.interfaces.ColumnService
2026-05-12T06:54:39.1153267Z [ERROR] /home/runner/work/SCIB-INCEPTION-PHASE-DEMO/SCIB-INCEPTION-PHASE-DEMO/code/src/test/java/com/myproject/controllers/ColumnControllerTest.java:[66,27] cannot find symbol
2026-05-12T06:54:39.1154049Z [ERROR]   symbol:   method getColumnStats(java.lang.String)
2026-05-12T06:54:39.1154536Z [ERROR]   location: variable columnService of type com.myproject.services.interfaces.ColumnService
2026-05-12T06:54:39.1155489Z [ERROR] /home/runner/work/SCIB-INCEPTION-PHASE-DEMO/SCIB-INCEPTION-PHASE-DEMO/code/src/test/java/com/myproject/controllers/ColumnControllerTest.java:[85,27] cannot find symbol
2026-05-12T06:54:39.1156514Z [ERROR]   symbol:   method getColumnStats(java.lang.String)
2026-05-12T06:54:39.1156997Z [ERROR]   location: variable columnService of type com.myproject.services.interfaces.ColumnService
2026-05-12T06:54:39.1157924Z [ERROR] /home/runner/work/SCIB-INCEPTION-PHASE-DEMO/SCIB-INCEPTION-PHASE-DEMO/code/src/test/java/com/myproject/controllers/ColumnControllerTest.java:[103,27] cannot find symbol
2026-05-12T06:54:39.1158704Z [ERROR]   symbol:   method getColumnStats(java.lang.String)
2026-05-12T06:54:39.1159179Z [ERROR]   location: variable columnService of type com.myproject.services.interfaces.ColumnService
2026-05-12T06:54:39.1160247Z [ERROR] /home/runner/work/SCIB-INCEPTION-PHASE-DEMO/SCIB-INCEPTION-PHASE-DEMO/code/src/test/java/com/myproject/controllers/ColumnControllerTest.java:[121,27] cannot find symbol
2026-05-12T06:54:39.1161020Z [ERROR]   symbol:   method getColumnStats(java.lang.String)
2026-05-12T06:54:39.1161500Z [ERROR]   location: variable columnService of type com.myproject.services.interfaces.ColumnService
2026-05-12T06:54:39.1162419Z [ERROR] /home/runner/work/SCIB-INCEPTION-PHASE-DEMO/SCIB-INCEPTION-PHASE-DEMO/code/src/test/java/com/myproject/controllers/ColumnControllerTest.java:[149,27] cannot find symbol
2026-05-12T06:54:39.1163398Z [ERROR]   symbol:   method bulkUpdateColumnCounts(com.myproject.models.dtos.BulkUpdateColumnCountsRequest)
2026-05-12T06:54:39.1164076Z [ERROR]   location: variable columnService of type com.myproject.services.interfaces.ColumnService
2026-05-12T06:54:39.1165000Z [ERROR] /home/runner/work/SCIB-INCEPTION-PHASE-DEMO/SCIB-INCEPTION-PHASE-DEMO/code/src/test/java/com/myproject/controllers/ColumnControllerTest.java:[163,40] cannot find symbol
2026-05-12T06:54:39.1165968Z [ERROR]   symbol:   method bulkUpdateColumnCounts(com.myproject.models.dtos.BulkUpdateColumnCountsRequest)
2026-05-12T06:54:39.1166812Z [ERROR]   location: interface com.myproject.services.interfaces.ColumnService
2026-05-12T06:54:39.1167826Z [ERROR] /home/runner/work/SCIB-INCEPTION-PHASE-DEMO/SCIB-INCEPTION-PHASE-DEMO/code/src/test/java/com/myproject/controllers/ColumnControllerTest.java:[180,27] cannot find symbol
2026-05-12T06:54:39.1168794Z [ERROR]   symbol:   method bulkUpdateColumnCounts(com.myproject.models.dtos.BulkUpdateColumnCountsRequest)
2026-05-12T06:54:39.1169467Z [ERROR]   location: variable columnService of type com.myproject.services.interfaces.ColumnService
2026-05-12T06:54:39.1170385Z [ERROR] /home/runner/work/SCIB-INCEPTION-PHASE-DEMO/SCIB-INCEPTION-PHASE-DEMO/code/src/test/java/com/myproject/controllers/ColumnControllerTest.java:[214,27] cannot find symbol
2026-05-12T06:54:39.1171349Z [ERROR]   symbol:   method bulkUpdateColumnCounts(com.myproject.models.dtos.BulkUpdateColumnCountsRequest)
2026-05-12T06:54:39.1172009Z [ERROR]   location: variable columnService of type com.myproject.services.interfaces.ColumnService
2026-05-12T06:54:39.1172939Z [ERROR] /home/runner/work/SCIB-INCEPTION-PHASE-DEMO/SCIB-INCEPTION-PHASE-DEMO/code/src/test/java/com/myproject/controllers/ColumnControllerTest.java:[236,27] cannot find symbol
2026-05-12T06:54:39.1173895Z [ERROR]   symbol:   method bulkUpdateColumnCounts(com.myproject.models.dtos.BulkUpdateColumnCountsRequest)
2026-05-12T06:54:39.1174558Z [ERROR]   location: variable columnService of type com.myproject.services.interfaces.ColumnService
2026-05-12T06:54:39.1175476Z [ERROR] /home/runner/work/SCIB-INCEPTION-PHASE-DEMO/SCIB-INCEPTION-PHASE-DEMO/code/src/test/java/com/myproject/controllers/ColumnControllerTest.java:[311,27] cannot find symbol
2026-05-12T06:54:39.1176640Z [ERROR]   symbol:   method bulkUpdateColumnCounts(com.myproject.models.dtos.BulkUpdateColumnCountsRequest)
2026-05-12T06:54:39.1177336Z [ERROR]   location: variable columnService of type com.myproject.services.interfaces.ColumnService
2026-05-12T06:54:39.1178415Z [ERROR] /home/runner/work/SCIB-INCEPTION-PHASE-DEMO/SCIB-INCEPTION-PHASE-DEMO/code/src/test/java/com/myproject/controllers/TaskControllerTest.java:[51,25] incompatible types: inference variable T has incompatible bounds
2026-05-12T06:54:39.1179351Z [ERROR]     upper bounds: java.lang.Long,java.lang.Object
2026-05-12T06:54:39.1179667Z [ERROR]     lower bounds: java.lang.String
2026-05-12T06:54:39.1180548Z [ERROR] /home/runner/work/SCIB-INCEPTION-PHASE-DEMO/SCIB-INCEPTION-PHASE-DEMO/code/src/test/java/com/myproject/controllers/TaskControllerTest.java:[63,38] incompatible types: inference variable T has incompatible bounds
2026-05-12T06:54:39.1181465Z [ERROR]     upper bounds: java.lang.Long,java.lang.Object
2026-05-12T06:54:39.1181768Z [ERROR]     lower bounds: java.lang.String
2026-05-12T06:54:39.1182762Z [ERROR] /home/runner/work/SCIB-INCEPTION-PHASE-DEMO/SCIB-INCEPTION-PHASE-DEMO/code/src/test/java/com/myproject/controllers/TaskControllerTest.java:[74,25] incompatible types: inference variable T has incompatible bounds
2026-05-12T06:54:39.1183683Z [ERROR]     upper bounds: java.lang.Long,java.lang.Object
2026-05-12T06:54:39.1183979Z [ERROR]     lower bounds: java.lang.String
2026-05-12T06:54:39.1184839Z [ERROR] /home/runner/work/SCIB-INCEPTION-PHASE-DEMO/SCIB-INCEPTION-PHASE-DEMO/code/src/test/java/com/myproject/controllers/TaskControllerTest.java:[94,25] incompatible types: inference variable T has incompatible bounds
2026-05-12T06:54:39.1185765Z [ERROR]     upper bounds: java.lang.Long,java.lang.Object
2026-05-12T06:54:39.1186055Z [ERROR]     lower bounds: java.lang.String
2026-05-12T06:54:39.1187171Z [ERROR] /home/runner/work/SCIB-INCEPTION-PHASE-DEMO/SCIB-INCEPTION-PHASE-DEMO/code/src/test/java/com/myproject/controllers/TaskControllerTest.java:[144,28] incompatible types: java.lang.String cannot be converted to java.lang.Long
2026-05-12T06:54:39.1188842Z [ERROR] /home/runner/work/SCIB-INCEPTION-PHASE-DEMO/SCIB-INCEPTION-PHASE-DEMO/code/src/test/java/com/myproject/controllers/TaskControllerTest.java:[146,38] incompatible types: com.myproject.models.dtos.TaskStatus cannot be converted to java.lang.String
2026-05-12T06:54:39.1190452Z [ERROR] /home/runner/work/SCIB-INCEPTION-PHASE-DEMO/SCIB-INCEPTION-PHASE-DEMO/code/src/test/java/com/myproject/controllers/TaskControllerTest.java:[147,17] cannot find symbol
2026-05-12T06:54:39.1191233Z [ERROR]   symbol:   method setColumnId(java.lang.String)
2026-05-12T06:54:39.1191689Z [ERROR]   location: variable response of type com.myproject.models.dtos.TaskDetailsResponse
2026-05-12T06:54:39.1192612Z [ERROR] /home/runner/work/SCIB-INCEPTION-PHASE-DEMO/SCIB-INCEPTION-PHASE-DEMO/code/src/test/java/com/myproject/controllers/TaskControllerTest.java:[149,25] cannot find symbol
2026-05-12T06:54:39.1193395Z [ERROR]   symbol:   method getTaskDetails(java.lang.String)
2026-05-12T06:54:39.1193870Z [ERROR]   location: variable taskService of type com.myproject.services.interfaces.TaskService
2026-05-12T06:54:39.1194776Z [ERROR] /home/runner/work/SCIB-INCEPTION-PHASE-DEMO/SCIB-INCEPTION-PHASE-DEMO/code/src/test/java/com/myproject/controllers/TaskControllerTest.java:[159,38] cannot find symbol
2026-05-12T06:54:39.1195546Z [ERROR]   symbol:   method getTaskDetails(java.lang.String)
2026-05-12T06:54:39.1195960Z [ERROR]   location: interface com.myproject.services.interfaces.TaskService
2026-05-12T06:54:39.1197073Z [ERROR] /home/runner/work/SCIB-INCEPTION-PHASE-DEMO/SCIB-INCEPTION-PHASE-DEMO/code/src/test/java/com/myproject/controllers/TaskControllerTest.java:[166,25] cannot find symbol
2026-05-12T06:54:39.1197850Z [ERROR]   symbol:   method getTaskDetails(java.lang.String)
2026-05-12T06:54:39.1198311Z [ERROR]   location: variable taskService of type com.myproject.services.interfaces.TaskService
2026-05-12T06:54:39.1199659Z [ERROR] /home/runner/work/SCIB-INCEPTION-PHASE-DEMO/SCIB-INCEPTION-PHASE-DEMO/code/src/test/java/com/myproject/controllers/TaskControllerTest.java:[184,41] incompatible types: com.myproject.models.dtos.TaskPriority cannot be converted to com.myproject.models.dtos.TaskCreateRequest.TaskPriority
2026-05-12T06:54:39.1201623Z [ERROR] /home/runner/work/SCIB-INCEPTION-PHASE-DEMO/SCIB-INCEPTION-PHASE-DEMO/code/src/test/java/com/myproject/controllers/TaskControllerTest.java:[192,38] incompatible types: com.myproject.models.dtos.TaskStatus cannot be converted to java.lang.String
2026-05-12T06:54:39.1204459Z [ERROR] /home/runner/work/SCIB-INCEPTION-PHASE-DEMO/SCIB-INCEPTION-PHASE-DEMO/code/src/test/java/com/myproject/controllers/TaskControllerTest.java:[193,49] incompatible types: com.myproject.models.dtos.TaskCreateRequest.TaskPriority cannot be converted to java.lang.String
2026-05-12T06:54:39.1206043Z [ERROR] /home/runner/work/SCIB-INCEPTION-PHASE-DEMO/SCIB-INCEPTION-PHASE-DEMO/code/src/test/java/com/myproject/controllers/TaskControllerTest.java:[196,17] cannot find symbol
2026-05-12T06:54:39.1207441Z [ERROR]   symbol:   method setVersion(long)
2026-05-12T06:54:39.1207846Z [ERROR]   location: variable response of type com.myproject.models.dtos.TaskResponse
2026-05-12T06:54:39.1209526Z [ERROR] /home/runner/work/SCIB-INCEPTION-PHASE-DEMO/SCIB-INCEPTION-PHASE-DEMO/code/src/test/java/com/myproject/controllers/TaskControllerTest.java:[218,41] incompatible types: com.myproject.models.dtos.TaskPriority cannot be converted to com.myproject.models.dtos.TaskCreateRequest.TaskPriority
2026-05-12T06:54:39.1211632Z [ERROR] /home/runner/work/SCIB-INCEPTION-PHASE-DEMO/SCIB-INCEPTION-PHASE-DEMO/code/src/test/java/com/myproject/controllers/TaskControllerTest.java:[234,41] incompatible types: com.myproject.models.dtos.TaskPriority cannot be converted to com.myproject.models.dtos.TaskCreateRequest.TaskPriority
2026-05-12T06:54:39.1213716Z [ERROR] /home/runner/work/SCIB-INCEPTION-PHASE-DEMO/SCIB-INCEPTION-PHASE-DEMO/code/src/test/java/com/myproject/controllers/TaskControllerTest.java:[251,41] incompatible types: com.myproject.models.dtos.TaskPriority cannot be converted to com.myproject.models.dtos.TaskCreateRequest.TaskPriority
2026-05-12T06:54:39.1215350Z [ERROR] /home/runner/work/SCIB-INCEPTION-PHASE-DEMO/SCIB-INCEPTION-PHASE-DEMO/code/src/test/java/com/myproject/controllers/TaskControllerTest.java:[286,17] cannot find symbol
2026-05-12T06:54:39.1216356Z [ERROR]   symbol:   method setLast(boolean)
2026-05-12T06:54:39.1216964Z [ERROR]   location: variable response of type com.myproject.models.dtos.PagedTaskResponse
2026-05-12T06:54:39.1218213Z [ERROR] /home/runner/work/SCIB-INCEPTION-PHASE-DEMO/SCIB-INCEPTION-PHASE-DEMO/code/src/test/java/com/myproject/controllers/TaskControllerTest.java:[288,25] method getUserTasks in interface com.myproject.services.interfaces.TaskService cannot be applied to given types;
2026-05-12T06:54:39.1219290Z [ERROR]   required: java.lang.Long,int,int
2026-05-12T06:54:39.1219628Z [ERROR]   found:    java.lang.Long,int,int,java.lang.String
2026-05-12T06:54:39.1220017Z [ERROR]   reason: actual and formal argument lists differ in length
2026-05-12T06:54:39.1221153Z [ERROR] /home/runner/work/SCIB-INCEPTION-PHASE-DEMO/SCIB-INCEPTION-PHASE-DEMO/code/src/test/java/com/myproject/controllers/TaskControllerTest.java:[304,38] method getUserTasks in interface com.myproject.services.interfaces.TaskService cannot be applied to given types;
2026-05-12T06:54:39.1222263Z [ERROR]   required: java.lang.Long,int,int
2026-05-12T06:54:39.1222582Z [ERROR]   found:    java.lang.Long,int,int,java.lang.String
2026-05-12T06:54:39.1222962Z [ERROR]   reason: actual and formal argument lists differ in length
2026-05-12T06:54:39.1223769Z [ERROR] /home/runner/work/SCIB-INCEPTION-PHASE-DEMO/SCIB-INCEPTION-PHASE-DEMO/code/src/test/java/com/myproject/controllers/TaskControllerTest.java:[317,17] cannot find symbol
2026-05-12T06:54:39.1224504Z [ERROR]   symbol:   method setLast(boolean)
2026-05-12T06:54:39.1224922Z [ERROR]   location: variable response of type com.myproject.models.dtos.PagedTaskResponse
2026-05-12T06:54:39.1226363Z [ERROR] /home/runner/work/SCIB-INCEPTION-PHASE-DEMO/SCIB-INCEPTION-PHASE-DEMO/code/src/test/java/com/myproject/controllers/TaskControllerTest.java:[319,25] method getUserTasks in interface com.myproject.services.interfaces.TaskService cannot be applied to given types;
2026-05-12T06:54:39.1227452Z [ERROR]   required: java.lang.Long,int,int
2026-05-12T06:54:39.1227774Z [ERROR]   found:    java.lang.Long,int,int,java.lang.String
2026-05-12T06:54:39.1228144Z [ERROR]   reason: actual and formal argument lists differ in length
2026-05-12T06:54:39.1228943Z [ERROR] /home/runner/work/SCIB-INCEPTION-PHASE-DEMO/SCIB-INCEPTION-PHASE-DEMO/code/src/test/java/com/myproject/controllers/TaskControllerTest.java:[342,17] cannot find symbol
2026-05-12T06:54:39.1229671Z [ERROR]   symbol:   method setLast(boolean)
2026-05-12T06:54:39.1230080Z [ERROR]   location: variable response of type com.myproject.models.dtos.PagedTaskResponse
2026-05-12T06:54:39.1231300Z [ERROR] /home/runner/work/SCIB-INCEPTION-PHASE-DEMO/SCIB-INCEPTION-PHASE-DEMO/code/src/test/java/com/myproject/controllers/TaskControllerTest.java:[344,25] method getUserTasks in interface com.myproject.services.interfaces.TaskService cannot be applied to given types;
2026-05-12T06:54:39.1232535Z [ERROR]   required: java.lang.Long,int,int
2026-05-12T06:54:39.1232843Z [ERROR]   found:    java.lang.Long,int,int,java.lang.String
2026-05-12T06:54:39.1233211Z [ERROR]   reason: actual and formal argument lists differ in length
2026-05-12T06:54:39.1234425Z [ERROR] /home/runner/work/SCIB-INCEPTION-PHASE-DEMO/SCIB-INCEPTION-PHASE-DEMO/code/src/test/java/com/myproject/controllers/TaskControllerTest.java:[401,37] incompatible types: com.myproject.models.dtos.TaskStatus cannot be converted to com.myproject.models.dtos.TaskUpdateRequest.TaskStatus
2026-05-12T06:54:39.1236903Z [ERROR] /home/runner/work/SCIB-INCEPTION-PHASE-DEMO/SCIB-INCEPTION-PHASE-DEMO/code/src/test/java/com/myproject/controllers/TaskControllerTest.java:[402,41] incompatible types: com.myproject.models.dtos.TaskPriority cannot be converted to com.myproject.models.dtos.TaskUpdateRequest.TaskPriority
2026-05-12T06:54:39.1238959Z [ERROR] /home/runner/work/SCIB-INCEPTION-PHASE-DEMO/SCIB-INCEPTION-PHASE-DEMO/code/src/test/java/com/myproject/controllers/TaskControllerTest.java:[408,45] incompatible types: com.myproject.models.dtos.TaskUpdateRequest.TaskStatus cannot be converted to java.lang.String
2026-05-12T06:54:39.1240999Z [ERROR] /home/runner/work/SCIB-INCEPTION-PHASE-DEMO/SCIB-INCEPTION-PHASE-DEMO/code/src/test/java/com/myproject/controllers/TaskControllerTest.java:[409,49] incompatible types: com.myproject.models.dtos.TaskUpdateRequest.TaskPriority cannot be converted to java.lang.String
2026-05-12T06:54:39.1243000Z [ERROR] /home/runner/work/SCIB-INCEPTION-PHASE-DEMO/SCIB-INCEPTION-PHASE-DEMO/code/src/test/java/com/myproject/controllers/TaskControllerTest.java:[496,42] incompatible types: com.myproject.models.dtos.TaskPriority cannot be converted to com.myproject.models.dtos.TaskCreateRequest.TaskPriority
2026-05-12T06:54:39.1245059Z [ERROR] /home/runner/work/SCIB-INCEPTION-PHASE-DEMO/SCIB-INCEPTION-PHASE-DEMO/code/src/test/java/com/myproject/controllers/TaskControllerTest.java:[501,42] incompatible types: com.myproject.models.dtos.TaskPriority cannot be converted to com.myproject.models.dtos.TaskCreateRequest.TaskPriority
2026-05-12T06:54:39.1247029Z [ERROR] /home/runner/work/SCIB-INCEPTION-PHASE-DEMO/SCIB-INCEPTION-PHASE-DEMO/code/src/test/java/com/myproject/controllers/TaskControllerTest.java:[516,21] cannot find symbol
2026-05-12T06:54:39.1247953Z [ERROR]   symbol:   method setCreatedTasks(java.util.List<com.myproject.models.dtos.TaskResponse>)
2026-05-12T06:54:39.1248571Z [ERROR]   location: variable bulkResponse of type com.myproject.models.dtos.BulkTaskResponse
2026-05-12T06:54:39.1249904Z [ERROR] /home/runner/work/SCIB-INCEPTION-PHASE-DEMO/SCIB-INCEPTION-PHASE-DEMO/code/src/test/java/com/myproject/controllers/TaskControllerTest.java:[540,42] incompatible types: com.myproject.models.dtos.TaskPriority cannot be converted to com.myproject.models.dtos.TaskCreateRequest.TaskPriority
2026-05-12T06:54:39.1251968Z [ERROR] /home/runner/work/SCIB-INCEPTION-PHASE-DEMO/SCIB-INCEPTION-PHASE-DEMO/code/src/test/java/com/myproject/controllers/TaskControllerTest.java:[545,42] incompatible types: com.myproject.models.dtos.TaskPriority cannot be converted to com.myproject.models.dtos.TaskCreateRequest.TaskPriority
2026-05-12T06:54:39.1254014Z [ERROR] /home/runner/work/SCIB-INCEPTION-PHASE-DEMO/SCIB-INCEPTION-PHASE-DEMO/code/src/test/java/com/myproject/controllers/TaskControllerTest.java:[553,25] cannot find symbol
2026-05-12T06:54:39.1254767Z [ERROR]   symbol:   class BulkTaskError
2026-05-12T06:54:39.1255106Z [ERROR]   location: class com.myproject.models.dtos.BulkTaskResponse
2026-05-12T06:54:39.1256478Z [ERROR] /home/runner/work/SCIB-INCEPTION-PHASE-DEMO/SCIB-INCEPTION-PHASE-DEMO/code/src/test/java/com/myproject/controllers/TaskControllerTest.java:[553,68] cannot find symbol
2026-05-12T06:54:39.1257408Z [ERROR]   symbol:   class BulkTaskError
2026-05-12T06:54:39.1257744Z [ERROR]   location: class com.myproject.models.dtos.BulkTaskResponse
2026-05-12T06:54:39.1258550Z [ERROR] /home/runner/work/SCIB-INCEPTION-PHASE-DEMO/SCIB-INCEPTION-PHASE-DEMO/code/src/test/java/com/myproject/controllers/TaskControllerTest.java:[560,21] cannot find symbol
2026-05-12T06:54:39.1259457Z [ERROR]   symbol:   method setCreatedTasks(java.util.List<com.myproject.models.dtos.TaskResponse>)
2026-05-12T06:54:39.1260372Z [ERROR]   location: variable bulkResponse of type com.myproject.models.dtos.BulkTaskResponse
2026-05-12T06:54:39.1261339Z [ERROR] /home/runner/work/SCIB-INCEPTION-PHASE-DEMO/SCIB-INCEPTION-PHASE-DEMO/code/src/test/java/com/myproject/exceptions/GlobalExceptionHandlerTest.java:[127,66] cannot find symbol
2026-05-12T06:54:39.1262357Z [ERROR]   symbol:   method handleConcurrentCreation(com.myproject.exceptions.ConcurrentTaskCreationException)
2026-05-12T06:54:39.1263068Z [ERROR]   location: variable exceptionHandler of type com.myproject.exceptions.GlobalExceptionHandler
2026-05-12T06:54:39.1264047Z [ERROR] /home/runner/work/SCIB-INCEPTION-PHASE-DEMO/SCIB-INCEPTION-PHASE-DEMO/code/src/test/java/com/myproject/exceptions/GlobalExceptionHandlerTest.java:[146,66] cannot find symbol
2026-05-12T06:54:39.1265098Z [ERROR]   symbol:   method handlePerformanceThreshold(com.myproject.exceptions.PerformanceThresholdExceededException)
2026-05-12T06:54:39.1265964Z [ERROR]   location: variable exceptionHandler of type com.myproject.exceptions.GlobalExceptionHandler
2026-05-12T06:54:39.1267254Z [ERROR] /home/runner/work/SCIB-INCEPTION-PHASE-DEMO/SCIB-INCEPTION-PHASE-DEMO/code/src/test/java/com/myproject/exceptions/GlobalExceptionHandlerTest.java:[169,66] cannot find symbol
2026-05-12T06:54:39.1268296Z [ERROR]   symbol:   method handleValidationException(org.springframework.web.bind.MethodArgumentNotValidException)
2026-05-12T06:54:39.1269027Z [ERROR]   location: variable exceptionHandler of type com.myproject.exceptions.GlobalExceptionHandler
2026-05-12T06:54:39.1269999Z [ERROR] /home/runner/work/SCIB-INCEPTION-PHASE-DEMO/SCIB-INCEPTION-PHASE-DEMO/code/src/test/java/com/myproject/exceptions/GlobalExceptionHandlerTest.java:[193,66] cannot find symbol
2026-05-12T06:54:39.1271016Z [ERROR]   symbol:   method handleValidationException(org.springframework.web.bind.MethodArgumentNotValidException)
2026-05-12T06:54:39.1271752Z [ERROR]   location: variable exceptionHandler of type com.myproject.exceptions.GlobalExceptionHandler
2026-05-12T06:54:39.1273011Z [ERROR] /home/runner/work/SCIB-INCEPTION-PHASE-DEMO/SCIB-INCEPTION-PHASE-DEMO/code/src/test/java/com/myproject/models/datastores/InMemoryTaskDataStoreTest.java:[33,34] incompatible types: com.myproject.models.dtos.TaskStatus cannot be converted to java.lang.String
2026-05-12T06:54:39.1274857Z [ERROR] /home/runner/work/SCIB-INCEPTION-PHASE-DEMO/SCIB-INCEPTION-PHASE-DEMO/code/src/test/java/com/myproject/models/datastores/InMemoryTaskDataStoreTest.java:[34,38] incompatible types: com.myproject.models.dtos.TaskPriority cannot be converted to java.lang.String
2026-05-12T06:54:39.1276886Z [ERROR] /home/runner/work/SCIB-INCEPTION-PHASE-DEMO/SCIB-INCEPTION-PHASE-DEMO/code/src/test/java/com/myproject/models/datastores/InMemoryTaskDataStoreTest.java:[353,34] incompatible types: com.myproject.models.dtos.TaskStatus cannot be converted to java.lang.String
2026-05-12T06:54:39.1278745Z [ERROR] /home/runner/work/SCIB-INCEPTION-PHASE-DEMO/SCIB-INCEPTION-PHASE-DEMO/code/src/test/java/com/myproject/models/datastores/InMemoryTaskDataStoreTest.java:[354,38] incompatible types: com.myproject.models.dtos.TaskPriority cannot be converted to java.lang.String
2026-05-12T06:54:39.1280300Z [ERROR] /home/runner/work/SCIB-INCEPTION-PHASE-DEMO/SCIB-INCEPTION-PHASE-DEMO/code/src/test/java/com/myproject/services/impl/ColumnServiceImplTest.java:[49,53] cannot find symbol
2026-05-12T06:54:39.1281094Z [ERROR]   symbol:   method getColumnStats(java.lang.String)
2026-05-12T06:54:39.1281583Z [ERROR]   location: variable columnService of type com.myproject.services.impl.ColumnServiceImpl
2026-05-12T06:54:39.1282639Z [ERROR] /home/runner/work/SCIB-INCEPTION-PHASE-DEMO/SCIB-INCEPTION-PHASE-DEMO/code/src/test/java/com/myproject/services/impl/ColumnServiceImplTest.java:[67,26] cannot find symbol
2026-05-12T06:54:39.1283433Z [ERROR]   symbol:   method getColumnStats(java.lang.String)
2026-05-12T06:54:39.1283917Z [ERROR]   location: variable columnService of type com.myproject.services.impl.ColumnServiceImpl
2026-05-12T06:54:39.1284839Z [ERROR] /home/runner/work/SCIB-INCEPTION-PHASE-DEMO/SCIB-INCEPTION-PHASE-DEMO/code/src/test/java/com/myproject/services/impl/ColumnServiceImplTest.java:[85,53] cannot find symbol
2026-05-12T06:54:39.1285628Z [ERROR]   symbol:   method getColumnStats(java.lang.String)
2026-05-12T06:54:39.1286211Z [ERROR]   location: variable columnService of type com.myproject.services.impl.ColumnServiceImpl
2026-05-12T06:54:39.1287324Z [ERROR] /home/runner/work/SCIB-INCEPTION-PHASE-DEMO/SCIB-INCEPTION-PHASE-DEMO/code/src/test/java/com/myproject/services/impl/ColumnServiceImplTest.java:[106,53] cannot find symbol
2026-05-12T06:54:39.1288127Z [ERROR]   symbol:   method getColumnStats(java.lang.String)
2026-05-12T06:54:39.1288594Z [ERROR]   location: variable columnService of type com.myproject.services.impl.ColumnServiceImpl
2026-05-12T06:54:39.1289641Z [ERROR] /home/runner/work/SCIB-INCEPTION-PHASE-DEMO/SCIB-INCEPTION-PHASE-DEMO/code/src/test/java/com/myproject/services/impl/ColumnServiceImplTest.java:[127,53] cannot find symbol
2026-05-12T06:54:39.1290439Z [ERROR]   symbol:   method getColumnStats(java.lang.String)
2026-05-12T06:54:39.1290905Z [ERROR]   location: variable columnService of type com.myproject.services.impl.ColumnServiceImpl
2026-05-12T06:54:39.1291823Z [ERROR] /home/runner/work/SCIB-INCEPTION-PHASE-DEMO/SCIB-INCEPTION-PHASE-DEMO/code/src/test/java/com/myproject/services/impl/ColumnServiceImplTest.java:[163,64] cannot find symbol
2026-05-12T06:54:39.1292794Z [ERROR]   symbol:   method bulkUpdateColumnCounts(com.myproject.models.dtos.BulkUpdateColumnCountsRequest)
2026-05-12T06:54:39.1293468Z [ERROR]   location: variable columnService of type com.myproject.services.impl.ColumnServiceImpl
2026-05-12T06:54:39.1294389Z [ERROR] /home/runner/work/SCIB-INCEPTION-PHASE-DEMO/SCIB-INCEPTION-PHASE-DEMO/code/src/test/java/com/myproject/services/impl/ColumnServiceImplTest.java:[195,64] cannot find symbol
2026-05-12T06:54:39.1295358Z [ERROR]   symbol:   method bulkUpdateColumnCounts(com.myproject.models.dtos.BulkUpdateColumnCountsRequest)
2026-05-12T06:54:39.1296026Z [ERROR]   location: variable columnService of type com.myproject.services.impl.ColumnServiceImpl
2026-05-12T06:54:39.1297113Z [ERROR] /home/runner/work/SCIB-INCEPTION-PHASE-DEMO/SCIB-INCEPTION-PHASE-DEMO/code/src/test/java/com/myproject/services/impl/ColumnServiceImplTest.java:[219,26] cannot find symbol
2026-05-12T06:54:39.1298091Z [ERROR]   symbol:   method bulkUpdateColumnCounts(com.myproject.models.dtos.BulkUpdateColumnCountsRequest)
2026-05-12T06:54:39.1298761Z [ERROR]   location: variable columnService of type com.myproject.services.impl.ColumnServiceImpl
2026-05-12T06:54:39.1299687Z [ERROR] /home/runner/work/SCIB-INCEPTION-PHASE-DEMO/SCIB-INCEPTION-PHASE-DEMO/code/src/test/java/com/myproject/services/impl/ColumnServiceImplTest.java:[256,64] cannot find symbol
2026-05-12T06:54:39.1300659Z [ERROR]   symbol:   method bulkUpdateColumnCounts(com.myproject.models.dtos.BulkUpdateColumnCountsRequest)
2026-05-12T06:54:39.1301329Z [ERROR]   location: variable columnService of type com.myproject.services.impl.ColumnServiceImpl
2026-05-12T06:54:39.1302247Z [ERROR] /home/runner/work/SCIB-INCEPTION-PHASE-DEMO/SCIB-INCEPTION-PHASE-DEMO/code/src/test/java/com/myproject/services/impl/ColumnServiceImplTest.java:[283,64] cannot find symbol
2026-05-12T06:54:39.1303218Z [ERROR]   symbol:   method bulkUpdateColumnCounts(com.myproject.models.dtos.BulkUpdateColumnCountsRequest)
2026-05-12T06:54:39.1303874Z [ERROR]   location: variable columnService of type com.myproject.services.impl.ColumnServiceImpl
2026-05-12T06:54:39.1304917Z [ERROR] /home/runner/work/SCIB-INCEPTION-PHASE-DEMO/SCIB-INCEPTION-PHASE-DEMO/code/src/test/java/com/myproject/services/impl/ColumnServiceImplTest.java:[301,22] cannot find symbol
2026-05-12T06:54:39.1305788Z [ERROR]   symbol:   method updateColumnCounts(java.lang.String,java.lang.String)
2026-05-12T06:54:39.1306477Z [ERROR]   location: variable columnService of type com.myproject.services.impl.ColumnServiceImpl
2026-05-12T06:54:39.1307407Z [ERROR] /home/runner/work/SCIB-INCEPTION-PHASE-DEMO/SCIB-INCEPTION-PHASE-DEMO/code/src/test/java/com/myproject/services/impl/ColumnServiceImplTest.java:[315,22] cannot find symbol
2026-05-12T06:54:39.1308242Z [ERROR]   symbol:   method updateColumnCounts(java.lang.String,<nulltype>)
2026-05-12T06:54:39.1308766Z [ERROR]   location: variable columnService of type com.myproject.services.impl.ColumnServiceImpl
2026-05-12T06:54:39.1309691Z [ERROR] /home/runner/work/SCIB-INCEPTION-PHASE-DEMO/SCIB-INCEPTION-PHASE-DEMO/code/src/test/java/com/myproject/services/impl/ColumnServiceImplTest.java:[329,22] cannot find symbol
2026-05-12T06:54:39.1310525Z [ERROR]   symbol:   method updateColumnCounts(<nulltype>,java.lang.String)
2026-05-12T06:54:39.1311046Z [ERROR]   location: variable columnService of type com.myproject.services.impl.ColumnServiceImpl
2026-05-12T06:54:39.1312083Z [ERROR] /home/runner/work/SCIB-INCEPTION-PHASE-DEMO/SCIB-INCEPTION-PHASE-DEMO/code/src/test/java/com/myproject/services/impl/ColumnServiceImplTest.java:[339,22] cannot find symbol
2026-05-12T06:54:39.1312909Z [ERROR]   symbol:   method updateColumnCounts(<nulltype>,<nulltype>)
2026-05-12T06:54:39.1313418Z [ERROR]   location: variable columnService of type com.myproject.services.impl.ColumnServiceImpl
2026-05-12T06:54:39.1314605Z [ERROR] /home/runner/work/SCIB-INCEPTION-PHASE-DEMO/SCIB-INCEPTION-PHASE-DEMO/code/src/test/java/com/myproject/services/impl/TaskServiceImplTest.java:[44,34] incompatible types: com.myproject.models.dtos.TaskStatus cannot be converted to java.lang.String
2026-05-12T06:54:39.1316481Z [ERROR] /home/runner/work/SCIB-INCEPTION-PHASE-DEMO/SCIB-INCEPTION-PHASE-DEMO/code/src/test/java/com/myproject/services/impl/TaskServiceImplTest.java:[53,41] incompatible types: com.myproject.models.dtos.TaskStatus cannot be converted to java.lang.String
2026-05-12T06:54:39.1318152Z [ERROR] /home/runner/work/SCIB-INCEPTION-PHASE-DEMO/SCIB-INCEPTION-PHASE-DEMO/code/src/test/java/com/myproject/services/impl/TaskServiceImplTest.java:[57,37] incompatible types: java.lang.String cannot be converted to java.lang.Long
2026-05-12T06:54:39.1319537Z [ERROR] /home/runner/work/SCIB-INCEPTION-PHASE-DEMO/SCIB-INCEPTION-PHASE-DEMO/code/src/test/java/com/myproject/services/impl/TaskServiceImplTest.java:[59,40] cannot find symbol
2026-05-12T06:54:39.1320396Z [ERROR]   symbol:   method updateColumnCounts(java.lang.String,java.lang.String)
2026-05-12T06:54:39.1320897Z [ERROR]   location: interface com.myproject.services.interfaces.ColumnService
2026-05-12T06:54:39.1321966Z [ERROR] /home/runner/work/SCIB-INCEPTION-PHASE-DEMO/SCIB-INCEPTION-PHASE-DEMO/code/src/test/java/com/myproject/services/impl/TaskServiceImplTest.java:[62,74] incompatible types: java.lang.String cannot be converted to java.lang.Long
2026-05-12T06:54:39.1323550Z [ERROR] /home/runner/work/SCIB-INCEPTION-PHASE-DEMO/SCIB-INCEPTION-PHASE-DEMO/code/src/test/java/com/myproject/services/impl/TaskServiceImplTest.java:[69,40] incompatible types: java.lang.String cannot be converted to java.lang.Long
2026-05-12T06:54:39.1324944Z [ERROR] /home/runner/work/SCIB-INCEPTION-PHASE-DEMO/SCIB-INCEPTION-PHASE-DEMO/code/src/test/java/com/myproject/services/impl/TaskServiceImplTest.java:[71,30] cannot find symbol
2026-05-12T06:54:39.1325783Z [ERROR]   symbol:   method updateColumnCounts(java.lang.String,java.lang.String)
2026-05-12T06:54:39.1326526Z [ERROR]   location: interface com.myproject.services.interfaces.ColumnService
2026-05-12T06:54:39.1327585Z [ERROR] /home/runner/work/SCIB-INCEPTION-PHASE-DEMO/SCIB-INCEPTION-PHASE-DEMO/code/src/test/java/com/myproject/services/impl/TaskServiceImplTest.java:[82,37] incompatible types: java.lang.String cannot be converted to java.lang.Long
2026-05-12T06:54:39.1329307Z [ERROR] /home/runner/work/SCIB-INCEPTION-PHASE-DEMO/SCIB-INCEPTION-PHASE-DEMO/code/src/test/java/com/myproject/services/impl/TaskServiceImplTest.java:[86,42] incompatible types: java.lang.String cannot be converted to java.lang.Long
2026-05-12T06:54:39.1330881Z [ERROR] /home/runner/work/SCIB-INCEPTION-PHASE-DEMO/SCIB-INCEPTION-PHASE-DEMO/code/src/test/java/com/myproject/services/impl/TaskServiceImplTest.java:[88,40] incompatible types: java.lang.String cannot be converted to java.lang.Long
2026-05-12T06:54:39.1332535Z [ERROR] /home/runner/work/SCIB-INCEPTION-PHASE-DEMO/SCIB-INCEPTION-PHASE-DEMO/code/src/test/java/com/myproject/services/impl/TaskServiceImplTest.java:[98,34] incompatible types: com.myproject.models.dtos.TaskStatus cannot be converted to java.lang.String
2026-05-12T06:54:39.1334196Z [ERROR] /home/runner/work/SCIB-INCEPTION-PHASE-DEMO/SCIB-INCEPTION-PHASE-DEMO/code/src/test/java/com/myproject/services/impl/TaskServiceImplTest.java:[105,37] incompatible types: java.lang.String cannot be converted to java.lang.Long
2026-05-12T06:54:39.1335785Z [ERROR] /home/runner/work/SCIB-INCEPTION-PHASE-DEMO/SCIB-INCEPTION-PHASE-DEMO/code/src/test/java/com/myproject/services/impl/TaskServiceImplTest.java:[109,42] incompatible types: java.lang.String cannot be converted to java.lang.Long
2026-05-12T06:54:39.1337680Z [ERROR] /home/runner/work/SCIB-INCEPTION-PHASE-DEMO/SCIB-INCEPTION-PHASE-DEMO/code/src/test/java/com/myproject/services/impl/TaskServiceImplTest.java:[111,40] incompatible types: java.lang.String cannot be converted to java.lang.Long
2026-05-12T06:54:39.1339359Z [ERROR] /home/runner/work/SCIB-INCEPTION-PHASE-DEMO/SCIB-INCEPTION-PHASE-DEMO/code/src/test/java/com/myproject/services/impl/TaskServiceImplTest.java:[121,34] incompatible types: com.myproject.models.dtos.TaskStatus cannot be converted to java.lang.String
2026-05-12T06:54:39.1341122Z [ERROR] /home/runner/work/SCIB-INCEPTION-PHASE-DEMO/SCIB-INCEPTION-PHASE-DEMO/code/src/test/java/com/myproject/services/impl/TaskServiceImplTest.java:[130,41] incompatible types: com.myproject.models.dtos.TaskStatus cannot be converted to java.lang.String
2026-05-12T06:54:39.1342797Z [ERROR] /home/runner/work/SCIB-INCEPTION-PHASE-DEMO/SCIB-INCEPTION-PHASE-DEMO/code/src/test/java/com/myproject/services/impl/TaskServiceImplTest.java:[134,37] incompatible types: java.lang.String cannot be converted to java.lang.Long
2026-05-12T06:54:39.1344376Z [ERROR] /home/runner/work/SCIB-INCEPTION-PHASE-DEMO/SCIB-INCEPTION-PHASE-DEMO/code/src/test/java/com/myproject/services/impl/TaskServiceImplTest.java:[138,74] incompatible types: java.lang.String cannot be converted to java.lang.Long
2026-05-12T06:54:39.1345774Z [ERROR] /home/runner/work/SCIB-INCEPTION-PHASE-DEMO/SCIB-INCEPTION-PHASE-DEMO/code/src/test/java/com/myproject/services/impl/TaskServiceImplTest.java:[142,39] cannot find symbol
2026-05-12T06:54:39.1346815Z [ERROR]   symbol:   method updateColumnCounts(java.lang.String,java.lang.String)
2026-05-12T06:54:39.1347331Z [ERROR]   location: interface com.myproject.services.interfaces.ColumnService
2026-05-12T06:54:39.1348468Z [ERROR] /home/runner/work/SCIB-INCEPTION-PHASE-DEMO/SCIB-INCEPTION-PHASE-DEMO/code/src/test/java/com/myproject/services/impl/TaskServiceImplTest.java:[154,34] incompatible types: com.myproject.models.dtos.TaskStatus cannot be converted to java.lang.String
2026-05-12T06:54:39.1350149Z [ERROR] /home/runner/work/SCIB-INCEPTION-PHASE-DEMO/SCIB-INCEPTION-PHASE-DEMO/code/src/test/java/com/myproject/services/impl/TaskServiceImplTest.java:[157,37] incompatible types: java.lang.String cannot be converted to java.lang.Long
2026-05-12T06:54:39.1351539Z [ERROR] /home/runner/work/SCIB-INCEPTION-PHASE-DEMO/SCIB-INCEPTION-PHASE-DEMO/code/src/test/java/com/myproject/services/impl/TaskServiceImplTest.java:[160,51] cannot find symbol
2026-05-12T06:54:39.1352329Z [ERROR]   symbol:   method getTaskDetails(java.lang.String)
2026-05-12T06:54:39.1352917Z [ERROR]   location: variable taskService of type com.myproject.services.impl.TaskServiceImpl
2026-05-12T06:54:39.1353827Z [ERROR] /home/runner/work/SCIB-INCEPTION-PHASE-DEMO/SCIB-INCEPTION-PHASE-DEMO/code/src/test/java/com/myproject/services/impl/TaskServiceImplTest.java:[167,39] cannot find symbol
2026-05-12T06:54:39.1354574Z [ERROR]   symbol:   method getColumnId()
2026-05-12T06:54:39.1354985Z [ERROR]   location: variable response of type com.myproject.models.dtos.TaskDetailsResponse
2026-05-12T06:54:39.1356213Z [ERROR] /home/runner/work/SCIB-INCEPTION-PHASE-DEMO/SCIB-INCEPTION-PHASE-DEMO/code/src/test/java/com/myproject/services/impl/TaskServiceImplTest.java:[168,40] incompatible types: java.lang.String cannot be converted to java.lang.Long
2026-05-12T06:54:39.1357804Z [ERROR] /home/runner/work/SCIB-INCEPTION-PHASE-DEMO/SCIB-INCEPTION-PHASE-DEMO/code/src/test/java/com/myproject/services/impl/TaskServiceImplTest.java:[175,37] incompatible types: java.lang.String cannot be converted to java.lang.Long
2026-05-12T06:54:39.1359201Z [ERROR] /home/runner/work/SCIB-INCEPTION-PHASE-DEMO/SCIB-INCEPTION-PHASE-DEMO/code/src/test/java/com/myproject/services/impl/TaskServiceImplTest.java:[179,24] cannot find symbol
2026-05-12T06:54:39.1359978Z [ERROR]   symbol:   method getTaskDetails(java.lang.String)
2026-05-12T06:54:39.1360444Z [ERROR]   location: variable taskService of type com.myproject.services.impl.TaskServiceImpl
2026-05-12T06:54:39.1361645Z [ERROR] /home/runner/work/SCIB-INCEPTION-PHASE-DEMO/SCIB-INCEPTION-PHASE-DEMO/code/src/test/java/com/myproject/services/impl/TaskServiceImplTest.java:[181,40] incompatible types: java.lang.String cannot be converted to java.lang.Long
2026-05-12T06:54:39.1363486Z [ERROR] /home/runner/work/SCIB-INCEPTION-PHASE-DEMO/SCIB-INCEPTION-PHASE-DEMO/code/src/test/java/com/myproject/services/impl/TaskServiceImplTest.java:[193,41] incompatible types: com.myproject.models.dtos.TaskPriority cannot be converted to com.myproject.models.dtos.TaskCreateRequest.TaskPriority
2026-05-12T06:54:39.1365416Z [ERROR] /home/runner/work/SCIB-INCEPTION-PHASE-DEMO/SCIB-INCEPTION-PHASE-DEMO/code/src/test/java/com/myproject/services/impl/TaskServiceImplTest.java:[201,39] incompatible types: com.myproject.models.dtos.TaskStatus cannot be converted to java.lang.String
2026-05-12T06:54:39.1367571Z [ERROR] /home/runner/work/SCIB-INCEPTION-PHASE-DEMO/SCIB-INCEPTION-PHASE-DEMO/code/src/test/java/com/myproject/services/impl/TaskServiceImplTest.java:[202,50] incompatible types: com.myproject.models.dtos.TaskCreateRequest.TaskPriority cannot be converted to java.lang.String
2026-05-12T06:54:39.1368665Z [ERROR] -> [Help 1]
2026-05-12T06:54:39.1368843Z [ERROR] 
2026-05-12T06:54:39.1369128Z [ERROR] To see the full stack trace of the errors, re-run Maven with the -e switch.
2026-05-12T06:54:39.1369587Z [ERROR] Re-run Maven using the -X switch to enable full debug logging.
2026-05-12T06:54:39.1369903Z [ERROR] 
2026-05-12T06:54:39.1370304Z [ERROR] For more information about the errors and possible solutions, please read the following articles:
2026-05-12T06:54:39.1370954Z [ERROR] [Help 1] http://cwiki.apache.org/confluence/display/MAVEN/MojoFailureException
2026-05-12T06:54:39.1382711Z ##[error]Process completed with exit code 1.
2026-05-12T06:54:39.1461999Z ##[group]Run actions/upload-artifact@v4
2026-05-12T06:54:39.1462265Z with:
2026-05-12T06:54:39.1462435Z   name: test-results
2026-05-12T06:54:39.1462634Z   path: code/target/surefire-reports/
2026-05-12T06:54:39.1462889Z   retention-days: 30
2026-05-12T06:54:39.1463076Z   if-no-files-found: ignore
2026-05-12T06:54:39.1463286Z   compression-level: 6
2026-05-12T06:54:39.1463474Z   overwrite: false
2026-05-12T06:54:39.1463655Z   include-hidden-files: false
2026-05-12T06:54:39.1463866Z env:
2026-05-12T06:54:39.1464131Z   JAVA_HOME: /opt/hostedtoolcache/Java_Temurin-Hotspot_jdk/21.0.10-7/x64
2026-05-12T06:54:39.1464597Z   JAVA_HOME_21_X64: /opt/hostedtoolcache/Java_Temurin-Hotspot_jdk/21.0.10-7/x64
2026-05-12T06:54:39.1464940Z ##[endgroup]
2026-05-12T06:54:39.3684578Z No files were found with the provided path: code/target/surefire-reports/. No artifacts will be uploaded.
2026-05-12T06:54:39.3822715Z ##[group]Run echo "## Build Summary" >> $GITHUB_STEP_SUMMARY
2026-05-12T06:54:39.3823126Z [36;1mecho "## Build Summary" >> $GITHUB_STEP_SUMMARY[0m
2026-05-12T06:54:39.3823509Z [36;1mecho "- **Repository**: $GITHUB_REPOSITORY" >> $GITHUB_STEP_SUMMARY[0m
2026-05-12T06:54:39.3823928Z [36;1mecho "- **Branch**: $GITHUB_REF_NAME" >> $GITHUB_STEP_SUMMARY[0m
2026-05-12T06:54:39.3824306Z [36;1mecho "- **Source Folder**: code" >> $GITHUB_STEP_SUMMARY[0m
2026-05-12T06:54:39.3824675Z [36;1mecho "- **Build Status**: completed" >> $GITHUB_STEP_SUMMARY[0m
2026-05-12T06:54:39.3846825Z shell: /usr/bin/bash -e {0}
2026-05-12T06:54:39.3847044Z env:
2026-05-12T06:54:39.3847321Z   JAVA_HOME: /opt/hostedtoolcache/Java_Temurin-Hotspot_jdk/21.0.10-7/x64
2026-05-12T06:54:39.3847785Z   JAVA_HOME_21_X64: /opt/hostedtoolcache/Java_Temurin-Hotspot_jdk/21.0.10-7/x64
2026-05-12T06:54:39.3848129Z ##[endgroup]
2026-05-12T06:54:39.3985010Z Post job cleanup.
2026-05-12T06:54:39.5811108Z Post job cleanup.
2026-05-12T06:54:39.6785947Z [command]/usr/bin/git version
2026-05-12T06:54:39.6827862Z git version 2.53.0
2026-05-12T06:54:39.6872141Z Temporarily overriding HOME='/home/runner/work/_temp/1758ba52-706c-447c-b2f4-f89509ead326' before making global git config changes
2026-05-12T06:54:39.6873430Z Adding repository directory to the temporary git global config as a safe directory
2026-05-12T06:54:39.6879032Z [command]/usr/bin/git config --global --add safe.directory /home/runner/work/SCIB-INCEPTION-PHASE-DEMO/SCIB-INCEPTION-PHASE-DEMO
2026-05-12T06:54:39.6915487Z [command]/usr/bin/git config --local --name-only --get-regexp core\.sshCommand
2026-05-12T06:54:39.6949656Z [command]/usr/bin/git submodule foreach --recursive sh -c "git config --local --name-only --get-regexp 'core\.sshCommand' && git config --local --unset-all 'core.sshCommand' || :"
2026-05-12T06:54:39.7172435Z [command]/usr/bin/git config --local --name-only --get-regexp http\.https\:\/\/github\.com\/\.extraheader
2026-05-12T06:54:39.7193221Z http.https://github.com/.extraheader
2026-05-12T06:54:39.7205775Z [command]/usr/bin/git config --local --unset-all http.https://github.com/.extraheader
2026-05-12T06:54:39.7235584Z [command]/usr/bin/git submodule foreach --recursive sh -c "git config --local --name-only --get-regexp 'http\.https\:\/\/github\.com\/\.extraheader' && git config --local --unset-all 'http.https://github.com/.extraheader' || :"
2026-05-12T06:54:39.7453794Z [command]/usr/bin/git config --local --name-only --get-regexp ^includeIf\.gitdir:
2026-05-12T06:54:39.7482929Z [command]/usr/bin/git submodule foreach --recursive git config --local --show-origin --name-only --get-regexp remote.origin.url
2026-05-12T06:54:39.7800616Z Cleaning up orphan processes
2026-05-12T06:54:39.8103539Z ##[warning]Node.js 20 actions are deprecated. The following actions are running on Node.js 20 and may not work as expected: actions/checkout@v4, actions/setup-java@v4, actions/upload-artifact@v4. Actions will be forced to run with Node.js 24 by default starting June 2nd, 2026. Node.js 20 will be removed from the runner on September 16th, 2026. Please check if updated versions of these actions are available that support Node.js 24. To opt into Node.js 24 now, set the FORCE_JAVASCRIPT_ACTIONS_TO_NODE24=true environment variable on the runner or in your workflow file. Once Node.js 24 becomes the default, you can temporarily opt out by setting ACTIONS_ALLOW_USE_UNSECURE_NODE_VERSION=true. For more information see: https://github.blog/changelog/2025-09-19-deprecation-of-node-20-on-github-actions-runners/
