2026-05-07T12:14:14.9851468Z Current runner version: '2.334.0'
2026-05-07T12:14:14.9873771Z ##[group]Runner Image Provisioner
2026-05-07T12:14:14.9874679Z Hosted Compute Agent
2026-05-07T12:14:14.9875175Z Version: 20260213.493
2026-05-07T12:14:14.9875764Z Commit: 5c115507f6dd24b8de37d8bbe0bb4509d0cc0fa3
2026-05-07T12:14:14.9876931Z Build Date: 2026-02-13T00:28:41Z
2026-05-07T12:14:14.9877556Z Worker ID: {432d5ec9-179a-477f-bbd0-65cf261c8bd9}
2026-05-07T12:14:14.9878256Z Azure Region: westus
2026-05-07T12:14:14.9878857Z ##[endgroup]
2026-05-07T12:14:14.9880366Z ##[group]Operating System
2026-05-07T12:14:14.9880970Z Ubuntu
2026-05-07T12:14:14.9881544Z 24.04.4
2026-05-07T12:14:14.9882015Z LTS
2026-05-07T12:14:14.9882515Z ##[endgroup]
2026-05-07T12:14:14.9882996Z ##[group]Runner Image
2026-05-07T12:14:14.9883680Z Image: ubuntu-24.04
2026-05-07T12:14:14.9884231Z Version: 20260413.86.1
2026-05-07T12:14:14.9885439Z Included Software: https://github.com/actions/runner-images/blob/ubuntu24/20260413.86/images/ubuntu/Ubuntu2404-Readme.md
2026-05-07T12:14:14.9887109Z Image Release: https://github.com/actions/runner-images/releases/tag/ubuntu24%2F20260413.86
2026-05-07T12:14:14.9888097Z ##[endgroup]
2026-05-07T12:14:14.9889203Z ##[group]GITHUB_TOKEN Permissions
2026-05-07T12:14:14.9890974Z Contents: read
2026-05-07T12:14:14.9891576Z Metadata: read
2026-05-07T12:14:14.9892064Z Packages: read
2026-05-07T12:14:14.9892544Z ##[endgroup]
2026-05-07T12:14:14.9894637Z Secret source: Actions
2026-05-07T12:14:14.9895339Z Prepare workflow directory
2026-05-07T12:14:15.0227322Z Prepare all required actions
2026-05-07T12:14:15.0265710Z Getting action download info
2026-05-07T12:14:15.5229674Z Download action repository 'actions/checkout@v4' (SHA:34e114876b0b11c390a56381ad16ebd13914f8d5)
2026-05-07T12:14:15.6565306Z Download action repository 'actions/setup-java@v4' (SHA:c1e323688fd81a25caa38c78aa6df2d33d3e20d9)
2026-05-07T12:14:16.2323335Z Download action repository 'actions/upload-artifact@v4' (SHA:ea165f8d65b6e75b540449e92b4886f43607fa02)
2026-05-07T12:14:16.4528906Z Complete job name: build
2026-05-07T12:14:16.5275331Z ##[group]Run actions/checkout@v4
2026-05-07T12:14:16.5276444Z with:
2026-05-07T12:14:16.5276961Z   repository: ThapaswiASC/SCIB-INCEPTION-PHASE-DEMO
2026-05-07T12:14:16.5277752Z   token: ***
2026-05-07T12:14:16.5278165Z   ssh-strict: true
2026-05-07T12:14:16.5278576Z   ssh-user: git
2026-05-07T12:14:16.5278994Z   persist-credentials: true
2026-05-07T12:14:16.5279458Z   clean: true
2026-05-07T12:14:16.5279883Z   sparse-checkout-cone-mode: true
2026-05-07T12:14:16.5280385Z   fetch-depth: 1
2026-05-07T12:14:16.5280784Z   fetch-tags: false
2026-05-07T12:14:16.5281199Z   show-progress: true
2026-05-07T12:14:16.5281638Z   lfs: false
2026-05-07T12:14:16.5282035Z   submodules: false
2026-05-07T12:14:16.5282468Z   set-safe-directory: true
2026-05-07T12:14:16.5283210Z ##[endgroup]
2026-05-07T12:14:16.6386431Z Syncing repository: ThapaswiASC/SCIB-INCEPTION-PHASE-DEMO
2026-05-07T12:14:16.6388415Z ##[group]Getting Git version info
2026-05-07T12:14:16.6389471Z Working directory is '/home/runner/work/SCIB-INCEPTION-PHASE-DEMO/SCIB-INCEPTION-PHASE-DEMO'
2026-05-07T12:14:16.6390787Z [command]/usr/bin/git version
2026-05-07T12:14:16.6429369Z git version 2.53.0
2026-05-07T12:14:16.6455251Z ##[endgroup]
2026-05-07T12:14:16.6469524Z Temporarily overriding HOME='/home/runner/work/_temp/5277db26-804d-40e8-b948-82a02fc8d497' before making global git config changes
2026-05-07T12:14:16.6471117Z Adding repository directory to the temporary git global config as a safe directory
2026-05-07T12:14:16.6482325Z [command]/usr/bin/git config --global --add safe.directory /home/runner/work/SCIB-INCEPTION-PHASE-DEMO/SCIB-INCEPTION-PHASE-DEMO
2026-05-07T12:14:16.6513075Z Deleting the contents of '/home/runner/work/SCIB-INCEPTION-PHASE-DEMO/SCIB-INCEPTION-PHASE-DEMO'
2026-05-07T12:14:16.6516562Z ##[group]Initializing the repository
2026-05-07T12:14:16.6520930Z [command]/usr/bin/git init /home/runner/work/SCIB-INCEPTION-PHASE-DEMO/SCIB-INCEPTION-PHASE-DEMO
2026-05-07T12:14:16.6624178Z hint: Using 'master' as the name for the initial branch. This default branch name
2026-05-07T12:14:16.6627653Z hint: will change to "main" in Git 3.0. To configure the initial branch name
2026-05-07T12:14:16.6628770Z hint: to use in all of your new repositories, which will suppress this warning,
2026-05-07T12:14:16.6629617Z hint: call:
2026-05-07T12:14:16.6630037Z hint:
2026-05-07T12:14:16.6630584Z hint: 	git config --global init.defaultBranch <name>
2026-05-07T12:14:16.6631338Z hint:
2026-05-07T12:14:16.6632375Z hint: Names commonly chosen instead of 'master' are 'main', 'trunk' and
2026-05-07T12:14:16.6633536Z hint: 'development'. The just-created branch can be renamed via this command:
2026-05-07T12:14:16.6634391Z hint:
2026-05-07T12:14:16.6634835Z hint: 	git branch -m <name>
2026-05-07T12:14:16.6635348Z hint:
2026-05-07T12:14:16.6636324Z hint: Disable this message with "git config set advice.defaultBranchName false"
2026-05-07T12:14:16.6638226Z Initialized empty Git repository in /home/runner/work/SCIB-INCEPTION-PHASE-DEMO/SCIB-INCEPTION-PHASE-DEMO/.git/
2026-05-07T12:14:16.6640462Z [command]/usr/bin/git remote add origin https://github.com/ThapaswiASC/SCIB-INCEPTION-PHASE-DEMO
2026-05-07T12:14:16.6668960Z ##[endgroup]
2026-05-07T12:14:16.6669724Z ##[group]Disabling automatic garbage collection
2026-05-07T12:14:16.6672938Z [command]/usr/bin/git config --local gc.auto 0
2026-05-07T12:14:16.6700647Z ##[endgroup]
2026-05-07T12:14:16.6701394Z ##[group]Setting up auth
2026-05-07T12:14:16.6707391Z [command]/usr/bin/git config --local --name-only --get-regexp core\.sshCommand
2026-05-07T12:14:16.6736585Z [command]/usr/bin/git submodule foreach --recursive sh -c "git config --local --name-only --get-regexp 'core\.sshCommand' && git config --local --unset-all 'core.sshCommand' || :"
2026-05-07T12:14:16.7027786Z [command]/usr/bin/git config --local --name-only --get-regexp http\.https\:\/\/github\.com\/\.extraheader
2026-05-07T12:14:16.7055649Z [command]/usr/bin/git submodule foreach --recursive sh -c "git config --local --name-only --get-regexp 'http\.https\:\/\/github\.com\/\.extraheader' && git config --local --unset-all 'http.https://github.com/.extraheader' || :"
2026-05-07T12:14:16.7271251Z [command]/usr/bin/git config --local --name-only --get-regexp ^includeIf\.gitdir:
2026-05-07T12:14:16.7302005Z [command]/usr/bin/git submodule foreach --recursive git config --local --show-origin --name-only --get-regexp remote.origin.url
2026-05-07T12:14:16.7525703Z [command]/usr/bin/git config --local http.https://github.com/.extraheader AUTHORIZATION: basic ***
2026-05-07T12:14:16.7559175Z ##[endgroup]
2026-05-07T12:14:16.7560174Z ##[group]Fetching the repository
2026-05-07T12:14:16.7568101Z [command]/usr/bin/git -c protocol.version=2 fetch --no-tags --prune --no-recurse-submodules --depth=1 origin +62aaa9f6c55299fa6a191d2f33f5ea53f25998d1:refs/remotes/origin/feature/DEMO-760
2026-05-07T12:14:17.3017505Z From https://github.com/ThapaswiASC/SCIB-INCEPTION-PHASE-DEMO
2026-05-07T12:14:17.3019142Z  * [new ref]         62aaa9f6c55299fa6a191d2f33f5ea53f25998d1 -> origin/feature/DEMO-760
2026-05-07T12:14:17.3048305Z ##[endgroup]
2026-05-07T12:14:17.3049646Z ##[group]Determining the checkout info
2026-05-07T12:14:17.3051197Z ##[endgroup]
2026-05-07T12:14:17.3055775Z [command]/usr/bin/git sparse-checkout disable
2026-05-07T12:14:17.3093417Z [command]/usr/bin/git config --local --unset-all extensions.worktreeConfig
2026-05-07T12:14:17.3121826Z ##[group]Checking out the ref
2026-05-07T12:14:17.3125918Z [command]/usr/bin/git checkout --progress --force -B feature/DEMO-760 refs/remotes/origin/feature/DEMO-760
2026-05-07T12:14:17.3262098Z Switched to a new branch 'feature/DEMO-760'
2026-05-07T12:14:17.3265731Z branch 'feature/DEMO-760' set up to track 'origin/feature/DEMO-760'.
2026-05-07T12:14:17.3272027Z ##[endgroup]
2026-05-07T12:14:17.3305149Z [command]/usr/bin/git log -1 --format=%H
2026-05-07T12:14:17.3326294Z 62aaa9f6c55299fa6a191d2f33f5ea53f25998d1
2026-05-07T12:14:17.3610804Z ##[group]Run actions/setup-java@v4
2026-05-07T12:14:17.3611385Z with:
2026-05-07T12:14:17.3611930Z   java-version: 21
2026-05-07T12:14:17.3612353Z   distribution: temurin
2026-05-07T12:14:17.3612787Z   cache: maven
2026-05-07T12:14:17.3613183Z   java-package: jdk
2026-05-07T12:14:17.3613604Z   check-latest: false
2026-05-07T12:14:17.3614037Z   server-id: github
2026-05-07T12:14:17.3614467Z   server-username: GITHUB_ACTOR
2026-05-07T12:14:17.3615000Z   server-password: GITHUB_TOKEN
2026-05-07T12:14:17.3615518Z   overwrite-settings: true
2026-05-07T12:14:17.3615994Z   job-status: success
2026-05-07T12:14:17.3616834Z   token: ***
2026-05-07T12:14:17.3617206Z ##[endgroup]
2026-05-07T12:14:17.5651146Z ##[group]Installed distributions
2026-05-07T12:14:17.5966426Z Resolved Java 21.0.10+7 from tool-cache
2026-05-07T12:14:17.5967918Z Setting Java 21.0.10+7 as the default
2026-05-07T12:14:17.5980942Z Creating toolchains.xml for JDK version 21 from temurin
2026-05-07T12:14:17.6056928Z Writing to /home/runner/.m2/toolchains.xml
2026-05-07T12:14:17.6058363Z 
2026-05-07T12:14:17.6058850Z Java configuration:
2026-05-07T12:14:17.6060106Z   Distribution: temurin
2026-05-07T12:14:17.6061361Z   Version: 21.0.10+7
2026-05-07T12:14:17.6063123Z   Path: /opt/hostedtoolcache/Java_Temurin-Hotspot_jdk/21.0.10-7/x64
2026-05-07T12:14:17.6064916Z 
2026-05-07T12:14:17.6066523Z ##[endgroup]
2026-05-07T12:14:17.6080418Z Creating settings.xml with server-id: github
2026-05-07T12:14:17.6083886Z Writing to /home/runner/.m2/settings.xml
2026-05-07T12:14:17.9534390Z maven cache is not found
2026-05-07T12:14:17.9755625Z ##[group]Run mvn clean verify -DskipTests --no-transfer-progress
2026-05-07T12:14:17.9757942Z [36;1mmvn clean verify -DskipTests --no-transfer-progress[0m
2026-05-07T12:14:17.9787942Z shell: /usr/bin/bash -e {0}
2026-05-07T12:14:17.9789022Z env:
2026-05-07T12:14:17.9790297Z   JAVA_HOME: /opt/hostedtoolcache/Java_Temurin-Hotspot_jdk/21.0.10-7/x64
2026-05-07T12:14:17.9792551Z   JAVA_HOME_21_X64: /opt/hostedtoolcache/Java_Temurin-Hotspot_jdk/21.0.10-7/x64
2026-05-07T12:14:17.9794314Z ##[endgroup]
2026-05-07T12:14:21.0031241Z [INFO] Scanning for projects...
2026-05-07T12:14:23.3764407Z [INFO] 
2026-05-07T12:14:23.3765715Z [INFO] ----------------------< com.myproject:myproject >-----------------------
2026-05-07T12:14:23.3778768Z [INFO] Building myproject 1.0.0
2026-05-07T12:14:23.3779942Z [INFO]   from pom.xml
2026-05-07T12:14:23.3788263Z [INFO] --------------------------------[ jar ]---------------------------------
2026-05-07T12:14:26.3611005Z [INFO] 
2026-05-07T12:14:26.3618660Z [INFO] --- clean:3.4.1:clean (default-clean) @ myproject ---
2026-05-07T12:14:26.4790249Z [INFO] 
2026-05-07T12:14:26.4791141Z [INFO] --- jacoco:0.8.11:prepare-agent (default) @ myproject ---
2026-05-07T12:14:27.0703719Z [INFO] argLine set to -javaagent:/home/runner/.m2/repository/org/jacoco/org.jacoco.agent/0.8.11/org.jacoco.agent-0.8.11-runtime.jar=destfile=/home/runner/work/SCIB-INCEPTION-PHASE-DEMO/SCIB-INCEPTION-PHASE-DEMO/code/target/jacoco.exec
2026-05-07T12:14:27.0706608Z [INFO] 
2026-05-07T12:14:27.0709065Z [INFO] --- resources:3.3.1:resources (default-resources) @ myproject ---
2026-05-07T12:14:27.3661575Z [INFO] Copying 1 resource from src/main/resources to target/classes
2026-05-07T12:14:27.3778210Z [INFO] Copying 0 resource from src/main/resources to target/classes
2026-05-07T12:14:27.3781836Z [INFO] 
2026-05-07T12:14:27.3812582Z [INFO] --- compiler:3.14.1:compile (default-compile) @ myproject ---
2026-05-07T12:14:27.8371942Z [INFO] Recompiling the module because of changed source code.
2026-05-07T12:14:27.8438679Z [INFO] Compiling 22 source files with javac [debug parameters release 21] to target/classes
2026-05-07T12:14:28.9787235Z [INFO] 
2026-05-07T12:14:28.9807506Z [INFO] --- resources:3.3.1:testResources (default-testResources) @ myproject ---
2026-05-07T12:14:28.9837248Z [INFO] skip non existing resourceDirectory /home/runner/work/SCIB-INCEPTION-PHASE-DEMO/SCIB-INCEPTION-PHASE-DEMO/code/src/test/resources
2026-05-07T12:14:28.9838775Z [INFO] 
2026-05-07T12:14:28.9839744Z [INFO] --- compiler:3.14.1:testCompile (default-testCompile) @ myproject ---
2026-05-07T12:14:28.9909980Z [INFO] Recompiling the module because of changed dependency.
2026-05-07T12:14:28.9937177Z [INFO] Compiling 5 source files with javac [debug parameters release 21] to target/test-classes
2026-05-07T12:14:29.6249307Z [WARNING] /home/runner/work/SCIB-INCEPTION-PHASE-DEMO/SCIB-INCEPTION-PHASE-DEMO/code/src/test/java/com/myproject/controllers/TaskControllerTest.java:[40,6] org.springframework.boot.test.mock.mockito.MockBean in org.springframework.boot.test.mock.mockito has been deprecated and marked for removal
2026-05-07T12:14:29.6252366Z [INFO] 
2026-05-07T12:14:29.6253159Z [INFO] --- surefire:3.5.4:test (default-test) @ myproject ---
2026-05-07T12:14:30.0035030Z [INFO] Tests are skipped.
2026-05-07T12:14:30.0035988Z [INFO] 
2026-05-07T12:14:30.0036986Z [INFO] --- jacoco:0.8.11:report (jacoco-report) @ myproject ---
2026-05-07T12:14:30.0156911Z [INFO] Skipping JaCoCo execution due to missing execution data file.
2026-05-07T12:14:30.0196925Z [INFO] 
2026-05-07T12:14:30.0197475Z [INFO] --- jar:3.4.2:jar (default-jar) @ myproject ---
2026-05-07T12:14:30.6383967Z [INFO] Building jar: /home/runner/work/SCIB-INCEPTION-PHASE-DEMO/SCIB-INCEPTION-PHASE-DEMO/code/target/myproject-1.0.0.jar
2026-05-07T12:14:30.6716871Z [INFO] 
2026-05-07T12:14:30.6737290Z [INFO] --- spring-boot:3.5.9:repackage (repackage) @ myproject ---
2026-05-07T12:14:31.5548429Z [INFO] Replacing main artifact /home/runner/work/SCIB-INCEPTION-PHASE-DEMO/SCIB-INCEPTION-PHASE-DEMO/code/target/myproject-1.0.0.jar with repackaged archive, adding nested dependencies in BOOT-INF/.
2026-05-07T12:14:31.5551146Z [INFO] The original artifact has been renamed to /home/runner/work/SCIB-INCEPTION-PHASE-DEMO/SCIB-INCEPTION-PHASE-DEMO/code/target/myproject-1.0.0.jar.original
2026-05-07T12:14:31.5552815Z [INFO] ------------------------------------------------------------------------
2026-05-07T12:14:31.5553574Z [INFO] BUILD SUCCESS
2026-05-07T12:14:31.5554176Z [INFO] ------------------------------------------------------------------------
2026-05-07T12:14:31.5565083Z [INFO] Total time:  10.596 s
2026-05-07T12:14:31.5566934Z [INFO] Finished at: 2026-05-07T12:14:31Z
2026-05-07T12:14:31.5567727Z [INFO] ------------------------------------------------------------------------
2026-05-07T12:14:31.5788328Z ##[group]Run mvn jacoco:report
2026-05-07T12:14:31.5788635Z [36;1mmvn jacoco:report[0m
2026-05-07T12:14:31.5809882Z shell: /usr/bin/bash -e {0}
2026-05-07T12:14:31.5810139Z env:
2026-05-07T12:14:31.5810465Z   JAVA_HOME: /opt/hostedtoolcache/Java_Temurin-Hotspot_jdk/21.0.10-7/x64
2026-05-07T12:14:31.5811024Z   JAVA_HOME_21_X64: /opt/hostedtoolcache/Java_Temurin-Hotspot_jdk/21.0.10-7/x64
2026-05-07T12:14:31.5811451Z ##[endgroup]
2026-05-07T12:14:32.7693304Z [INFO] Scanning for projects...
2026-05-07T12:14:33.1928016Z Downloading from central: https://repo.maven.apache.org/maven2/org/springframework/boot/maven-metadata.xml
2026-05-07T12:14:33.1957117Z Downloading from central: https://repo.maven.apache.org/maven2/org/cyclonedx/maven-metadata.xml
2026-05-07T12:14:33.1972274Z Downloading from central: https://repo.maven.apache.org/maven2/org/jacoco/maven-metadata.xml
2026-05-07T12:14:33.1974004Z Downloading from central: https://repo.maven.apache.org/maven2/org/flywaydb/maven-metadata.xml
2026-05-07T12:14:33.5143687Z Progress (1): 249 B
2026-05-07T12:14:33.5202278Z Progress (2): 249 B | 243 B
2026-05-07T12:14:33.5203299Z Progress (3): 249 B | 243 B | 234 B
2026-05-07T12:14:33.5204052Z Progress (4): 249 B | 243 B | 234 B | 237 B
2026-05-07T12:14:33.5204726Z                                            
2026-05-07T12:14:33.5205859Z Downloaded from central: https://repo.maven.apache.org/maven2/org/cyclonedx/maven-metadata.xml (243 B at 734 B/s)
2026-05-07T12:14:33.5207751Z Downloaded from central: https://repo.maven.apache.org/maven2/org/flywaydb/maven-metadata.xml (234 B at 706 B/s)
2026-05-07T12:14:33.5209276Z Downloading from central: https://repo.maven.apache.org/maven2/io/github/git-commit-id/maven-metadata.xml
2026-05-07T12:14:33.5211070Z Downloading from central: https://repo.maven.apache.org/maven2/org/jooq/maven-metadata.xml
2026-05-07T12:14:33.5212635Z Downloaded from central: https://repo.maven.apache.org/maven2/org/jacoco/maven-metadata.xml (237 B at 713 B/s)
2026-05-07T12:14:33.5214415Z Downloading from central: https://repo.maven.apache.org/maven2/org/jetbrains/kotlin/maven-metadata.xml
2026-05-07T12:14:33.5216351Z Downloaded from central: https://repo.maven.apache.org/maven2/org/springframework/boot/maven-metadata.xml (249 B at 745 B/s)
2026-05-07T12:14:33.5217713Z Downloading from central: https://repo.maven.apache.org/maven2/org/liquibase/maven-metadata.xml
2026-05-07T12:14:33.5366691Z Progress (1): 375 B
2026-05-07T12:14:33.5382631Z                    
2026-05-07T12:14:33.5387227Z Downloaded from central: https://repo.maven.apache.org/maven2/org/jetbrains/kotlin/maven-metadata.xml (375 B at 22 kB/s)
2026-05-07T12:14:33.5388636Z Progress (1): 394 B
2026-05-07T12:14:33.5390124Z                    
2026-05-07T12:14:33.5391223Z Downloaded from central: https://repo.maven.apache.org/maven2/org/liquibase/maven-metadata.xml (394 B at 23 kB/s)
2026-05-07T12:14:33.5392456Z Progress (1): 255 B
2026-05-07T12:14:33.5393016Z Progress (2): 255 B | 398 B
2026-05-07T12:14:33.5393603Z                            
2026-05-07T12:14:33.5394615Z Downloading from central: https://repo.maven.apache.org/maven2/org/apache/maven/plugins/maven-metadata.xml
2026-05-07T12:14:33.5396430Z Downloaded from central: https://repo.maven.apache.org/maven2/org/jooq/maven-metadata.xml (398 B at 19 kB/s)
2026-05-07T12:14:33.5398103Z Downloaded from central: https://repo.maven.apache.org/maven2/io/github/git-commit-id/maven-metadata.xml (255 B at 12 kB/s)
2026-05-07T12:14:33.5399823Z Downloading from central: https://repo.maven.apache.org/maven2/org/codehaus/mojo/maven-metadata.xml
2026-05-07T12:14:33.5401390Z Downloading from central: https://repo.maven.apache.org/maven2/org/graalvm/buildtools/maven-metadata.xml
2026-05-07T12:14:33.5553853Z Progress (1): 242 B
2026-05-07T12:14:33.5576857Z Progress (2): 242 B | 4.6 kB
2026-05-07T12:14:33.5586349Z Progress (2): 242 B | 9.7 kB
2026-05-07T12:14:33.5586966Z Progress (2): 242 B | 14 kB 
2026-05-07T12:14:33.5587490Z                            
2026-05-07T12:14:33.5588830Z Downloaded from central: https://repo.maven.apache.org/maven2/org/graalvm/buildtools/maven-metadata.xml (242 B at 12 kB/s)
2026-05-07T12:14:33.5591813Z Downloaded from central: https://repo.maven.apache.org/maven2/org/apache/maven/plugins/maven-metadata.xml (14 kB at 649 kB/s)
2026-05-07T12:14:33.5593068Z Progress (1): 3.1 kB
2026-05-07T12:14:33.5602834Z Progress (1): 7.7 kB
2026-05-07T12:14:33.5639812Z Progress (1): 12 kB 
2026-05-07T12:14:33.5642270Z Progress (1): 17 kB
2026-05-07T12:14:33.5642897Z Progress (1): 20 kB
2026-05-07T12:14:33.5794569Z Progress (1): 21 kB
2026-05-07T12:14:33.5795189Z                    
2026-05-07T12:14:33.5796352Z Downloaded from central: https://repo.maven.apache.org/maven2/org/codehaus/mojo/maven-metadata.xml (21 kB at 491 kB/s)
2026-05-07T12:14:33.6396753Z [INFO] 
2026-05-07T12:14:33.6417237Z [INFO] ----------------------< com.myproject:myproject >-----------------------
2026-05-07T12:14:33.6418142Z [INFO] Building myproject 1.0.0
2026-05-07T12:14:33.6418536Z [INFO]   from pom.xml
2026-05-07T12:14:33.6419050Z [INFO] --------------------------------[ jar ]---------------------------------
2026-05-07T12:14:33.6487556Z [INFO] 
2026-05-07T12:14:33.6507262Z [INFO] --- jacoco:0.8.11:report (default-cli) @ myproject ---
2026-05-07T12:14:33.8083157Z [INFO] Skipping JaCoCo execution due to missing execution data file.
2026-05-07T12:14:33.8084180Z [INFO] ------------------------------------------------------------------------
2026-05-07T12:14:33.8084661Z [INFO] BUILD SUCCESS
2026-05-07T12:14:33.8085225Z [INFO] ------------------------------------------------------------------------
2026-05-07T12:14:33.8095085Z [INFO] Total time:  1.064 s
2026-05-07T12:14:33.8097925Z [INFO] Finished at: 2026-05-07T12:14:33Z
2026-05-07T12:14:33.8098585Z [INFO] ------------------------------------------------------------------------
2026-05-07T12:14:33.8291201Z ##[group]Run actions/upload-artifact@v4
2026-05-07T12:14:33.8291481Z with:
2026-05-07T12:14:33.8291654Z   name: test-results
2026-05-07T12:14:33.8291872Z   path: code/target/surefire-reports/
2026-05-07T12:14:33.8292128Z   retention-days: 30
2026-05-07T12:14:33.8292329Z   if-no-files-found: ignore
2026-05-07T12:14:33.8292556Z   compression-level: 6
2026-05-07T12:14:33.8292763Z   overwrite: false
2026-05-07T12:14:33.8292962Z   include-hidden-files: false
2026-05-07T12:14:33.8293182Z env:
2026-05-07T12:14:33.8293462Z   JAVA_HOME: /opt/hostedtoolcache/Java_Temurin-Hotspot_jdk/21.0.10-7/x64
2026-05-07T12:14:33.8293959Z   JAVA_HOME_21_X64: /opt/hostedtoolcache/Java_Temurin-Hotspot_jdk/21.0.10-7/x64
2026-05-07T12:14:33.8294384Z ##[endgroup]
2026-05-07T12:14:34.0412169Z No files were found with the provided path: code/target/surefire-reports/. No artifacts will be uploaded.
2026-05-07T12:14:34.0577725Z ##[group]Run actions/upload-artifact@v4
2026-05-07T12:14:34.0578386Z with:
2026-05-07T12:14:34.0578779Z   name: coverage-report
2026-05-07T12:14:34.0579286Z   path: code/target/site/jacoco/
2026-05-07T12:14:34.0579811Z   retention-days: 30
2026-05-07T12:14:34.0580214Z   if-no-files-found: ignore
2026-05-07T12:14:34.0580641Z   compression-level: 6
2026-05-07T12:14:34.0580986Z   overwrite: false
2026-05-07T12:14:34.0581311Z   include-hidden-files: false
2026-05-07T12:14:34.0581670Z env:
2026-05-07T12:14:34.0582117Z   JAVA_HOME: /opt/hostedtoolcache/Java_Temurin-Hotspot_jdk/21.0.10-7/x64
2026-05-07T12:14:34.0582945Z   JAVA_HOME_21_X64: /opt/hostedtoolcache/Java_Temurin-Hotspot_jdk/21.0.10-7/x64
2026-05-07T12:14:34.0583609Z ##[endgroup]
2026-05-07T12:14:34.2752998Z No files were found with the provided path: code/target/site/jacoco/. No artifacts will be uploaded.
2026-05-07T12:14:34.2855613Z ##[group]Run echo "## Build Summary" >> $GITHUB_STEP_SUMMARY
2026-05-07T12:14:34.2856393Z [36;1mecho "## Build Summary" >> $GITHUB_STEP_SUMMARY[0m
2026-05-07T12:14:34.2856938Z [36;1mecho "- **Repository**: $GITHUB_REPOSITORY" >> $GITHUB_STEP_SUMMARY[0m
2026-05-07T12:14:34.2857526Z [36;1mecho "- **Branch**: $GITHUB_REF_NAME" >> $GITHUB_STEP_SUMMARY[0m
2026-05-07T12:14:34.2858043Z [36;1mecho "- **Source Folder**: code" >> $GITHUB_STEP_SUMMARY[0m
2026-05-07T12:14:34.2858534Z [36;1mecho "- **Build Status**: completed" >> $GITHUB_STEP_SUMMARY[0m
2026-05-07T12:14:34.2879484Z shell: /usr/bin/bash -e {0}
2026-05-07T12:14:34.2879739Z env:
2026-05-07T12:14:34.2880065Z   JAVA_HOME: /opt/hostedtoolcache/Java_Temurin-Hotspot_jdk/21.0.10-7/x64
2026-05-07T12:14:34.2880626Z   JAVA_HOME_21_X64: /opt/hostedtoolcache/Java_Temurin-Hotspot_jdk/21.0.10-7/x64
2026-05-07T12:14:34.2881056Z ##[endgroup]
2026-05-07T12:14:34.3000827Z Post job cleanup.
2026-05-07T12:14:34.4856742Z [command]/usr/bin/tar --posix -cf cache.tzst --exclude cache.tzst -P -C /home/runner/work/SCIB-INCEPTION-PHASE-DEMO/SCIB-INCEPTION-PHASE-DEMO --files-from manifest.txt --use-compress-program zstdmt
2026-05-07T12:14:35.9881473Z Sent 15597568 of 63564663 (24.5%), 14.9 MBs/sec
2026-05-07T12:14:36.9887951Z Sent 62390272 of 63564663 (98.2%), 29.7 MBs/sec
2026-05-07T12:14:37.1651317Z Sent 63564663 of 63564663 (100.0%), 27.8 MBs/sec
2026-05-07T12:14:37.4826926Z Cache saved with the key: setup-java-Linux-x64-maven-3f2fa776f0d0681c7e9bbb4e6620c6885d79267a95d5a2ed513fe844c5c17af2
2026-05-07T12:14:37.4990593Z Post job cleanup.
2026-05-07T12:14:37.5974037Z [command]/usr/bin/git version
2026-05-07T12:14:37.6010631Z git version 2.53.0
2026-05-07T12:14:37.6054547Z Temporarily overriding HOME='/home/runner/work/_temp/560fc576-d6f9-4d35-bf59-49a93b387945' before making global git config changes
2026-05-07T12:14:37.6055846Z Adding repository directory to the temporary git global config as a safe directory
2026-05-07T12:14:37.6060837Z [command]/usr/bin/git config --global --add safe.directory /home/runner/work/SCIB-INCEPTION-PHASE-DEMO/SCIB-INCEPTION-PHASE-DEMO
2026-05-07T12:14:37.6095428Z [command]/usr/bin/git config --local --name-only --get-regexp core\.sshCommand
2026-05-07T12:14:37.6127872Z [command]/usr/bin/git submodule foreach --recursive sh -c "git config --local --name-only --get-regexp 'core\.sshCommand' && git config --local --unset-all 'core.sshCommand' || :"
2026-05-07T12:14:37.6349135Z [command]/usr/bin/git config --local --name-only --get-regexp http\.https\:\/\/github\.com\/\.extraheader
2026-05-07T12:14:37.6369415Z http.https://github.com/.extraheader
2026-05-07T12:14:37.6381729Z [command]/usr/bin/git config --local --unset-all http.https://github.com/.extraheader
2026-05-07T12:14:37.6411168Z [command]/usr/bin/git submodule foreach --recursive sh -c "git config --local --name-only --get-regexp 'http\.https\:\/\/github\.com\/\.extraheader' && git config --local --unset-all 'http.https://github.com/.extraheader' || :"
2026-05-07T12:14:37.6625528Z [command]/usr/bin/git config --local --name-only --get-regexp ^includeIf\.gitdir:
2026-05-07T12:14:37.6655799Z [command]/usr/bin/git submodule foreach --recursive git config --local --show-origin --name-only --get-regexp remote.origin.url
2026-05-07T12:14:37.6968872Z Cleaning up orphan processes
2026-05-07T12:14:37.7237884Z ##[warning]Node.js 20 actions are deprecated. The following actions are running on Node.js 20 and may not work as expected: actions/checkout@v4, actions/setup-java@v4, actions/upload-artifact@v4. Actions will be forced to run with Node.js 24 by default starting June 2nd, 2026. Node.js 20 will be removed from the runner on September 16th, 2026. Please check if updated versions of these actions are available that support Node.js 24. To opt into Node.js 24 now, set the FORCE_JAVASCRIPT_ACTIONS_TO_NODE24=true environment variable on the runner or in your workflow file. Once Node.js 24 becomes the default, you can temporarily opt out by setting ACTIONS_ALLOW_USE_UNSECURE_NODE_VERSION=true. For more information see: https://github.blog/changelog/2025-09-19-deprecation-of-node-20-on-github-actions-runners/
